Component: ARM Compiler 5.05 update 1 (build 106) Tool: armlink [4d0efa]

==============================================================================

Section Cross References

    main.o(.text) refers (Special) to daddsub_clz.o(x$fpl$drsb) for __aeabi_drsub
    main.o(.text) refers to _printf_percent.o(.ARM.Collect$$_printf_percent$$00000000) for _printf_percent
    main.o(.text) refers to _printf_d.o(.ARM.Collect$$_printf_percent$$00000009) for _printf_d
    main.o(.text) refers to _printf_dec.o(.text) for _printf_int_dec
    main.o(.text) refers to _printf_pad.o(.text) for _printf_pre_padding
    main.o(.text) refers to _printf_f.o(.ARM.Collect$$_printf_percent$$00000003) for _printf_f
    main.o(.text) refers to printf1.o(x$fpl$printf1) for _printf_fp_dec
    main.o(.text) refers to delay.o(.text) for delay_init
    main.o(.text) refers to misc.o(.text) for NVIC_PriorityGroupConfig
    main.o(.text) refers to can.o(.text) for CAN_Mode_Init
    main.o(.text) refers to usart.o(.text) for uart1_init
    main.o(.text) refers to led.o(.text) for LED_Init
    main.o(.text) refers to beep.o(.text) for BEEP_Init
    main.o(.text) refers to exti.o(.text) for EXTIX_Init
    main.o(.text) refers to timer.o(.text) for TIM5_Init
    main.o(.text) refers to dma.o(.text) for MYDMA_Config
    main.o(.text) refers to lcd.o(.text) for LCD_Init
    main.o(.text) refers to steering_motor.o(.text) for steeringEnable
    main.o(.text) refers to stm32f10x_bkp.o(.text) for BKP_ReadBackupRegister
    main.o(.text) refers to noretval__2printf.o(.text) for __2printf
    main.o(.text) refers to strcpy.o(.text) for strcpy
    main.o(.text) refers to f2d.o(x$fpl$f2d) for __aeabi_f2d
    main.o(.text) refers to dleqf.o(x$fpl$dleqf) for __aeabi_cdcmple
    main.o(.text) refers to fmul.o(x$fpl$fmul) for __aeabi_fmul
    main.o(.text) refers to ffix.o(x$fpl$ffix) for __aeabi_f2iz
    main.o(.text) refers to faddsub_clz.o(x$fpl$fsub) for __aeabi_fsub
    main.o(.text) refers to rt_memcpy_w.o(.text) for __aeabi_memcpy4
    main.o(.text) refers to navigation2.o(.text) for point2point_dis
    main.o(.text) refers to ddiv.o(x$fpl$ddiv) for __aeabi_ddiv
    main.o(.text) refers to dfix.o(x$fpl$dfix) for __aeabi_d2iz
    main.o(.text) refers to dflt_clz.o(x$fpl$dflt) for __aeabi_i2d
    main.o(.text) refers to daddsub_clz.o(x$fpl$dsub) for __aeabi_dsub
    main.o(.text) refers to d2f.o(x$fpl$d2f) for __aeabi_d2f
    main.o(.text) refers to global_params.o(.bss) for g_gps_data_buf
    main.o(.text) refers to global_params.o(.data) for g_AngleSensorAdValueOffset
    main.o(.text) refers to main.o(.constdata) for .constdata
    main.o(.text) refers to lcd.o(.data) for POINT_COLOR
    main.o(.text) refers to main.o(.bss) for gps_sphere_start
    main.o(.text) refers to fflt_clz.o(x$fpl$fflt) for __aeabi_i2f
    main.o(.text) refers to daddsub_clz.o(x$fpl$dadd) for __aeabi_dadd
    main.o(.text) refers to fleqf.o(x$fpl$fleqf) for __aeabi_cfcmple
    main.o(.text) refers to dmul.o(x$fpl$dmul) for __aeabi_dmul
    main.o(.text) refers to noretval__2sprintf.o(.text) for __2sprintf
    main.o(.text) refers to deqf.o(x$fpl$deqf) for __aeabi_cdcmpeq
    main.o(.text) refers to sin.o(i.sin) for sin
    main.o(.text) refers to asin.o(i.asin) for asin
    main.o(.bss) refers (Special) to daddsub_clz.o(x$fpl$drsb) for __aeabi_drsub
    main.o(.constdata) refers (Special) to daddsub_clz.o(x$fpl$drsb) for __aeabi_drsub
    system_stm32f10x.o(.text) refers to system_stm32f10x.o(.data) for SystemCoreClock
    led.o(.text) refers to stm32f10x_rcc.o(.text) for RCC_APB2PeriphClockCmd
    led.o(.text) refers to stm32f10x_gpio.o(.text) for GPIO_Init
    key.o(.text) refers to stm32f10x_rcc.o(.text) for RCC_APB2PeriphClockCmd
    key.o(.text) refers to stm32f10x_gpio.o(.text) for GPIO_Init
    key.o(.text) refers to delay.o(.text) for delay_ms
    key.o(.text) refers to key.o(.data) for key_up
    timer.o(.text) refers to stm32f10x_rcc.o(.text) for RCC_APB1PeriphClockCmd
    timer.o(.text) refers to stm32f10x_tim.o(.text) for TIM_TimeBaseInit
    timer.o(.text) refers to misc.o(.text) for NVIC_Init
    timer.o(.text) refers to can.o(.text) for Can_Send_Msg
    timer.o(.text) refers to timer.o(.data) for count
    timer.o(.text) refers to global_params.o(.data) for g_int_lat
    adc.o(.text) refers to stm32f10x_rcc.o(.text) for RCC_APB2PeriphClockCmd
    adc.o(.text) refers to stm32f10x_gpio.o(.text) for GPIO_Init
    adc.o(.text) refers to stm32f10x_adc.o(.text) for ADC_DeInit
    adc.o(.text) refers to delay.o(.text) for delay_ms
    exti.o(.text) refers to key.o(.text) for KEY_Init
    exti.o(.text) refers to stm32f10x_rcc.o(.text) for RCC_APB2PeriphClockCmd
    exti.o(.text) refers to stm32f10x_gpio.o(.text) for GPIO_EXTILineConfig
    exti.o(.text) refers to stm32f10x_exti.o(.text) for EXTI_Init
    exti.o(.text) refers to misc.o(.text) for NVIC_Init
    exti.o(.text) refers to delay.o(.text) for delay_ms
[...]
    KEY_Init                                 0x08000dd1   Thumb Code    52  key.o(.text)
    KEY_Scan                                 0x08000e05   Thumb Code   150  key.o(.text)
    TIM5_Init                                0x08000ea9   Thumb Code    88  timer.o(.text)
    TIM5_IRQHandler                          0x08000f01   Thumb Code   274  timer.o(.text)
    EXTIX_Init                               0x0800103d   Thumb Code   174  exti.o(.text)
    EXTI0_IRQHandler                         0x080010eb   Thumb Code    46  exti.o(.text)
    EXTI3_IRQHandler                         0x08001119   Thumb Code    56  exti.o(.text)
    EXTI4_IRQHandler                         0x08001151   Thumb Code    16  exti.o(.text)
    CAN_Mode_Init                            0x0800116d   Thumb Code   240  can.o(.text)
    USB_LP_CAN1_RX0_IRQHandler               0x0800125d   Thumb Code   132  can.o(.text)
    Can_Send_Msg                             0x080012e1   Thumb Code   108  can.o(.text)
    Can_Receive_Msg                          0x0800134d   Thumb Code    56  can.o(.text)
    BEEP_Init                                0x0800138d   Thumb Code    50  beep.o(.text)
    LCD_WR_REG                               0x080013c5   Thumb Code     6  lcd.o(.text)
    LCD_WR_DATA                              0x080013cb   Thumb Code     8  lcd.o(.text)
    LCD_RD_DATA                              0x080013d3   Thumb Code    16  lcd.o(.text)
    LCD_WriteReg                             0x080013e3   Thumb Code    10  lcd.o(.text)
    LCD_ReadReg                              0x080013ed   Thumb Code    22  lcd.o(.text)
    LCD_WriteRAM_Prepare                     0x08001403   Thumb Code    10  lcd.o(.text)
    LCD_WriteRAM                             0x0800140d   Thumb Code     8  lcd.o(.text)
    LCD_BGR2RGB                              0x08001415   Thumb Code    26  lcd.o(.text)
    opt_delay                                0x0800142f   Thumb Code    14  lcd.o(.text)
    LCD_SetCursor                            0x0800143d   Thumb Code   418  lcd.o(.text)
    LCD_ReadPoint                            0x080015df   Thumb Code   360  lcd.o(.text)
    LCD_DisplayOn                            0x08001747   Thumb Code   102  lcd.o(.text)
    LCD_DisplayOff                           0x080017ad   Thumb Code    90  lcd.o(.text)
    LCD_Scan_Dir                             0x08001807   Thumb Code   744  lcd.o(.text)
    LCD_DrawPoint                            0x08001aef   Thumb Code    28  lcd.o(.text)
    LCD_Fast_DrawPoint                       0x08001b0b   Thumb Code   384  lcd.o(.text)
    LCD_SSD_BackLightSet                     0x08001c8b   Thumb Code    80  lcd.o(.text)
    LCD_Display_Dir                          0x08001cdb   Thumb Code   444  lcd.o(.text)
    LCD_Set_Window                           0x08001e97   Thumb Code   540  lcd.o(.text)
    LCD_Clear                                0x080020b3   Thumb Code   100  lcd.o(.text)
    LCD_Init                                 0x08002117   Thumb Code 14184  lcd.o(.text)
    LCD_Fill                                 0x0800587f   Thumb Code   178  lcd.o(.text)
    LCD_Color_Fill                           0x08005931   Thumb Code   106  lcd.o(.text)
    LCD_DrawLine                             0x0800599b   Thumb Code   176  lcd.o(.text)
    LCD_DrawRectangle                        0x08005a4b   Thumb Code    60  lcd.o(.text)
    LCD_Draw_Circle                          0x08005a87   Thumb Code   152  lcd.o(.text)
    LCD_ShowChar                             0x08005b1f   Thumb Code   272  lcd.o(.text)
    LCD_Pow                                  0x08005c2f   Thumb Code    22  lcd.o(.text)
    LCD_ShowNum                              0x08005c45   Thumb Code   148  lcd.o(.text)
    LCD_ShowxNum                             0x08005cd9   Thumb Code   220  lcd.o(.text)
    LCD_ShowString                           0x08005db5   Thumb Code   120  lcd.o(.text)
    MYDMA_Config                             0x08005e2d   Thumb Code   118  dma.o(.text)
    MYDMA_Enable                             0x08005ea3   Thumb Code    32  dma.o(.text)
    DMA1_Channel3_IRQHandler                 0x08005ec3   Thumb Code    22  dma.o(.text)
    delay_init                               0x08005ee1   Thumb Code    50  delay.o(.text)
    delay_us                                 0x08005f13   Thumb Code    72  delay.o(.text)
    delay_ms                                 0x08005f5b   Thumb Code    72  delay.o(.text)
    Delay                                    0x08005fa3   Thumb Code    34  delay.o(.text)
    _sys_exit                                0x08005fd5   Thumb Code     6  usart.o(.text)
    fputc                                    0x08005fdb   Thumb Code    24  usart.o(.text)
    uart1_init                               0x08005ff3   Thumb Code   152  usart.o(.text)
    uart2_init                               0x0800608b   Thumb Code   114  usart.o(.text)
    uart3_init                               0x080060fd   Thumb Code   168  usart.o(.text)
    USART3_IRQHandler                        0x080061a5   Thumb Code    40  usart.o(.text)
    Reset_Handler                            0x080061e9   Thumb Code     8  startup_stm32f10x_hd.o(.text)
    ADC1_2_IRQHandler                        0x08006203   Thumb Code     0  startup_stm32f10x_hd.o(.text)
    ADC3_IRQHandler                          0x08006203   Thumb Code     0  startup_stm32f10x_hd.o(.text)
    CAN1_RX1_IRQHandler                      0x08006203   Thumb Code     0  startup_stm32f10x_hd.o(.text)
    CAN1_SCE_IRQHandler                      0x08006203   Thumb Code     0  startup_stm32f10x_hd.o(.text)
    DMA1_Channel1_IRQHandler                 0x08006203   Thumb Code     0  startup_stm32f10x_hd.o(.text)
    DMA1_Channel2_IRQHandler                 0x08006203   Thumb Code     0  startup_stm32f10x_hd.o(.text)
    DMA1_Channel4_IRQHandler                 0x08006203   Thumb Code     0  startup_stm32f10x_hd.o(.text)
    DMA1_Channel5_IRQHandler                 0x08006203   Thumb Code     0  startup_stm32f10x_hd.o(.text)
    DMA1_Channel6_IRQHandler                 0x08006203   Thumb Code     0  startup_stm32f10x_hd.o(.text)
    DMA1_Channel7_IRQHandler                 0x08006203   Thumb Code     0  startup_stm32f10x_hd.o(.text)
    DMA2_Channel1_IRQHandler                 0x08006203   Thumb Code     0  startup_stm32f10x_hd.o(.text)
    DMA2_Channel2_IRQHandler                 0x08006203   Thumb Code     0  startup_stm32f10x_hd.o(.text)
    DMA2_Channel3_IRQHandler                 0x08006203   Thumb Code     0  startup_stm32f10x_hd.o(.text)
    DMA2_Channel4_5_IRQHandler               0x08006203   Thumb Code     0  startup_stm32f10x_hd.o(.text)
    EXTI15_10_IRQHandler                     0x08006203   Thumb Code     0  startup_stm32f10x_hd.o(.text)
    EXTI1_IRQHandler                         0x08006203   Thumb Code     0  startup_stm32f10x_hd.o(.text)
    EXTI2_IRQHandler                         0x08006203   Thumb Code     0  startup_stm32f10x_hd.o(.text)
    EXTI9_5_IRQHandler                       0x08006203   Thumb Code     0  startup_stm32f10x_hd.o(.text)
    FLASH_IRQHandler                         0x08006203   Thumb Code     0  startup_stm32f10x_hd.o(.text)
    FSMC_IRQHandler                          0x08006203   Thumb Code     0  startup_stm32f10x_hd.o(.text)
    I2C1_ER_IRQHandler                       0x08006203   Thumb Code     0  startup_stm32f10x_hd.o(.text)
    I2C1_EV_IRQHandler                       0x08006203   Thumb Code     0  startup_stm32f10x_hd.o(.text)
    I2C2_ER_IRQHandler                       0x08006203   Thumb Code     0  startup_stm32f10x_hd.o(.text)
    I2C2_EV_IRQHandler                       0x08006203   Thumb Code     0  startup_stm32f10x_hd.o(.text)
    PVD_IRQHandler                           0x08006203   Thumb Code     0  startup_stm32f10x_hd.o(.text)
    RCC_IRQHandler                           0x08006203   Thumb Code     0  startup_stm32f10x_hd.o(.text)
    RTCAlarm_IRQHandler                      0x08006203   Thumb Code     0  startup_stm32f10x_hd.o(.text)
    RTC_IRQHandler                           0x08006203   Thumb Code     0  startup_stm32f10x_hd.o(.text)
    SDIO_IRQHandler                          0x08006203   Thumb Code     0  startup_stm32f10x_hd.o(.text)
    SPI1_IRQHandler                          0x08006203   Thumb Code     0  startup_stm32f10x_hd.o(.text)
    SPI2_IRQHandler                          0x08006203   Thumb Code     0  startup_stm32f10x_hd.o(.text)
    SPI3_IRQHandler                          0x08006203   Thumb Code     0  startup_stm32f10x_hd.o(.text)
    TAMPER_IRQHandler                        0x08006203   Thumb Code     0  startup_stm32f10x_hd.o(.text)
    TIM1_BRK_IRQHandler                      0x08006203   Thumb Code     0  startup_stm32f10x_hd.o(.text)
    TIM1_CC_IRQHandler                       0x08006203   Thumb Code     0  startup_stm32f10x_hd.o(.text)
    TIM1_TRG_COM_IRQHandler                  0x08006203   Thumb Code     0  startup_stm32f10x_hd.o(.text)
    TIM1_UP_IRQHandler                       0x08006203   Thumb Code     0  startup_stm32f10x_hd.o(.text)
    TIM2_IRQHandler                          0x08006203   Thumb Code     0  startup_stm32f10x_hd.o(.text)
    TIM3_IRQHandler                          0x08006203   Thumb Code     0  startup_stm32f10x_hd.o(.text)
    TIM4_IRQHandler                          0x08006203   Thumb Code     0  startup_stm32f10x_hd.o(.text)
    TIM6_IRQHandler                          0x08006203   Thumb Code     0  startup_stm32f10x_hd.o(.text)
    TIM7_IRQHandler                          0x08006203   Thumb Code     0  startup_stm32f10x_hd.o(.text)
    TIM8_BRK_IRQHandler                      0x08006203   Thumb Code     0  startup_stm32f10x_hd.o(.text)
    TIM8_CC_IRQHandler                       0x08006203   Thumb Code     0  startup_stm32f10x_hd.o(.text)
    TIM8_TRG_COM_IRQHandler                  0x08006203   Thumb Code     0  startup_stm32f10x_hd.o(.text)
    TIM8_UP_IRQHandler                       0x08006203   Thumb Code     0  startup_stm32f10x_hd.o(.text)
    UART4_IRQHandler                         0x08006203   Thumb Code     0  startup_stm32f10x_hd.o(.text)
    UART5_IRQHandler                         0x08006203   Thumb Code     0  startup_stm32f10x_hd.o(.text)
    USART1_IRQHandler                        0x08006203   Thumb Code     0  startup_stm32f10x_hd.o(.text)
    USART2_IRQHandler                        0x08006203   Thumb Code     0  startup_stm32f10x_hd.o(.text)
    USBWakeUp_IRQHandler                     0x08006203   Thumb Code     0  startup_stm32f10x_hd.o(.text)
    USB_HP_CAN1_TX_IRQHandler                0x08006203   Thumb Code     0  startup_stm32f10x_hd.o(.text)
    WWDG_IRQHandler                          0x08006203   Thumb Code     0  startup_stm32f10x_hd.o(.text)
    __user_initial_stackheap                 0x08006205   Thumb Code     0  startup_stm32f10x_hd.o(.text)
    NVIC_PriorityGroupConfig                 0x08006229   Thumb Code    10  misc.o(.text)
    NVIC_Init                                0x08006233   Thumb Code   100  misc.o(.text)
    NVIC_SetVectorTable                      0x08006297   Thumb Code    14  misc.o(.text)
    NVIC_SystemLPConfig                      0x080062a5   Thumb Code    34  misc.o(.text)
    SysTick_CLKSourceConfig                  0x080062c7   Thumb Code    40  misc.o(.text)
    GPIO_DeInit                              0x08006305   Thumb Code   172  stm32f10x_gpio.o(.text)
    GPIO_AFIODeInit                          0x080063b1   Thumb Code    20  stm32f10x_gpio.o(.text)
    GPIO_Init                                0x080063c5   Thumb Code   278  stm32f10x_gpio.o(.text)
    GPIO_StructInit                          0x080064db   Thumb Code    16  stm32f10x_gpio.o(.text)
    GPIO_ReadInputDataBit                    0x080064eb   Thumb Code    18  stm32f10x_gpio.o(.text)
    GPIO_ReadInputData                       0x080064fd   Thumb Code     8  stm32f10x_gpio.o(.text)
    GPIO_ReadOutputDataBit                   0x08006505   Thumb Code    18  stm32f10x_gpio.o(.text)
    GPIO_ReadOutputData                      0x08006517   Thumb Code     8  stm32f10x_gpio.o(.text)
    GPIO_SetBits                             0x0800651f   Thumb Code     4  stm32f10x_gpio.o(.text)
    GPIO_ResetBits                           0x08006523   Thumb Code     4  stm32f10x_gpio.o(.text)
    GPIO_WriteBit                            0x08006527   Thumb Code    10  stm32f10x_gpio.o(.text)
    GPIO_Write                               0x08006531   Thumb Code     4  stm32f10x_gpio.o(.text)
    GPIO_PinLockConfig                       0x08006535   Thumb Code    18  stm32f10x_gpio.o(.text)
    GPIO_EventOutputConfig                   0x08006547   Thumb Code    26  stm32f10x_gpio.o(.text)
    GPIO_EventOutputCmd                      0x08006561   Thumb Code     6  stm32f10x_gpio.o(.text)
    GPIO_PinRemapConfig                      0x08006567   Thumb Code   138  stm32f10x_gpio.o(.text)
    GPIO_EXTILineConfig                      0x080065f1   Thumb Code    66  stm32f10x_gpio.o(.text)
    GPIO_ETH_MediaInterfaceConfig            0x08006633   Thumb Code     8  stm32f10x_gpio.o(.text)
    RCC_DeInit                               0x08006661   Thumb Code    64  stm32f10x_rcc.o(.text)
    RCC_HSEConfig                            0x080066a1   Thumb Code    70  stm32f10x_rcc.o(.text)
    RCC_GetFlagStatus                        0x080066e7   Thumb Code    56  stm32f10x_rcc.o(.text)
    RCC_WaitForHSEStartUp                    0x0800671f   Thumb Code    56  stm32f10x_rcc.o(.text)
    RCC_AdjustHSICalibrationValue            0x08006757   Thumb Code    20  stm32f10x_rcc.o(.text)
    RCC_HSICmd                               0x0800676b   Thumb Code     6  stm32f10x_rcc.o(.text)
    RCC_PLLConfig                            0x08006771   Thumb Code    24  stm32f10x_rcc.o(.text)
    RCC_PLLCmd                               0x08006789   Thumb Code     6  stm32f10x_rcc.o(.text)
    RCC_SYSCLKConfig                         0x0800678f   Thumb Code    18  stm32f10x_rcc.o(.text)
    RCC_GetSYSCLKSource                      0x080067a1   Thumb Code    10  stm32f10x_rcc.o(.text)
    RCC_HCLKConfig                           0x080067ab   Thumb Code    18  stm32f10x_rcc.o(.text)
    RCC_PCLK1Config                          0x080067bd   Thumb Code    18  stm32f10x_rcc.o(.text)
    RCC_PCLK2Config                          0x080067cf   Thumb Code    20  stm32f10x_rcc.o(.text)
    RCC_ITConfig                             0x080067e3   Thumb Code    26  stm32f10x_rcc.o(.text)
    RCC_USBCLKConfig                         0x080067fd   Thumb Code     8  stm32f10x_rcc.o(.text)
    RCC_ADCCLKConfig                         0x08006805   Thumb Code    18  stm32f10x_rcc.o(.text)
    RCC_LSEConfig                            0x08006817   Thumb Code    50  stm32f10x_rcc.o(.text)
    RCC_LSICmd                               0x08006849   Thumb Code     6  stm32f10x_rcc.o(.text)
    RCC_RTCCLKConfig                         0x0800684f   Thumb Code    12  stm32f10x_rcc.o(.text)
    RCC_RTCCLKCmd                            0x0800685b   Thumb Code     8  stm32f10x_rcc.o(.text)
    RCC_GetClocksFreq                        0x08006863   Thumb Code   192  stm32f10x_rcc.o(.text)
    RCC_AHBPeriphClockCmd                    0x08006923   Thumb Code    26  stm32f10x_rcc.o(.text)
    RCC_APB2PeriphClockCmd                   0x0800693d   Thumb Code    26  stm32f10x_rcc.o(.text)
    RCC_APB1PeriphClockCmd                   0x08006957   Thumb Code    26  stm32f10x_rcc.o(.text)
    RCC_APB2PeriphResetCmd                   0x08006971   Thumb Code    26  stm32f10x_rcc.o(.text)
    RCC_APB1PeriphResetCmd                   0x0800698b   Thumb Code    26  stm32f10x_rcc.o(.text)
    RCC_BackupResetCmd                       0x080069a5   Thumb Code     8  stm32f10x_rcc.o(.text)
    RCC_ClockSecuritySystemCmd               0x080069ad   Thumb Code     6  stm32f10x_rcc.o(.text)
    RCC_MCOConfig                            0x080069b3   Thumb Code     6  stm32f10x_rcc.o(.text)
    RCC_ClearFlag                            0x080069b9   Thumb Code    14  stm32f10x_rcc.o(.text)
    RCC_GetITStatus                          0x080069c7   Thumb Code    20  stm32f10x_rcc.o(.text)
    RCC_ClearITPendingBit                    0x080069db   Thumb Code     6  stm32f10x_rcc.o(.text)
    TIM_DeInit                               0x08006a05   Thumb Code   424  stm32f10x_tim.o(.text)
    TIM_TimeBaseInit                         0x08006bad   Thumb Code   122  stm32f10x_tim.o(.text)
    TIM_OC1Init                              0x08006c27   Thumb Code   132  stm32f10x_tim.o(.text)
    TIM_OC2Init                              0x08006cab   Thumb Code   154  stm32f10x_tim.o(.text)
    TIM_OC3Init                              0x08006d45   Thumb Code   150  stm32f10x_tim.o(.text)
    TIM_OC4Init                              0x08006ddb   Thumb Code   182  stm32f10x_tim.o(.text)
    TIM_SetIC4Prescaler                      0x08006e91   Thumb Code    26  stm32f10x_tim.o(.text)
    TIM_SetIC3Prescaler                      0x08006f2d   Thumb Code    18  stm32f10x_tim.o(.text)
    TIM_SetIC2Prescaler                      0x08006fb9   Thumb Code    26  stm32f10x_tim.o(.text)
    TIM_SetIC1Prescaler                      0x08007055   Thumb Code    18  stm32f10x_tim.o(.text)
    TIM_ICInit                               0x080070d3   Thumb Code   150  stm32f10x_tim.o(.text)
    TIM_PWMIConfig                           0x08007169   Thumb Code   124  stm32f10x_tim.o(.text)
    TIM_BDTRConfig                           0x080071e5   Thumb Code    32  stm32f10x_tim.o(.text)
    TIM_TimeBaseStructInit                   0x08007205   Thumb Code    18  stm32f10x_tim.o(.text)
    TIM_OCStructInit                         0x08007217   Thumb Code    20  stm32f10x_tim.o(.text)
    TIM_ICStructInit                         0x0800722b   Thumb Code    18  stm32f10x_tim.o(.text)
    TIM_BDTRStructInit                       0x0800723d   Thumb Code    40  stm32f10x_tim.o(.text)
    TIM_Cmd                                  0x08007265   Thumb Code    24  stm32f10x_tim.o(.text)
    TIM_CtrlPWMOutputs                       0x0800727d   Thumb Code    30  stm32f10x_tim.o(.text)
    TIM_ITConfig                             0x0800729b   Thumb Code    18  stm32f10x_tim.o(.text)
    TIM_GenerateEvent                        0x080072ad   Thumb Code     4  stm32f10x_tim.o(.text)
    TIM_DMAConfig                            0x080072b1   Thumb Code    10  stm32f10x_tim.o(.text)
    TIM_DMACmd                               0x080072bb   Thumb Code    18  stm32f10x_tim.o(.text)
    TIM_InternalClockConfig                  0x080072cd   Thumb Code    12  stm32f10x_tim.o(.text)
    TIM_SelectInputTrigger                   0x080072d9   Thumb Code    18  stm32f10x_tim.o(.text)
    TIM_ITRxExternalClockConfig              0x080072eb   Thumb Code    24  stm32f10x_tim.o(.text)
    TIM_TIxExternalClockConfig               0x08007303   Thumb Code    62  stm32f10x_tim.o(.text)
    TIM_ETRConfig                            0x08007341   Thumb Code    28  stm32f10x_tim.o(.text)
    TIM_ETRClockMode1Config                  0x0800735d   Thumb Code    54  stm32f10x_tim.o(.text)
    TIM_ETRClockMode2Config                  0x08007393   Thumb Code    32  stm32f10x_tim.o(.text)
    TIM_PrescalerConfig                      0x080073b3   Thumb Code     6  stm32f10x_tim.o(.text)
    TIM_CounterModeConfig                    0x080073b9   Thumb Code    18  stm32f10x_tim.o(.text)
    TIM_EncoderInterfaceConfig               0x080073cb   Thumb Code    66  stm32f10x_tim.o(.text)
    TIM_ForcedOC1Config                      0x0800740d   Thumb Code    18  stm32f10x_tim.o(.text)
    TIM_ForcedOC2Config                      0x0800741f   Thumb Code    26  stm32f10x_tim.o(.text)
    TIM_ForcedOC3Config                      0x08007439   Thumb Code    18  stm32f10x_tim.o(.text)
    TIM_ForcedOC4Config                      0x0800744b   Thumb Code    26  stm32f10x_tim.o(.text)
    TIM_ARRPreloadConfig                     0x08007465   Thumb Code    24  stm32f10x_tim.o(.text)
    TIM_SelectCOM                            0x0800747d   Thumb Code    24  stm32f10x_tim.o(.text)
    TIM_SelectCCDMA                          0x08007495   Thumb Code    24  stm32f10x_tim.o(.text)
    TIM_CCPreloadControl                     0x080074ad   Thumb Code    24  stm32f10x_tim.o(.text)
    TIM_OC1PreloadConfig                     0x080074c5   Thumb Code    18  stm32f10x_tim.o(.text)
    TIM_OC2PreloadConfig                     0x080074d7   Thumb Code    26  stm32f10x_tim.o(.text)
    TIM_OC3PreloadConfig                     0x080074f1   Thumb Code    18  stm32f10x_tim.o(.text)
    TIM_OC4PreloadConfig                     0x08007503   Thumb Code    26  stm32f10x_tim.o(.text)
    TIM_OC1FastConfig                        0x0800751d   Thumb Code    18  stm32f10x_tim.o(.text)
    TIM_OC2FastConfig                        0x0800752f   Thumb Code    26  stm32f10x_tim.o(.text)
    TIM_OC3FastConfig                        0x08007549   Thumb Code    18  stm32f10x_tim.o(.text)
    TIM_OC4FastConfig                        0x0800755b   Thumb Code    26  stm32f10x_tim.o(.text)
    TIM_ClearOC1Ref                          0x08007575   Thumb Code    18  stm32f10x_tim.o(.text)
    TIM_ClearOC2Ref                          0x08007587   Thumb Code    24  stm32f10x_tim.o(.text)
    TIM_ClearOC3Ref                          0x0800759f   Thumb Code    18  stm32f10x_tim.o(.text)
    TIM_ClearOC4Ref                          0x080075b1   Thumb Code    24  stm32f10x_tim.o(.text)
    TIM_OC1PolarityConfig                    0x080075c9   Thumb Code    18  stm32f10x_tim.o(.text)
    TIM_OC1NPolarityConfig                   0x080075db   Thumb Code    18  stm32f10x_tim.o(.text)
    TIM_OC2PolarityConfig                    0x080075ed   Thumb Code    26  stm32f10x_tim.o(.text)
    TIM_OC2NPolarityConfig                   0x08007607   Thumb Code    26  stm32f10x_tim.o(.text)
    TIM_OC3PolarityConfig                    0x08007621   Thumb Code    26  stm32f10x_tim.o(.text)
    TIM_OC3NPolarityConfig                   0x0800763b   Thumb Code    26  stm32f10x_tim.o(.text)
    TIM_OC4PolarityConfig                    0x08007655   Thumb Code    26  stm32f10x_tim.o(.text)
    TIM_CCxCmd                               0x0800766f   Thumb Code    30  stm32f10x_tim.o(.text)
    TIM_CCxNCmd                              0x0800768d   Thumb Code    30  stm32f10x_tim.o(.text)
    TIM_SelectOCxM                           0x080076ab   Thumb Code    82  stm32f10x_tim.o(.text)
    TIM_UpdateDisableConfig                  0x080076fd   Thumb Code    24  stm32f10x_tim.o(.text)
    TIM_UpdateRequestConfig                  0x08007715   Thumb Code    24  stm32f10x_tim.o(.text)
    TIM_SelectHallSensor                     0x0800772d   Thumb Code    24  stm32f10x_tim.o(.text)
    TIM_SelectOnePulseMode                   0x08007745   Thumb Code    18  stm32f10x_tim.o(.text)
    TIM_SelectOutputTrigger                  0x08007757   Thumb Code    18  stm32f10x_tim.o(.text)
    TIM_SelectSlaveMode                      0x08007769   Thumb Code    18  stm32f10x_tim.o(.text)
    TIM_SelectMasterSlaveMode                0x0800777b   Thumb Code    18  stm32f10x_tim.o(.text)
    TIM_SetCounter                           0x0800778d   Thumb Code     4  stm32f10x_tim.o(.text)
    TIM_SetAutoreload                        0x08007791   Thumb Code     4  stm32f10x_tim.o(.text)
    TIM_SetCompare1                          0x08007795   Thumb Code     4  stm32f10x_tim.o(.text)
    TIM_SetCompare2                          0x08007799   Thumb Code     4  stm32f10x_tim.o(.text)
    TIM_SetCompare3                          0x0800779d   Thumb Code     4  stm32f10x_tim.o(.text)
    TIM_SetCompare4                          0x080077a1   Thumb Code     6  stm32f10x_tim.o(.text)
    TIM_SetClockDivision                     0x080077a7   Thumb Code    18  stm32f10x_tim.o(.text)
    TIM_GetCapture1                          0x080077b9   Thumb Code     6  stm32f10x_tim.o(.text)
    TIM_GetCapture2                          0x080077bf   Thumb Code     6  stm32f10x_tim.o(.text)
    TIM_GetCapture3                          0x080077c5   Thumb Code     6  stm32f10x_tim.o(.text)
    TIM_GetCapture4                          0x080077cb   Thumb Code     8  stm32f10x_tim.o(.text)
    TIM_GetCounter                           0x080077d3   Thumb Code     6  stm32f10x_tim.o(.text)
    TIM_GetPrescaler                         0x080077d9   Thumb Code     6  stm32f10x_tim.o(.text)
    TIM_GetFlagStatus                        0x080077df   Thumb Code    18  stm32f10x_tim.o(.text)
    TIM_ClearFlag                            0x080077f1   Thumb Code     6  stm32f10x_tim.o(.text)
    TIM_GetITStatus                          0x080077f7   Thumb Code    34  stm32f10x_tim.o(.text)
    TIM_ClearITPendingBit                    0x08007819   Thumb Code     6  stm32f10x_tim.o(.text)
    USART_DeInit                             0x08007821   Thumb Code   134  stm32f10x_usart.o(.text)
    USART_Init                               0x080078a7   Thumb Code   210  stm32f10x_usart.o(.text)
    USART_StructInit                         0x08007979   Thumb Code    24  stm32f10x_usart.o(.text)
    USART_ClockInit                          0x08007991   Thumb Code    34  stm32f10x_usart.o(.text)
    USART_ClockStructInit                    0x080079b3   Thumb Code    12  stm32f10x_usart.o(.text)
    USART_Cmd                                0x080079bf   Thumb Code    24  stm32f10x_usart.o(.text)
    USART_ITConfig                           0x080079d7   Thumb Code    74  stm32f10x_usart.o(.text)
    USART_DMACmd                             0x08007a21   Thumb Code    18  stm32f10x_usart.o(.text)
    USART_SetAddress                         0x08007a33   Thumb Code    18  stm32f10x_usart.o(.text)
    USART_WakeUpConfig                       0x08007a45   Thumb Code    18  stm32f10x_usart.o(.text)
    USART_ReceiverWakeUpCmd                  0x08007a57   Thumb Code    24  stm32f10x_usart.o(.text)
    USART_LINBreakDetectLengthConfig         0x08007a6f   Thumb Code    18  stm32f10x_usart.o(.text)
    USART_LINCmd                             0x08007a81   Thumb Code    24  stm32f10x_usart.o(.text)
    USART_SendData                           0x08007a99   Thumb Code     8  stm32f10x_usart.o(.text)
    USART_ReceiveData                        0x08007aa1   Thumb Code    10  stm32f10x_usart.o(.text)
    USART_SendBreak                          0x08007aab   Thumb Code    10  stm32f10x_usart.o(.text)
    USART_SetGuardTime                       0x08007ab5   Thumb Code    16  stm32f10x_usart.o(.text)
    USART_SetPrescaler                       0x08007ac5   Thumb Code    16  stm32f10x_usart.o(.text)
    USART_SmartCardCmd                       0x08007ad5   Thumb Code    24  stm32f10x_usart.o(.text)
    USART_SmartCardNACKCmd                   0x08007aed   Thumb Code    24  stm32f10x_usart.o(.text)
    USART_HalfDuplexCmd                      0x08007b05   Thumb Code    24  stm32f10x_usart.o(.text)
    USART_OverSampling8Cmd                   0x08007b1d   Thumb Code    22  stm32f10x_usart.o(.text)
    USART_OneBitMethodCmd                    0x08007b33   Thumb Code    24  stm32f10x_usart.o(.text)
    USART_IrDAConfig                         0x08007b4b   Thumb Code    18  stm32f10x_usart.o(.text)
    USART_IrDACmd                            0x08007b5d   Thumb Code    24  stm32f10x_usart.o(.text)
    USART_GetFlagStatus                      0x08007b75   Thumb Code    26  stm32f10x_usart.o(.text)
    USART_ClearFlag                          0x08007b8f   Thumb Code    18  stm32f10x_usart.o(.text)
    USART_GetITStatus                        0x08007ba1   Thumb Code    84  stm32f10x_usart.o(.text)
    USART_ClearITPendingBit                  0x08007bf5   Thumb Code    52  stm32f10x_usart.o(.text)
    EXTI_DeInit                              0x08007c29   Thumb Code    28  stm32f10x_exti.o(.text)
    EXTI_Init                                0x08007c45   Thumb Code   142  stm32f10x_exti.o(.text)
    EXTI_StructInit                          0x08007cd3   Thumb Code    16  stm32f10x_exti.o(.text)
    EXTI_GenerateSWInterrupt                 0x08007ce3   Thumb Code    16  stm32f10x_exti.o(.text)
    EXTI_GetFlagStatus                       0x08007cf3   Thumb Code    22  stm32f10x_exti.o(.text)
    EXTI_ClearFlag                           0x08007d09   Thumb Code     8  stm32f10x_exti.o(.text)
    EXTI_GetITStatus                         0x08007d11   Thumb Code    34  stm32f10x_exti.o(.text)
    EXTI_ClearITPendingBit                   0x08007d33   Thumb Code     8  stm32f10x_exti.o(.text)
    CAN_DeInit                               0x08007d45   Thumb Code    50  stm32f10x_can.o(.text)
    CAN_Init                                 0x08007d77   Thumb Code   276  stm32f10x_can.o(.text)
    CAN_FilterInit                           0x08007e8b   Thumb Code   258  stm32f10x_can.o(.text)
    CAN_StructInit                           0x08007f8d   Thumb Code    32  stm32f10x_can.o(.text)
    CAN_SlaveStartBank                       0x08007fad   Thumb Code    48  stm32f10x_can.o(.text)
    CAN_DBGFreeze                            0x08007fdd   Thumb Code    22  stm32f10x_can.o(.text)
    CAN_TTComModeCmd                         0x08007ff3   Thumb Code   118  stm32f10x_can.o(.text)
    CAN_Transmit                             0x08008069   Thumb Code   304  stm32f10x_can.o(.text)
    CAN_TransmitStatus                       0x08008199   Thumb Code   138  stm32f10x_can.o(.text)
    CAN_CancelTransmit                       0x08008223   Thumb Code    48  stm32f10x_can.o(.text)
    CAN_Receive                              0x08008253   Thumb Code   240  stm32f10x_can.o(.text)
    CAN_FIFORelease                          0x08008343   Thumb Code    22  stm32f10x_can.o(.text)
    CAN_MessagePending                       0x08008359   Thumb Code    30  stm32f10x_can.o(.text)
    CAN_OperatingModeRequest                 0x08008377   Thumb Code   162  stm32f10x_can.o(.text)
    CAN_Sleep                                0x08008419   Thumb Code    30  stm32f10x_can.o(.text)
    CAN_WakeUp                               0x08008437   Thumb Code    48  stm32f10x_can.o(.text)
    CAN_GetLastErrorCode                     0x08008467   Thumb Code    12  stm32f10x_can.o(.text)
    CAN_GetReceiveErrorCounter               0x08008473   Thumb Code    10  stm32f10x_can.o(.text)
    CAN_GetLSBTransmitErrorCounter           0x0800847d   Thumb Code    12  stm32f10x_can.o(.text)
    CAN_ITConfig                             0x08008489   Thumb Code    18  stm32f10x_can.o(.text)
    CAN_GetFlagStatus                        0x0800849b   Thumb Code   120  stm32f10x_can.o(.text)
    CAN_ClearFlag                            0x08008513   Thumb Code    52  stm32f10x_can.o(.text)
    CAN_GetITStatus                          0x08008559   Thumb Code   310  stm32f10x_can.o(.text)
    CAN_ClearITPendingBit                    0x0800868f   Thumb Code   162  stm32f10x_can.o(.text)
    FSMC_NORSRAMDeInit                       0x08008735   Thumb Code    54  stm32f10x_fsmc.o(.text)
    FSMC_NANDDeInit                          0x0800876b   Thumb Code    62  stm32f10x_fsmc.o(.text)
    FSMC_PCCARDDeInit                        0x080087a9   Thumb Code    36  stm32f10x_fsmc.o(.text)
    FSMC_NORSRAMInit                         0x080087cd   Thumb Code   230  stm32f10x_fsmc.o(.text)
    FSMC_NANDInit                            0x080088b3   Thumb Code   132  stm32f10x_fsmc.o(.text)
    FSMC_PCCARDInit                          0x08008937   Thumb Code   130  stm32f10x_fsmc.o(.text)
    FSMC_NORSRAMStructInit                   0x080089b9   Thumb Code   114  stm32f10x_fsmc.o(.text)
    FSMC_NANDStructInit                      0x08008a2b   Thumb Code    54  stm32f10x_fsmc.o(.text)
    FSMC_PCCARDStructInit                    0x08008a61   Thumb Code    60  stm32f10x_fsmc.o(.text)
    FSMC_NORSRAMCmd                          0x08008a9d   Thumb Code    46  stm32f10x_fsmc.o(.text)
    FSMC_NANDCmd                             0x08008acb   Thumb Code    86  stm32f10x_fsmc.o(.text)
    FSMC_PCCARDCmd                           0x08008b21   Thumb Code    44  stm32f10x_fsmc.o(.text)
    FSMC_NANDECCCmd                          0x08008b4d   Thumb Code    90  stm32f10x_fsmc.o(.text)
    FSMC_GetECC                              0x08008ba7   Thumb Code    24  stm32f10x_fsmc.o(.text)
    FSMC_ITConfig                            0x08008bbf   Thumb Code   128  stm32f10x_fsmc.o(.text)
    FSMC_GetFlagStatus                       0x08008c3f   Thumb Code    54  stm32f10x_fsmc.o(.text)
    FSMC_ClearFlag                           0x08008c75   Thumb Code    62  stm32f10x_fsmc.o(.text)
    FSMC_GetITStatus                         0x08008cb3   Thumb Code    64  stm32f10x_fsmc.o(.text)
    FSMC_ClearITPendingBit                   0x08008cf3   Thumb Code    68  stm32f10x_fsmc.o(.text)
    DMA_DeInit                               0x08008d41   Thumb Code   324  stm32f10x_dma.o(.text)
    DMA_Init                                 0x08008e85   Thumb Code    60  stm32f10x_dma.o(.text)
    DMA_StructInit                           0x08008ec1   Thumb Code    26  stm32f10x_dma.o(.text)
    DMA_Cmd                                  0x08008edb   Thumb Code    24  stm32f10x_dma.o(.text)
    DMA_ITConfig                             0x08008ef3   Thumb Code    18  stm32f10x_dma.o(.text)
    DMA_SetCurrDataCounter                   0x08008f05   Thumb Code     4  stm32f10x_dma.o(.text)
    DMA_GetCurrDataCounter                   0x08008f09   Thumb Code     8  stm32f10x_dma.o(.text)
    DMA_GetFlagStatus                        0x08008f11   Thumb Code    40  stm32f10x_dma.o(.text)
    DMA_ClearFlag                            0x08008f39   Thumb Code    22  stm32f10x_dma.o(.text)
    DMA_GetITStatus                          0x08008f4f   Thumb Code    40  stm32f10x_dma.o(.text)
    DMA_ClearITPendingBit                    0x08008f77   Thumb Code    22  stm32f10x_dma.o(.text)
    BKP_DeInit                               0x08008f95   Thumb Code    16  stm32f10x_bkp.o(.text)
    BKP_TamperPinLevelConfig                 0x08008fa5   Thumb Code     6  stm32f10x_bkp.o(.text)
    BKP_TamperPinCmd                         0x08008fab   Thumb Code     8  stm32f10x_bkp.o(.text)
    BKP_ITConfig                             0x08008fb3   Thumb Code     8  stm32f10x_bkp.o(.text)
    BKP_RTCOutputConfig                      0x08008fbb   Thumb Code    22  stm32f10x_bkp.o(.text)
    BKP_SetRTCCalibrationValue               0x08008fd1   Thumb Code    22  stm32f10x_bkp.o(.text)
    BKP_WriteBackupRegister                  0x08008fe7   Thumb Code    24  stm32f10x_bkp.o(.text)
    BKP_ReadBackupRegister                   0x08008fff   Thumb Code    26  stm32f10x_bkp.o(.text)
    BKP_GetFlagStatus                        0x08009019   Thumb Code    10  stm32f10x_bkp.o(.text)
    BKP_ClearFlag                            0x08009023   Thumb Code    18  stm32f10x_bkp.o(.text)
    BKP_GetITStatus                          0x08009035   Thumb Code    10  stm32f10x_bkp.o(.text)
    BKP_ClearITPendingBit                    0x0800903f   Thumb Code    18  stm32f10x_bkp.o(.text)
    gps_check                                0x08009059   Thumb Code    96  navigation2.o(.text)
    point2point_dis                          0x080090b9   Thumb Code   208  navigation2.o(.text)
    relative_XY_dis_yaw                      0x08009189   Thumb Code   272  navigation2.o(.text)
    LateralError                             0x08009299   Thumb Code    66  navigation2.o(.text)
    get_t_yaw                                0x080092db   Thumb Code    52  navigation2.o(.text)
    sendControlCmd                           0x08009331   Thumb Code    40  steering_motor.o(.text)
    generateModBusCRC_byTable                0x08009359   Thumb Code    42  steering_motor.o(.text)
    setSteeringSpeed                         0x08009383   Thumb Code    42  steering_motor.o(.text)
    setSteeringRotate                        0x080093ad   Thumb Code    92  steering_motor.o(.text)
    getAdcValue                              0x08009409   Thumb Code     6  steering_motor.o(.text)
    getCurrentRoadWheelAngle                 0x0800940f   Thumb Code    52  steering_motor.o(.text)
    getErrorMsg                              0x08009443   Thumb Code   110  steering_motor.o(.text)
    steeringEnable                           0x080094b1   Thumb Code    20  steering_motor.o(.text)
    steer_control                            0x080094c5   Thumb Code    34  steering_motor.o(.text)
    clearBKP                                 0x08009525   Thumb Code    40  function.o(.text)
    startDriverless                          0x0800954d   Thumb Code    56  function.o(.text)
    pauseDriverless                          0x08009585   Thumb Code    38  function.o(.text)
    recordTargetPoint                        0x080095ab   Thumb Code   454  function.o(.text)
    steeringVerify                           0x08009771   Thumb Code    36  function.o(.text)
    angleSensorVerify                        0x08009795   Thumb Code    70  function.o(.text)
    steeringDebug                            0x080097db   Thumb Code    72  function.o(.text)
    GetComma                                 0x08009889   Thumb Code    52  beidou_gps.o(.text)
    gpsParseBeiDou                           0x080098bd   Thumb Code   704  beidou_gps.o(.text)
    __use_no_semihosting                     0x08009bc5   Thumb Code     2  use_no_semi_2.o(.text)
    __2printf                                0x08009bc9   Thumb Code    20  noretval__2printf.o(.text)
    __2sprintf                               0x08009be1   Thumb Code    34  noretval__2sprintf.o(.text)
    _printf_pre_padding                      0x08009c09   Thumb Code    44  _printf_pad.o(.text)
    _printf_post_padding                     0x08009c35   Thumb Code    34  _printf_pad.o(.text)
    _printf_int_dec                          0x08009c59   Thumb Code   104  _printf_dec.o(.text)
    _printf_int_hex                          0x08009cd1   Thumb Code    84  _printf_hex_int.o(.text)
    _printf_longlong_hex                     0x08009cd1   Thumb Code     0  _printf_hex_int.o(.text)
    __printf                                 0x08009d29   Thumb Code   308  __printf_flags_wp.o(.text)
    strstr                                   0x08009e61   Thumb Code    36  strstr.o(.text)
    strcpy                                   0x08009e85   Thumb Code    72  strcpy.o(.text)
    strlen                                   0x08009ecd   Thumb Code    62  strlen.o(.text)
    __aeabi_memcpy4                          0x08009f0b   Thumb Code     0  rt_memcpy_w.o(.text)
    __aeabi_memcpy8                          0x08009f0b   Thumb Code     0  rt_memcpy_w.o(.text)
    __rt_memcpy_w                            0x08009f0b   Thumb Code   100  rt_memcpy_w.o(.text)
    _memcpy_lastbytes_aligned                0x08009f53   Thumb Code     0  rt_memcpy_w.o(.text)
    strncpy                                  0x08009f6f   Thumb Code    86  strncpy.o(.text)
    __use_two_region_memory                  0x08009fc5   Thumb Code     2  heapauxi.o(.text)
    __rt_heap_escrow$2region                 0x08009fc7   Thumb Code     2  heapauxi.o(.text)
    __rt_heap_expand$2region                 0x08009fc9   Thumb Code     2  heapauxi.o(.text)
    __I$use$semihosting                      0x08009fcb   Thumb Code     0  use_no_semi.o(.text)
    __use_no_semihosting_swi                 0x08009fcb   Thumb Code     2  use_no_semi.o(.text)
    __read_errno                             0x08009fcd   Thumb Code    10  _rserrno.o(.text)
    __set_errno                              0x08009fd7   Thumb Code    12  _rserrno.o(.text)
    _printf_int_common                       0x08009fe3   Thumb Code   178  _printf_intcommon.o(.text)
    __lib_sel_fp_printf                      0x0800a095   Thumb Code     2  _printf_fp_dec.o(.text)
    _printf_fp_dec_real                      0x0800a243   Thumb Code   620  _printf_fp_dec.o(.text)
    _printf_char_common                      0x0800a4bb   Thumb Code    32  _printf_char_common.o(.text)
    _sputc                                   0x0800a4e1   Thumb Code    10  _sputc.o(.text)
    _printf_char_file                        0x0800a4ed   Thumb Code    32  _printf_char_file.o(.text)
    __strtod_int                             0x0800a54d   Thumb Code    88  strtod.o(.text)
    __aeabi_memclr                           0x0800a5b1   Thumb Code     0  rt_memclr.o(.text)
    __rt_memclr                              0x0800a5b1   Thumb Code    68  rt_memclr.o(.text)
    _memset                                  0x0800a5b5   Thumb Code     0  rt_memclr.o(.text)
    __rt_locale                              0x0800a5f5   Thumb Code     8  rt_locale_intlibspace.o(.text)
    __aeabi_errno_addr                       0x0800a5fd   Thumb Code     8  rt_errno_addr_intlibspace.o(.text)
    __errno$intlibspace                      0x0800a5fd   Thumb Code     0  rt_errno_addr_intlibspace.o(.text)
    __rt_errno_addr$intlibspace              0x0800a5fd   Thumb Code     0  rt_errno_addr_intlibspace.o(.text)
    _ll_udiv10                               0x0800a605   Thumb Code   138  lludiv10.o(.text)
    isspace                                  0x0800a68f   Thumb Code    18  isspace.o(.text)
    _printf_fp_infnan                        0x0800a6a1   Thumb Code   112  _printf_fp_infnan.o(.text)
    _sgetc                                   0x0800a721   Thumb Code    30  _sgetc.o(.text)
    _sbackspace                              0x0800a73f   Thumb Code    34  _sgetc.o(.text)
    _btod_etento                             0x0800a761   Thumb Code   216  bigflt0.o(.text)
    ferror                                   0x0800a83d   Thumb Code     8  ferror.o(.text)
    __aeabi_memclr4                          0x0800a845   Thumb Code     0  rt_memclr_w.o(.text)
    __aeabi_memclr8                          0x0800a845   Thumb Code     0  rt_memclr_w.o(.text)
    __rt_memclr_w                            0x0800a845   Thumb Code    78  rt_memclr_w.o(.text)
    _memset_w                                0x0800a849   Thumb Code     0  rt_memclr_w.o(.text)
    __user_libspace                          0x0800a895   Thumb Code     8  libspace.o(.text)
    __user_perproc_libspace                  0x0800a895   Thumb Code     0  libspace.o(.text)
    __user_perthread_libspace                0x0800a895   Thumb Code     0  libspace.o(.text)
    __user_setup_stackheap                   0x0800a89d   Thumb Code    74  sys_stackheap_outer.o(.text)
    __rt_ctype_table                         0x0800a8e9   Thumb Code    16  rt_ctype_table.o(.text)
    _scanf_really_real                       0x0800aaf5   Thumb Code   668  scanf_fp.o(.text)
    exit                                     0x0800ad9d   Thumb Code    12  exit.o(.text)
    strcmp                                   0x0800ada9   Thumb Code   128  strcmpv7m.o(.text)
    _scanf_really_hex_real                   0x0800ae29   Thumb Code   778  scanf_hexfp.o(.text)
    _scanf_really_infnan                     0x0800b141   Thumb Code   292  scanf_infnan.o(.text)
    __aeabi_llsl                             0x0800b275   Thumb Code     0  llshl.o(.text)
    _ll_shift_l                              0x0800b275   Thumb Code    38  llshl.o(.text)
    _chval                                   0x0800b29b   Thumb Code    28  _chval.o(.text)
    _btod_d2e                                0x0800b2b7   Thumb Code    62  btod.o(CL$$btod_d2e)
    _d2e_denorm_low                          0x0800b2f5   Thumb Code    70  btod.o(CL$$btod_d2e_denorm_low)
    _d2e_norm_op1                            0x0800b33b   Thumb Code    96  btod.o(CL$$btod_d2e_norm_op1)
    __btod_div_common                        0x0800b39b   Thumb Code   696  btod.o(CL$$btod_div_common)
    _e2d                                     0x0800b6d5   Thumb Code    80  btod.o(CL$$btod_e2d)
    _e2e                                     0x0800b729   Thumb Code   198  btod.o(CL$$btod_e2e)
    _btod_ediv                               0x0800b7ef   Thumb Code    40  btod.o(CL$$btod_ediv)
    _btod_edivd                              0x0800b817   Thumb Code    40  btod.o(CL$$btod_edivd)
    _btod_emul                               0x0800b83f   Thumb Code    40  btod.o(CL$$btod_emul)
    _btod_emuld                              0x0800b867   Thumb Code    40  btod.o(CL$$btod_emuld)
    __btod_mult_common                       0x0800b88f   Thumb Code   580  btod.o(CL$$btod_mult_common)
    __ARM_fpclassify                         0x0800bad3   Thumb Code    40  fpclassify.o(i.__ARM_fpclassify)
    __ieee754_rem_pio2                       0x0800bafd   Thumb Code   828  rred.o(i.__ieee754_rem_pio2)
    __kernel_cos                             0x0800be85   Thumb Code   230  cos_i.o(i.__kernel_cos)
    __kernel_poly                            0x0800bf81   Thumb Code   170  poly.o(i.__kernel_poly)
    __kernel_sin                             0x0800c02d   Thumb Code   224  sin_i.o(i.__kernel_sin)
    __mathlib_dbl_infnan                     0x0800c119   Thumb Code     6  dunder.o(i.__mathlib_dbl_infnan)
    __mathlib_dbl_infnan2                    0x0800c11f   Thumb Code     4  dunder.o(i.__mathlib_dbl_infnan2)
    __mathlib_dbl_invalid                    0x0800c123   Thumb Code    12  dunder.o(i.__mathlib_dbl_invalid)
    __mathlib_dbl_overflow                   0x0800c12f   Thumb Code    14  dunder.o(i.__mathlib_dbl_overflow)
    __mathlib_dbl_underflow                  0x0800c13d   Thumb Code    10  dunder.o(i.__mathlib_dbl_underflow)
    __mathlib_narrow                         0x0800c14d   Thumb Code    16  narrow.o(i.__mathlib_narrow)
    __mathlib_tofloat                        0x0800c15d   Thumb Code   132  narrow.o(i.__mathlib_tofloat)
    __support_ldexp                          0x0800c1e5   Thumb Code    22  ldexp.o(i.__support_ldexp)
    _is_digit                                0x0800c1fb   Thumb Code    14  __printf_wp.o(i._is_digit)
    asin                                     0x0800c209   Thumb Code   572  asin.o(i.asin)
    atan                                     0x0800c479   Thumb Code   474  atan.o(i.atan)
    atan2                                    0x0800c699   Thumb Code   346  atan2.o(i.atan2)
    atof                                     0x0800c819   Thumb Code    42  atof.o(i.atof)
    cos                                      0x0800c845   Thumb Code   148  cos.o(i.cos)
    frexp                                    0x0800c8e1   Thumb Code    80  frexp.o(i.frexp)
    ldexp                                    0x0800c939   Thumb Code   116  ldexp.o(i.ldexp)
    sin                                      0x0800c9ad   Thumb Code   150  sin.o(i.sin)
    sqrt                                     0x0800ca4d   Thumb Code    76  sqrt.o(i.sqrt)
    _get_lc_numeric                          0x0800ca99   Thumb Code    44  lc_numeric_c.o(locale$$code)
    _get_lc_ctype                            0x0800cac5   Thumb Code    44  lc_ctype_c.o(locale$$code)
    __aeabi_d2f                              0x0800caf1   Thumb Code     0  d2f.o(x$fpl$d2f)
    _d2f                                     0x0800caf1   Thumb Code    98  d2f.o(x$fpl$d2f)
    __aeabi_dadd                             0x0800cb55   Thumb Code     0  daddsub_clz.o(x$fpl$dadd)
    _dadd                                    0x0800cb55   Thumb Code   332  daddsub_clz.o(x$fpl$dadd)
    __fpl_dcheck_NaN1                        0x0800cca5   Thumb Code    10  dcheck1.o(x$fpl$dcheck1)
    __fpl_dcmp_Inf                           0x0800ccb5   Thumb Code    24  dcmpi.o(x$fpl$dcmpinf)
    __aeabi_ddiv                             0x0800cccd   Thumb Code     0  ddiv.o(x$fpl$ddiv)
    _ddiv                                    0x0800cccd   Thumb Code   552  ddiv.o(x$fpl$ddiv)
    __aeabi_cdcmpeq                          0x0800cf7d   Thumb Code     0  deqf.o(x$fpl$deqf)
    _dcmpeq                                  0x0800cf7d   Thumb Code   120  deqf.o(x$fpl$deqf)
    __aeabi_d2iz                             0x0800cff5   Thumb Code     0  dfix.o(x$fpl$dfix)
    _dfix                                    0x0800cff5   Thumb Code    94  dfix.o(x$fpl$dfix)
    __aeabi_d2uiz                            0x0800d055   Thumb Code     0  dfixu.o(x$fpl$dfixu)
    _dfixu                                   0x0800d055   Thumb Code    90  dfixu.o(x$fpl$dfixu)
    __aeabi_i2d                              0x0800d0af   Thumb Code     0  dflt_clz.o(x$fpl$dflt)
    _dflt                                    0x0800d0af   Thumb Code    46  dflt_clz.o(x$fpl$dflt)
    __aeabi_ui2d                             0x0800d0dd   Thumb Code     0  dflt_clz.o(x$fpl$dfltu)
    _dfltu                                   0x0800d0dd   Thumb Code    38  dflt_clz.o(x$fpl$dfltu)
    __aeabi_cdcmple                          0x0800d105   Thumb Code     0  dleqf.o(x$fpl$dleqf)
    _dcmple                                  0x0800d105   Thumb Code   120  dleqf.o(x$fpl$dleqf)
    __fpl_dcmple_InfNaN                      0x0800d167   Thumb Code     0  dleqf.o(x$fpl$dleqf)
    __aeabi_dmul                             0x0800d17d   Thumb Code     0  dmul.o(x$fpl$dmul)
    _dmul                                    0x0800d17d   Thumb Code   332  dmul.o(x$fpl$dmul)
    __fpl_dnaninf                            0x0800d2d1   Thumb Code   156  dnaninf.o(x$fpl$dnaninf)
    __fpl_dretinf                            0x0800d36d   Thumb Code    12  dretinf.o(x$fpl$dretinf)
    __aeabi_cdrcmple                         0x0800d379   Thumb Code     0  drleqf.o(x$fpl$drleqf)
    _drcmple                                 0x0800d379   Thumb Code   108  drleqf.o(x$fpl$drleqf)
    __aeabi_drsub                            0x0800d3e5   Thumb Code     0  daddsub_clz.o(x$fpl$drsb)
    _drsb                                    0x0800d3e5   Thumb Code    22  daddsub_clz.o(x$fpl$drsb)
    _dsqrt                                   0x0800d3fd   Thumb Code   456  dsqrt_noumaal.o(x$fpl$dsqrt)
    __aeabi_dsub                             0x0800d5c9   Thumb Code     0  daddsub_clz.o(x$fpl$dsub)
    _dsub                                    0x0800d5c9   Thumb Code   464  daddsub_clz.o(x$fpl$dsub)
    __aeabi_f2d                              0x0800d79d   Thumb Code     0  f2d.o(x$fpl$f2d)
    _f2d                                     0x0800d79d   Thumb Code    86  f2d.o(x$fpl$f2d)
    __aeabi_fadd                             0x0800d7f5   Thumb Code     0  faddsub_clz.o(x$fpl$fadd)
    _fadd                                    0x0800d7f5   Thumb Code   196  faddsub_clz.o(x$fpl$fadd)
    __fpl_fcmp_Inf                           0x0800d8b9   Thumb Code    24  fcmpi.o(x$fpl$fcmpinf)
    __aeabi_fdiv                             0x0800d8d1   Thumb Code     0  fdiv.o(x$fpl$fdiv)
    _fdiv                                    0x0800d8d1   Thumb Code   384  fdiv.o(x$fpl$fdiv)
    __aeabi_f2iz                             0x0800da55   Thumb Code     0  ffix.o(x$fpl$ffix)
    _ffix                                    0x0800da55   Thumb Code    54  ffix.o(x$fpl$ffix)
    __aeabi_i2f                              0x0800da8d   Thumb Code     0  fflt_clz.o(x$fpl$fflt)
    _fflt                                    0x0800da8d   Thumb Code    48  fflt_clz.o(x$fpl$fflt)
    __aeabi_cfcmple                          0x0800dabd   Thumb Code     0  fleqf.o(x$fpl$fleqf)
    _fcmple                                  0x0800dabd   Thumb Code   104  fleqf.o(x$fpl$fleqf)
    __fpl_fcmple_InfNaN                      0x0800db0f   Thumb Code     0  fleqf.o(x$fpl$fleqf)
    __aeabi_fmul                             0x0800db25   Thumb Code     0  fmul.o(x$fpl$fmul)
    _fmul                                    0x0800db25   Thumb Code   258  fmul.o(x$fpl$fmul)
    __fpl_fnaninf                            0x0800dc27   Thumb Code   140  fnaninf.o(x$fpl$fnaninf)
    __fpl_fretinf                            0x0800dcb3   Thumb Code    10  fretinf.o(x$fpl$fretinf)
    __aeabi_cfrcmple                         0x0800dcbd   Thumb Code     0  frleqf.o(x$fpl$frleqf)
    _frcmple                                 0x0800dcbd   Thumb Code    98  frleqf.o(x$fpl$frleqf)
    __aeabi_fsub                             0x0800dd21   Thumb Code     0  faddsub_clz.o(x$fpl$fsub)
    _fsub                                    0x0800dd21   Thumb Code   234  faddsub_clz.o(x$fpl$fsub)
    _printf_fp_dec                           0x0800de0b   Thumb Code     4  printf1.o(x$fpl$printf1)
    __fpl_return_NaN                         0x0800de0f   Thumb Code   100  retnan.o(x$fpl$retnan)
    __ARM_scalbn                             0x0800de73   Thumb Code    92  scalbn.o(x$fpl$scalbn)
    _scanf_real                              0x0800decf   Thumb Code     4  scanf1.o(x$fpl$scanf1)
    _scanf_hex_real                          0x0800ded3   Thumb Code     4  scanf2.o(x$fpl$scanf2)
    _scanf_infnan                            0x0800ded7   Thumb Code     4  scanf2.o(x$fpl$scanf2)
    __fpl_cmpreturn                          0x0800dedb   Thumb Code    48  trapv.o(x$fpl$trapveneer)
    __I$use$fp                               0x0800df0a   Number         0  usenofp.o(x$fpl$usenofp)
    asc2_1206                                0x0800df12   Data        1140  lcd.o(.constdata)
    asc2_1608                                0x0800e386   Data        1520  lcd.o(.constdata)
    asc2_2412                                0x0800e976   Data        3420  lcd.o(.constdata)
    CRC16Table                               0x0800f6d2   Data         512  steering_motor.o(.constdata)
    __mathlib_zero                           0x0800fa28   Data           8  qnan.o(.constdata)
    Region$$Table$$Base                      0x0800fbb4   Number         0  anon$$obj.o(Region$$Table)
    Region$$Table$$Limit                     0x0800fbd4   Number         0  anon$$obj.o(Region$$Table)
    __aeabi_HUGE_VAL                         0x0800fbd4   Data           0  fpconst.o(c$$dinf)
    __aeabi_HUGE_VALL                        0x0800fbd4   Data           0  fpconst.o(c$$dinf)
    __aeabi_INFINITY                         0x0800fbd4   Data           0  fpconst.o(c$$dinf)
    __dInf                                   0x0800fbd4   Data           0  fpconst.o(c$$dinf)
    __huge_val                               0x0800fbd4   Data           0  fpconst.o(c$$dinf)
    __ctype                                  0x0800fc05   Data           0  lc_ctype_c.o(locale$$data)
    SystemCoreClock                          0x20000000   Data           4  system_stm32f10x.o(.data)
    AHBPrescTable                            0x20000004   Data          16  system_stm32f10x.o(.data)
    POINT_COLOR                              0x2000001c   Data           2  lcd.o(.data)
    BACK_COLOR                               0x2000001e   Data           2  lcd.o(.data)
    DMA1_MEM_LEN                             0x20000020   Data           2  dma.o(.data)
    __stdout                                 0x20000028   Data           4  usart.o(.data)
    g_mode_name                              0x20000040   Data          20  global_params.o(.data)
    g_int_lon                                0x20000054   Data           4  global_params.o(.data)
    g_int_lat                                0x20000058   Data           4  global_params.o(.data)
    g_int_height                             0x2000005c   Data           4  global_params.o(.data)
    g_s16_speed                              0x20000060   Data           2  global_params.o(.data)
    g_u16_yaw                                0x20000062   Data           2  global_params.o(.data)
    g_gps_status                             0x20000064   Data           1  global_params.o(.data)
    g_gps_satellites                         0x20000065   Data           1  global_params.o(.data)
    g_s16_steer_angle                        0x20000066   Data           2  global_params.o(.data)
    g_actual_path_vertwx_num                 0x20000068   Data           1  global_params.o(.data)
    g_recordTargetSeq                        0x20000069   Data           1  global_params.o(.data)
    g_start_driverless_flag                  0x2000006a   Data           1  global_params.o(.data)
    g_AngleSensorAdValueOffset               0x2000006c   Data           2  global_params.o(.data)
    g_AngleSensorMaxAdValue                  0x2000006e   Data           2  global_params.o(.data)
    g_AngleSensorMaxAngle                    0x20000070   Data           2  global_params.o(.data)
    g_roadWheelAngle_dir                     0x20000072   Data           1  global_params.o(.data)
    g_vehicleSpeed                           0x20000074   Data           4  global_params.o(.data)
    g_MinDisBetweenTwoTarget                 0x20000078   Data           4  global_params.o(.data)
    g_debugRoadWheelAngle                    0x2000007c   Data           4  global_params.o(.data)
    g_debugEnable                            0x20000080   Data           1  global_params.o(.data)
    lcddev                                   0x200000e8   Data          14  lcd.o(.bss)
    DMA_InitStructure                        0x200000f8   Data          44  dma.o(.bss)
    g_gps_data_buf                           0x20000128   Data         150  global_params.o(.bss)
    g_gps_sphere_now                         0x200001c0   Data          24  global_params.o(.bss)
    target_point                             0x200001d8   Data         240  global_params.o(.bss)
    __libspace_start                         0x200002c8   Data          96  libspace.o(.bss)
    __temporary_stack_top$libspace           0x20000328   Data           0  libspace.o(.bss)



==============================================================================

Memory Map of the image

  Image Entry point : 0x08000131

  Load Region LR_IROM1 (Base: 0x08000000, Size: 0x0000fda8, Max: 0x00080000, ABSOLUTE)

    Execution Region ER_IROM1 (Base: 0x08000000, Size: 0x0000fd08, Max: 0x00080000, ABSOLUTE)

    Base Addr    Size         Type   Attr      Idx    E Section Name        Object

    0x08000000   0x00000130   Data   RO          493    RESET               startup_stm32f10x_hd.o
    0x08000130   0x00000008   Code   RO          838  * !!!main             c_w.l(__main.o)
    0x08000138   0x00000034   Code   RO         1301    !!!scatter          c_w.l(__scatter.o)
    0x0800016c   0x0000001a   Code   RO         1303    !!handler_copy      c_w.l(__scatter_copy.o)
    0x08000186   0x00000002   PAD
    0x08000188   0x0000001c   Code   RO         1305    !!handler_zi        c_w.l(__scatter_zi.o)
    0x080001a4   0x00000000   Code   RO          823    .ARM.Collect$$_printf_percent$$00000000  c_w.l(_printf_percent.o)
    0x080001a4   0x00000006   Code   RO          822    .ARM.Collect$$_printf_percent$$00000003  c_w.l(_printf_f.o)
    0x080001aa   0x00000006   Code   RO          821    .ARM.Collect$$_printf_percent$$00000009  c_w.l(_printf_d.o)
    0x080001b0   0x00000006   Code   RO          820    .ARM.Collect$$_printf_percent$$0000000C  c_w.l(_printf_x.o)
    0x080001b6   0x00000004   Code   RO          975    .ARM.Collect$$_printf_percent$$00000017  c_w.l(_printf_percent_end.o)
    0x080001ba   0x00000002   Code   RO         1133    .ARM.Collect$$libinit$$00000000  c_w.l(libinit.o)
    0x080001bc   0x00000000   Code   RO         1135    .ARM.Collect$$libinit$$00000002  c_w.l(libinit2.o)
    0x080001bc   0x00000000   Code   RO         1137    .ARM.Collect$$libinit$$00000004  c_w.l(libinit2.o)
    0x080001bc   0x00000000   Code   RO         1140    .ARM.Collect$$libinit$$0000000A  c_w.l(libinit2.o)
    0x080001bc   0x00000000   Code   RO         1142    .ARM.Collect$$libinit$$0000000C  c_w.l(libinit2.o)
    0x080001bc   0x00000000   Code   RO         1144    .ARM.Collect$$libinit$$0000000E  c_w.l(libinit2.o)
    0x080001bc   0x00000006   Code   RO         1145    .ARM.Collect$$libinit$$0000000F  c_w.l(libinit2.o)
    0x080001c2   0x00000000   Code   RO         1147    .ARM.Collect$$libinit$$00000011  c_w.l(libinit2.o)
    0x080001c2   0x0000000c   Code   RO         1148    .ARM.Collect$$libinit$$00000012  c_w.l(libinit2.o)
    0x080001ce   0x00000000   Code   RO         1149    .ARM.Collect$$libinit$$00000013  c_w.l(libinit2.o)
    0x080001ce   0x00000000   Code   RO         1151    .ARM.Collect$$libinit$$00000015  c_w.l(libinit2.o)
    0x080001ce   0x0000000a   Code   RO         1152    .ARM.Collect$$libinit$$00000016  c_w.l(libinit2.o)
    0x080001d8   0x00000000   Code   RO         1153    .ARM.Collect$$libinit$$00000017  c_w.l(libinit2.o)
    0x080001d8   0x00000000   Code   RO         1155    .ARM.Collect$$libinit$$00000019  c_w.l(libinit2.o)
    0x080001d8   0x00000000   Code   RO         1157    .ARM.Collect$$libinit$$0000001B  c_w.l(libinit2.o)
    0x080001d8   0x00000000   Code   RO         1159    .ARM.Collect$$libinit$$0000001D  c_w.l(libinit2.o)
    0x080001d8   0x00000000   Code   RO         1161    .ARM.Collect$$libinit$$0000001F  c_w.l(libinit2.o)
    0x080001d8   0x00000000   Code   RO         1163    .ARM.Collect$$libinit$$00000021  c_w.l(libinit2.o)
    0x080001d8   0x00000000   Code   RO         1165    .ARM.Collect$$libinit$$00000023  c_w.l(libinit2.o)
    0x080001d8   0x00000000   Code   RO         1167    .ARM.Collect$$libinit$$00000025  c_w.l(libinit2.o)
    0x080001d8   0x00000000   Code   RO         1171    .ARM.Collect$$libinit$$0000002C  c_w.l(libinit2.o)
    0x080001d8   0x00000000   Code   RO         1173    .ARM.Collect$$libinit$$0000002E  c_w.l(libinit2.o)
    0x080001d8   0x00000000   Code   RO         1175    .ARM.Collect$$libinit$$00000030  c_w.l(libinit2.o)
    0x080001d8   0x00000000   Code   RO         1177    .ARM.Collect$$libinit$$00000032  c_w.l(libinit2.o)
    0x080001d8   0x00000002   Code   RO         1178    .ARM.Collect$$libinit$$00000033  c_w.l(libinit2.o)
    0x080001da   0x00000002   Code   RO         1240    .ARM.Collect$$libshutdown$$00000000  c_w.l(libshutdown.o)
    0x080001dc   0x00000000   Code   RO         1262    .ARM.Collect$$libshutdown$$00000003  c_w.l(libshutdown2.o)
    0x080001dc   0x00000000   Code   RO         1265    .ARM.Collect$$libshutdown$$00000006  c_w.l(libshutdown2.o)
    0x080001dc   0x00000000   Code   RO         1268    .ARM.Collect$$libshutdown$$00000009  c_w.l(libshutdown2.o)
    0x080001dc   0x00000000   Code   RO         1270    .ARM.Collect$$libshutdown$$0000000B  c_w.l(libshutdown2.o)
    0x080001dc   0x00000000   Code   RO         1273    .ARM.Collect$$libshutdown$$0000000E  c_w.l(libshutdown2.o)
    0x080001dc   0x00000002   Code   RO         1274    .ARM.Collect$$libshutdown$$0000000F  c_w.l(libshutdown2.o)
    0x080001de   0x00000000   Code   RO          962    .ARM.Collect$$rtentry$$00000000  c_w.l(__rtentry.o)
    0x080001de   0x00000000   Code   RO         1041    .ARM.Collect$$rtentry$$00000002  c_w.l(__rtentry2.o)
    0x080001de   0x00000006   Code   RO         1053    .ARM.Collect$$rtentry$$00000004  c_w.l(__rtentry4.o)
    0x080001e4   0x00000000   Code   RO         1043    .ARM.Collect$$rtentry$$00000009  c_w.l(__rtentry2.o)
    0x080001e4   0x00000004   Code   RO         1044    .ARM.Collect$$rtentry$$0000000A  c_w.l(__rtentry2.o)
    0x080001e8   0x00000000   Code   RO         1046    .ARM.Collect$$rtentry$$0000000C  c_w.l(__rtentry2.o)
    0x080001e8   0x00000008   Code   RO         1047    .ARM.Collect$$rtentry$$0000000D  c_w.l(__rtentry2.o)
    0x080001f0   0x00000002   Code   RO         1181    .ARM.Collect$$rtexit$$00000000  c_w.l(rtexit.o)
    0x080001f2   0x00000000   Code   RO         1208    .ARM.Collect$$rtexit$$00000002  c_w.l(rtexit2.o)
    0x080001f2   0x00000004   Code   RO         1209    .ARM.Collect$$rtexit$$00000003  c_w.l(rtexit2.o)
    0x080001f6   0x00000006   Code   RO         1210    .ARM.Collect$$rtexit$$00000004  c_w.l(rtexit2.o)
    0x080001fc   0x0000098c   Code   RO            1    .text               main.o
    0x08000b88   0x0000001a   Code   RO          177    .text               stm32f10x_it.o
    0x08000ba2   0x00000002   PAD
    0x08000ba4   0x000001e0   Code   RO          218    .text               system_stm32f10x.o
    0x08000d84   0x0000004c   Code   RO          236    .text               led.o
    0x08000dd0   0x000000d8   Code   RO          248    .text               key.o
    0x08000ea8   0x00000194   Code   RO          261    .text               timer.o
    0x0800103c   0x00000130   Code   RO          296    .text               exti.o
    0x0800116c   0x00000220   Code   RO          320    .text               can.o
    0x0800138c   0x00000038   Code   RO          332    .text               beep.o
    0x080013c4   0x00004a68   Code   RO          344    .text               lcd.o
    0x08005e2c   0x000000b4   Code   RO          400    .text               dma.o
    0x08005ee0   0x000000f4   Code   RO          416    .text               delay.o
    0x08005fd4   0x00000214   Code   RO          447    .text               usart.o
    0x080061e8   0x00000040   Code   RO          494    .text               startup_stm32f10x_hd.o
    0x08006228   0x000000dc   Code   RO          498    .text               misc.o
    0x08006304   0x0000035c   Code   RO          510    .text               stm32f10x_gpio.o
    0x08006660   0x000003a4   Code   RO          522    .text               stm32f10x_rcc.o
    0x08006a04   0x00000e1a   Code   RO          536    .text               stm32f10x_tim.o
    0x0800781e   0x00000002   PAD
    0x08007820   0x00000408   Code   RO          548    .text               stm32f10x_usart.o
    0x08007c28   0x0000011c   Code   RO          572    .text               stm32f10x_exti.o
    0x08007d44   0x000009f0   Code   RO          608    .text               stm32f10x_can.o
    0x08008734   0x0000060c   Code   RO          620    .text               stm32f10x_fsmc.o
    0x08008d40   0x00000254   Code   RO          644    .text               stm32f10x_dma.o
    0x08008f94   0x000000c4   Code   RO          656    .text               stm32f10x_bkp.o
    0x08009058   0x000002d8   Code   RO          681    .text               navigation2.o
    0x08009330   0x000001f4   Code   RO          693    .text               steering_motor.o
    0x08009524   0x00000364   Code   RO          709    .text               function.o
    0x08009888   0x0000033c   Code   RO          731    .text               beidou_gps.o
    0x08009bc4   0x00000002   Code   RO          763    .text               c_w.l(use_no_semi_2.o)
    0x08009bc6   0x00000002   PAD
    0x08009bc8   0x00000018   Code   RO          769    .text               c_w.l(noretval__2printf.o)
    0x08009be0   0x00000028   Code   RO          771    .text               c_w.l(noretval__2sprintf.o)
    0x08009c08   0x0000004e   Code   RO          775    .text               c_w.l(_printf_pad.o)
    0x08009c56   0x00000002   PAD
    0x08009c58   0x00000078   Code   RO          777    .text               c_w.l(_printf_dec.o)
    0x08009cd0   0x00000058   Code   RO          782    .text               c_w.l(_printf_hex_int.o)
    0x08009d28   0x00000138   Code   RO          812    .text               c_w.l(__printf_flags_wp.o)
    0x08009e60   0x00000024   Code   RO          824    .text               c_w.l(strstr.o)
    0x08009e84   0x00000048   Code   RO          826    .text               c_w.l(strcpy.o)
    0x08009ecc   0x0000003e   Code   RO          828    .text               c_w.l(strlen.o)
    0x08009f0a   0x00000064   Code   RO          830    .text               c_w.l(rt_memcpy_w.o)
    0x08009f6e   0x00000056   Code   RO          834    .text               c_w.l(strncpy.o)
    0x08009fc4   0x00000006   Code   RO          836    .text               c_w.l(heapauxi.o)
    0x08009fca   0x00000002   Code   RO          960    .text               c_w.l(use_no_semi.o)
    0x08009fcc   0x00000016   Code   RO          963    .text               c_w.l(_rserrno.o)
    0x08009fe2   0x000000b2   Code   RO          965    .text               c_w.l(_printf_intcommon.o)
    0x0800a094   0x0000041a   Code   RO          967    .text               c_w.l(_printf_fp_dec.o)
    0x0800a4ae   0x00000002   PAD
    0x0800a4b0   0x00000030   Code   RO          969    .text               c_w.l(_printf_char_common.o)
    0x0800a4e0   0x0000000a   Code   RO          971    .text               c_w.l(_sputc.o)
    0x0800a4ea   0x00000002   PAD
    0x0800a4ec   0x00000024   Code   RO          973    .text               c_w.l(_printf_char_file.o)
    0x0800a510   0x000000a0   Code   RO          976    .text               c_w.l(strtod.o)
    0x0800a5b0   0x00000044   Code   RO          978    .text               c_w.l(rt_memclr.o)
    0x0800a5f4   0x00000008   Code   RO         1058    .text               c_w.l(rt_locale_intlibspace.o)
    0x0800a5fc   0x00000008   Code   RO         1063    .text               c_w.l(rt_errno_addr_intlibspace.o)
    0x0800a604   0x0000008a   Code   RO         1065    .text               c_w.l(lludiv10.o)
    0x0800a68e   0x00000012   Code   RO         1067    .text               c_w.l(isspace.o)
    0x0800a6a0   0x00000080   Code   RO         1069    .text               c_w.l(_printf_fp_infnan.o)
    0x0800a720   0x00000040   Code   RO         1073    .text               c_w.l(_sgetc.o)
    0x0800a760   0x000000dc   Code   RO         1075    .text               c_w.l(bigflt0.o)
    0x0800a83c   0x00000008   Code   RO         1100    .text               c_w.l(ferror.o)
    0x0800a844   0x0000004e   Code   RO         1107    .text               c_w.l(rt_memclr_w.o)
    0x0800a892   0x00000002   PAD
    0x0800a894   0x00000008   Code   RO         1115    .text               c_w.l(libspace.o)
    0x0800a89c   0x0000004a   Code   RO         1118    .text               c_w.l(sys_stackheap_outer.o)
    0x0800a8e6   0x00000002   PAD
    0x0800a8e8   0x00000010   Code   RO         1120    .text               c_w.l(rt_ctype_table.o)
    0x0800a8f8   0x000004a4   Code   RO         1122    .text               c_w.l(scanf_fp.o)
    0x0800ad9c   0x0000000c   Code   RO         1124    .text               c_w.l(exit.o)
    0x0800ada8   0x00000080   Code   RO         1126    .text               c_w.l(strcmpv7m.o)
    0x0800ae28   0x00000318   Code   RO         1214    .text               c_w.l(scanf_hexfp.o)
    0x0800b140   0x00000134   Code   RO         1216    .text               c_w.l(scanf_infnan.o)
    0x0800b274   0x00000026   Code   RO         1230    .text               c_w.l(llshl.o)
    0x0800b29a   0x0000001c   Code   RO         1232    .text               c_w.l(_chval.o)
    0x0800b2b6   0x0000003e   Code   RO         1078    CL$$btod_d2e        c_w.l(btod.o)
    0x0800b2f4   0x00000046   Code   RO         1080    CL$$btod_d2e_denorm_low  c_w.l(btod.o)
    0x0800b33a   0x00000060   Code   RO         1079    CL$$btod_d2e_norm_op1  c_w.l(btod.o)
    0x0800b39a   0x00000338   Code   RO         1088    CL$$btod_div_common  c_w.l(btod.o)
    0x0800b6d2   0x00000002   PAD
    0x0800b6d4   0x00000054   Code   RO         1086    CL$$btod_e2d        c_w.l(btod.o)
    0x0800b728   0x000000c6   Code   RO         1085    CL$$btod_e2e        c_w.l(btod.o)
    0x0800b7ee   0x00000028   Code   RO         1082    CL$$btod_ediv       c_w.l(btod.o)
    0x0800b816   0x00000028   Code   RO         1084    CL$$btod_edivd      c_w.l(btod.o)
    0x0800b83e   0x00000028   Code   RO         1081    CL$$btod_emul       c_w.l(btod.o)
    0x0800b866   0x00000028   Code   RO         1083    CL$$btod_emuld      c_w.l(btod.o)
    0x0800b88e   0x00000244   Code   RO         1087    CL$$btod_mult_common  c_w.l(btod.o)
    0x0800bad2   0x00000028   Code   RO         1024    i.__ARM_fpclassify  m_ws.l(fpclassify.o)
    0x0800bafa   0x00000002   PAD
    0x0800bafc   0x00000388   Code   RO         1029    i.__ieee754_rem_pio2  m_ws.l(rred.o)
    0x0800be84   0x000000fc   Code   RO         1007    i.__kernel_cos      m_ws.l(cos_i.o)
    0x0800bf80   0x000000aa   Code   RO         1026    i.__kernel_poly     m_ws.l(poly.o)
    0x0800c02a   0x00000002   PAD
    0x0800c02c   0x000000ec   Code   RO         1034    i.__kernel_sin      m_ws.l(sin_i.o)
    0x0800c118   0x00000006   Code   RO         1011    i.__mathlib_dbl_infnan  m_ws.l(dunder.o)
    0x0800c11e   0x00000004   Code   RO         1012    i.__mathlib_dbl_infnan2  m_ws.l(dunder.o)
    0x0800c122   0x0000000c   Code   RO         1013    i.__mathlib_dbl_invalid  m_ws.l(dunder.o)
    0x0800c12e   0x0000000e   Code   RO         1014    i.__mathlib_dbl_overflow  m_ws.l(dunder.o)
    0x0800c13c   0x00000010   Code   RO         1016    i.__mathlib_dbl_underflow  m_ws.l(dunder.o)
    0x0800c14c   0x00000010   Code   RO         1201    i.__mathlib_narrow  m_ws.l(narrow.o)
    0x0800c15c   0x00000088   Code   RO         1202    i.__mathlib_tofloat  m_ws.l(narrow.o)
    0x0800c1e4   0x00000016   Code   RO         1242    i.__support_ldexp   m_ws.l(ldexp.o)
    0x0800c1fa   0x0000000e   Code   RO          810    i._is_digit         c_w.l(__printf_wp.o)
    0x0800c208   0x00000270   Code   RO          905    i.asin              m_ws.l(asin.o)
    0x0800c478   0x00000220   Code   RO          998    i.atan              m_ws.l(atan.o)
    0x0800c698   0x00000180   Code   RO          915    i.atan2             m_ws.l(atan2.o)
    0x0800c818   0x0000002a   Code   RO          923    i.atof              m_ws.l(atof.o)
    0x0800c842   0x00000002   PAD
    0x0800c844   0x0000009c   Code   RO          927    i.cos               m_ws.l(cos.o)
    0x0800c8e0   0x00000058   Code   RO         1223    i.frexp             m_ws.l(frexp.o)
    0x0800c938   0x00000074   Code   RO         1243    i.ldexp             m_ws.l(ldexp.o)
    0x0800c9ac   0x000000a0   Code   RO          945    i.sin               m_ws.l(sin.o)
    0x0800ca4c   0x0000004c   Code   RO          953    i.sqrt              m_ws.l(sqrt.o)
    0x0800ca98   0x0000002c   Code   RO         1105    locale$$code        c_w.l(lc_numeric_c.o)
    0x0800cac4   0x0000002c   Code   RO         1184    locale$$code        c_w.l(lc_ctype_c.o)
    0x0800caf0   0x00000062   Code   RO          840    x$fpl$d2f           fz_ws.l(d2f.o)
    0x0800cb52   0x00000002   PAD
    0x0800cb54   0x00000150   Code   RO          842    x$fpl$dadd          fz_ws.l(daddsub_clz.o)
    0x0800cca4   0x00000010   Code   RO         1109    x$fpl$dcheck1       fz_ws.l(dcheck1.o)
    0x0800ccb4   0x00000018   Code   RO          980    x$fpl$dcmpinf       fz_ws.l(dcmpi.o)
    0x0800cccc   0x000002b0   Code   RO          849    x$fpl$ddiv          fz_ws.l(ddiv.o)
    0x0800cf7c   0x00000078   Code   RO          852    x$fpl$deqf          fz_ws.l(deqf.o)
    0x0800cff4   0x0000005e   Code   RO          854    x$fpl$dfix          fz_ws.l(dfix.o)
    0x0800d052   0x00000002   PAD
    0x0800d054   0x0000005a   Code   RO          858    x$fpl$dfixu         fz_ws.l(dfixu.o)
    0x0800d0ae   0x0000002e   Code   RO          863    x$fpl$dflt          fz_ws.l(dflt_clz.o)
    0x0800d0dc   0x00000026   Code   RO          862    x$fpl$dfltu         fz_ws.l(dflt_clz.o)
    0x0800d102   0x00000002   PAD
    0x0800d104   0x00000078   Code   RO          868    x$fpl$dleqf         fz_ws.l(dleqf.o)
    0x0800d17c   0x00000154   Code   RO          870    x$fpl$dmul          fz_ws.l(dmul.o)
    0x0800d2d0   0x0000009c   Code   RO          982    x$fpl$dnaninf       fz_ws.l(dnaninf.o)
    0x0800d36c   0x0000000c   Code   RO          984    x$fpl$dretinf       fz_ws.l(dretinf.o)
    0x0800d378   0x0000006c   Code   RO          872    x$fpl$drleqf        fz_ws.l(drleqf.o)
    0x0800d3e4   0x00000016   Code   RO          843    x$fpl$drsb          fz_ws.l(daddsub_clz.o)
    0x0800d3fa   0x00000002   PAD
    0x0800d3fc   0x000001cc   Code   RO          986    x$fpl$dsqrt         fz_ws.l(dsqrt_noumaal.o)
    0x0800d5c8   0x000001d4   Code   RO          844    x$fpl$dsub          fz_ws.l(daddsub_clz.o)
    0x0800d79c   0x00000056   Code   RO          874    x$fpl$f2d           fz_ws.l(f2d.o)
    0x0800d7f2   0x00000002   PAD
    0x0800d7f4   0x000000c4   Code   RO          876    x$fpl$fadd          fz_ws.l(faddsub_clz.o)
    0x0800d8b8   0x00000018   Code   RO          988    x$fpl$fcmpinf       fz_ws.l(fcmpi.o)
    0x0800d8d0   0x00000184   Code   RO          883    x$fpl$fdiv          fz_ws.l(fdiv.o)
    0x0800da54   0x00000036   Code   RO          886    x$fpl$ffix          fz_ws.l(ffix.o)
    0x0800da8a   0x00000002   PAD
    0x0800da8c   0x00000030   Code   RO          891    x$fpl$fflt          fz_ws.l(fflt_clz.o)
    0x0800dabc   0x00000068   Code   RO          896    x$fpl$fleqf         fz_ws.l(fleqf.o)
    0x0800db24   0x00000102   Code   RO          898    x$fpl$fmul          fz_ws.l(fmul.o)
    0x0800dc26   0x0000008c   Code   RO          990    x$fpl$fnaninf       fz_ws.l(fnaninf.o)
    0x0800dcb2   0x0000000a   Code   RO          992    x$fpl$fretinf       fz_ws.l(fretinf.o)
    0x0800dcbc   0x00000062   Code   RO          900    x$fpl$frleqf        fz_ws.l(frleqf.o)
    0x0800dd1e   0x00000002   PAD
    0x0800dd20   0x000000ea   Code   RO          878    x$fpl$fsub          fz_ws.l(faddsub_clz.o)
    0x0800de0a   0x00000004   Code   RO          902    x$fpl$printf1       fz_ws.l(printf1.o)
    0x0800de0e   0x00000064   Code   RO         1179    x$fpl$retnan        fz_ws.l(retnan.o)
    0x0800de72   0x0000005c   Code   RO          994    x$fpl$scalbn        fz_ws.l(scalbn.o)
    0x0800dece   0x00000004   Code   RO         1113    x$fpl$scanf1        fz_ws.l(scanf1.o)
    0x0800ded2   0x00000008   Code   RO         1193    x$fpl$scanf2        fz_ws.l(scanf2.o)
    0x0800deda   0x00000030   Code   RO         1199    x$fpl$trapveneer    fz_ws.l(trapv.o)
    0x0800df0a   0x00000000   Code   RO          996    x$fpl$usenofp       fz_ws.l(usenofp.o)
    0x0800df0a   0x00000002   PAD
    0x0800df0c   0x00000006   Data   RO            3    .constdata          main.o
    0x0800df12   0x000017c0   Data   RO          346    .constdata          lcd.o
    0x0800f6d2   0x00000200   Data   RO          694    .constdata          steering_motor.o
    0x0800f8d2   0x00000028   Data   RO          783    .constdata          c_w.l(_printf_hex_int.o)
    0x0800f8fa   0x00000011   Data   RO          813    .constdata          c_w.l(__printf_flags_wp.o)
    0x0800f90b   0x00000005   PAD
    0x0800f910   0x00000050   Data   RO          906    .constdata          m_ws.l(asin.o)
    0x0800f960   0x00000098   Data   RO          999    .constdata          m_ws.l(atan.o)
    0x0800f9f8   0x00000030   Data   RO         1008    .constdata          m_ws.l(cos_i.o)
    0x0800fa28   0x00000008   Data   RO         1028    .constdata          m_ws.l(qnan.o)
    0x0800fa30   0x000000c8   Data   RO         1031    .constdata          m_ws.l(rred.o)
    0x0800faf8   0x00000028   Data   RO         1035    .constdata          m_ws.l(sin_i.o)
    0x0800fb20   0x00000094   Data   RO         1076    .constdata          c_w.l(bigflt0.o)
    0x0800fbb4   0x00000020   Data   RO         1299    Region$$Table       anon$$obj.o
    0x0800fbd4   0x00000008   Data   RO         1188    c$$dinf             fz_ws.l(fpconst.o)
    0x0800fbdc   0x0000001c   Data   RO         1104    locale$$data        c_w.l(lc_numeric_c.o)
    0x0800fbf8   0x00000110   Data   RO         1183    locale$$data        c_w.l(lc_ctype_c.o)


    Execution Region RW_IRAM1 (Base: 0x20000000, Size: 0x00000928, Max: 0x00010000, ABSOLUTE)

    Base Addr    Size         Type   Attr      Idx    E Section Name        Object

    0x20000000   0x00000014   Data   RW          219    .data               system_stm32f10x.o
    0x20000014   0x00000001   Data   RW          249    .data               key.o
    0x20000015   0x00000003   PAD
    0x20000018   0x00000004   Data   RW          262    .data               timer.o
    0x2000001c   0x00000004   Data   RW          347    .data               lcd.o
    0x20000020   0x00000002   Data   RW          402    .data               dma.o
    0x20000022   0x00000004   Data   RW          417    .data               delay.o
    0x20000026   0x00000002   PAD
    0x20000028   0x00000004   Data   RW          448    .data               usart.o
    0x2000002c   0x00000014   Data   RW          523    .data               stm32f10x_rcc.o
    0x20000040   0x00000041   Data   RW          669    .data               global_params.o
    0x20000081   0x0000001d   Data   RW          695    .data               steering_motor.o
    0x2000009e   0x00000002   PAD
    0x200000a0   0x00000048   Zero   RW            2    .bss                main.o
    0x200000e8   0x0000000e   Zero   RW          345    .bss                lcd.o
    0x200000f6   0x00000002   PAD
    0x200000f8   0x0000002c   Zero   RW          401    .bss                dma.o
    0x20000124   0x00000004   PAD
    0x20000128   0x000001a0   Zero   RW          668    .bss                global_params.o
    0x200002c8   0x00000060   Zero   RW         1116    .bss                c_w.l(libspace.o)
    0x20000328   0x00000200   Zero   RW          492    HEAP                startup_stm32f10x_hd.o
    0x20000528   0x00000400   Zero   RW          491    STACK               startup_stm32f10x_hd.o


==============================================================================

Image component sizes


      Code (inc. data)   RO Data    RW Data    ZI Data      Debug   Object Name

        56          6          0          0          0        468   beep.o
       828         72          0          0          0       1438   beidou_gps.o
       544          8          0          0          0       2512   can.o
       244         16          0          4          0       1177   delay.o
       180          8          0          2         44       1642   dma.o
       304         12          0          0          0       1036   exti.o
       868        102          0          0          0       2280   function.o
         0          0          0         65        416       1679   global_params.o
       216         14          0          1          0        784   key.o
     19048        162       6080          4         14      21686   lcd.o
        76          8          0          0          0        475   led.o
      2444        562          6          0         72     283311   main.o
       220         22          0          0          0       1761   misc.o
       728         34          0          0          0       1983   navigation2.o
        64         26        304          0       1536        780   startup_stm32f10x_hd.o
       500         62        512         29          0       3225   steering_motor.o
       196          8          0          0          0       3420   stm32f10x_bkp.o
      2544         38          0          0          0       7812   stm32f10x_can.o
       596          8          0          0          0       4286   stm32f10x_dma.o
       284         10          0          0          0       2191   stm32f10x_exti.o
      1548         18          0          0          0       5303   stm32f10x_fsmc.o
       860         38          0          0          0       5605   stm32f10x_gpio.o
        26          0          0          0          0       1158   stm32f10x_it.o
       932         36          0         20          0       8752   stm32f10x_rcc.o
      3610         88          0          0          0      22088   stm32f10x_tim.o
      1032         22          0          0          0       8328   stm32f10x_usart.o
         0          0          0          0          0         32   sys.o
       480         38          0         20          0       1679   system_stm32f10x.o
       404         42          0          4          0       1044   timer.o
       532         28          0          4          0       3987   usart.o

    ----------------------------------------------------------------------
     39368       1488       6934        160       2088     401922   Object Totals
         0          0         32          0          0          0   (incl. Generated)
         4          0          0          7          6          0   (incl. Padding)

    ----------------------------------------------------------------------

      Code (inc. data)   RO Data    RW Data    ZI Data      Debug   Library Member Name

         8          0          0          0          0         68   __main.o
       312          4         17          0          0         92   __printf_flags_wp.o
        14          0          0          0          0         68   __printf_wp.o
         0          0          0          0          0          0   __rtentry.o
        12          0          0          0          0          0   __rtentry2.o
         6          0          0          0          0          0   __rtentry4.o
        52          8          0          0          0          0   __scatter.o
        26          0          0          0          0          0   __scatter_copy.o
        28          0          0          0          0          0   __scatter_zi.o
        28          0          0          0          0         68   _chval.o
        48          6          0          0          0         96   _printf_char_common.o
        36          4          0          0          0         80   _printf_char_file.o
         6          0          0          0          0          0   _printf_d.o
       120         16          0          0          0         92   _printf_dec.o
         6          0          0          0          0          0   _printf_f.o
      1050          0          0          0          0        216   _printf_fp_dec.o
       128         16          0          0          0         84   _printf_fp_infnan.o
        88          4         40          0          0         88   _printf_hex_int.o
       178          0          0          0          0         88   _printf_intcommon.o
        78          0          0          0          0        108   _printf_pad.o
         0          0          0          0          0          0   _printf_percent.o
         4          0          0          0          0          0   _printf_percent_end.o
         6          0          0          0          0          0   _printf_x.o
        22          0          0          0          0        100   _rserrno.o
        64          0          0          0          0         84   _sgetc.o
        10          0          0          0          0         68   _sputc.o
       220          4        148          0          0         96   bigflt0.o
      2074        132          0          0          0        940   btod.o
        12          0          0          0          0         72   exit.o
         8          0          0          0          0         68   ferror.o
         6          0          0          0          0        152   heapauxi.o
        18          0          0          0          0         76   isspace.o
        44         10        272          0          0         76   lc_ctype_c.o
        44         10         28          0          0         76   lc_numeric_c.o
         2          0          0          0          0          0   libinit.o
        30          0          0          0          0          0   libinit2.o
         2          0          0          0          0          0   libshutdown.o
         2          0          0          0          0          0   libshutdown2.o
         8          4          0          0         96         68   libspace.o
        38          0          0          0          0         68   llshl.o
       138          0          0          0          0         80   lludiv10.o
        24          4          0          0          0         84   noretval__2printf.o
        40          6          0          0          0         84   noretval__2sprintf.o
        16          4          0          0          0         76   rt_ctype_table.o
         8          4          0          0          0         68   rt_errno_addr_intlibspace.o
         8          4          0          0          0         68   rt_locale_intlibspace.o
        68          0          0          0          0         68   rt_memclr.o
        78          0          0          0          0         80   rt_memclr_w.o
       100          0          0          0          0         80   rt_memcpy_w.o
         2          0          0          0          0          0   rtexit.o
        10          0          0          0          0          0   rtexit2.o
      1188         12          0          0          0        148   scanf_fp.o
       792         14          0          0          0        100   scanf_hexfp.o
       308         16          0          0          0        100   scanf_infnan.o
       128          0          0          0          0         68   strcmpv7m.o
        72          0          0          0          0         80   strcpy.o
        62          0          0          0          0         76   strlen.o
        86          0          0          0          0         76   strncpy.o
        36          0          0          0          0         80   strstr.o
       160         12          0          0          0        120   strtod.o
        74          0          0          0          0         80   sys_stackheap_outer.o
         2          0          0          0          0         68   use_no_semi.o
         2          0          0          0          0         68   use_no_semi_2.o
        98          4          0          0          0         92   d2f.o
       826         16          0          0          0        348   daddsub_clz.o
        16          4          0          0          0         68   dcheck1.o
        24          0          0          0          0         68   dcmpi.o
       688        140          0          0          0        208   ddiv.o
       120          4          0          0          0         92   deqf.o
        94          4          0          0          0         92   dfix.o
        90          4          0          0          0         92   dfixu.o
        84          0          0          0          0        136   dflt_clz.o
       120          4          0          0          0         92   dleqf.o
       340         12          0          0          0        104   dmul.o
       156          4          0          0          0         92   dnaninf.o
        12          0          0          0          0         68   dretinf.o
       108          0          0          0          0         80   drleqf.o
       460         56          0          0          0        120   dsqrt_noumaal.o
        86          4          0          0          0         84   f2d.o
       430          8          0          0          0        168   faddsub_clz.o
        24          0          0          0          0         68   fcmpi.o
       388         76          0          0          0         96   fdiv.o
        54          4          0          0          0         84   ffix.o
        48          0          0          0          0         68   fflt_clz.o
       104          4          0          0          0         84   fleqf.o
       258          4          0          0          0         84   fmul.o
       140          4          0          0          0         84   fnaninf.o
         0          0          8          0          0          0   fpconst.o
        10          0          0          0          0         68   fretinf.o
        98          0          0          0          0         68   frleqf.o
         4          0          0          0          0         68   printf1.o
       100          0          0          0          0         68   retnan.o
        92          0          0          0          0         68   scalbn.o
         4          0          0          0          0         68   scanf1.o
         8          0          0          0          0         84   scanf2.o
        48          0          0          0          0         68   trapv.o
         0          0          0          0          0          0   usenofp.o
       624         52         80          0          0        168   asin.o
       544         70        152          0          0        124   atan.o
       384         38          0          0          0        144   atan2.o
        42          0          0          0          0         84   atof.o
       156          8          0          0          0        104   cos.o
       252         22         48          0          0        124   cos_i.o
        52          6          0          0          0        340   dunder.o
        40          0          0          0          0         68   fpclassify.o
        88          8          0          0          0         76   frexp.o
       138          0          0          0          0        160   ldexp.o
       152          4          0          0          0        168   narrow.o
       170          0          0          0          0         96   poly.o
         0          0          8          0          0          0   qnan.o
       904         76        200          0          0        140   rred.o
       160         10          0          0          0        108   sin.o
       236         12         40          0          0        128   sin_i.o
        76          0          0          0          0         84   sqrt.o

    ----------------------------------------------------------------------
     17428        958       1046          0         96      10092   Library Totals
        38          2          5          0          0          0   (incl. Padding)

    ----------------------------------------------------------------------

      Code (inc. data)   RO Data    RW Data    ZI Data      Debug   Library Name

      8240        294        505          0         96       4844   c_w.l
      5132        356          8          0          0       3132   fz_ws.l
      4018        306        528          0          0       2116   m_ws.l

    ----------------------------------------------------------------------
     17428        958       1046          0         96      10092   Library Totals

    ----------------------------------------------------------------------

==============================================================================


      Code (inc. data)   RO Data    RW Data    ZI Data      Debug   

     56796       2446       7980        160       2184     403794   Grand Totals
     56796       2446       7980        160       2184     403794   ELF Image Totals
     56796       2446       7980        160          0          0   ROM Totals

==============================================================================

    Total RO  Size (Code + RO Data)                64776 (  63.26kB)
    Total RW  Size (RW Data + ZI Data)              2344 (   2.29kB)
    Total ROM Size (Code + RO Data + RW Data)      64936 (  63.41kB)

==============================================================================

