Component: ARM Compiler 5.05 update 1 (build 106) Tool: armlink [4d0efa]

==============================================================================

Section Cross References

    main.o(.text) refers to _printf_percent.o(.ARM.Collect$$_printf_percent$$00000000) for _printf_percent
    main.o(.text) refers to _printf_f.o(.ARM.Collect$$_printf_percent$$00000003) for _printf_f
    main.o(.text) refers to printf1.o(x$fpl$printf1) for _printf_fp_dec
    main.o(.text) refers to delay.o(.text) for delay_init
    main.o(.text) refers to misc.o(.text) for NVIC_PriorityGroupConfig
    main.o(.text) refers to usart.o(.text) for uart_init
    main.o(.text) refers to led.o(.text) for LED_Init
    main.o(.text) refers to beep.o(.text) for BEEP_Init
    main.o(.text) refers to exti.o(.text) for EXTIX_Init
    main.o(.text) refers to timer.o(.text) for TIM2_Init
    main.o(.text) refers to can.o(.text) for CAN_Mode_Init
    main.o(.text) refers to dflt_clz.o(x$fpl$dfltu) for __aeabi_ui2d
    main.o(.text) refers to dmul.o(x$fpl$dmul) for __aeabi_dmul
    main.o(.text) refers to noretval__2printf.o(.text) for __2printf
    main.o(.text) refers to usart.o(.data) for usart2_angle_buf
    system_stm32f10x.o(.text) refers to system_stm32f10x.o(.data) for SystemCoreClock
    led.o(.text) refers to stm32f10x_rcc.o(.text) for RCC_APB2PeriphClockCmd
    led.o(.text) refers to stm32f10x_gpio.o(.text) for GPIO_Init
    key.o(.text) refers to stm32f10x_rcc.o(.text) for RCC_APB2PeriphClockCmd
    key.o(.text) refers to stm32f10x_gpio.o(.text) for GPIO_Init
    key.o(.text) refers to delay.o(.text) for delay_ms
    key.o(.text) refers to key.o(.data) for key_up
    beep.o(.text) refers to stm32f10x_rcc.o(.text) for RCC_APB2PeriphClockCmd
    beep.o(.text) refers to stm32f10x_gpio.o(.text) for GPIO_Init
    exti.o(.text) refers to key.o(.text) for KEY_Init
    exti.o(.text) refers to stm32f10x_rcc.o(.text) for RCC_APB2PeriphClockCmd
    exti.o(.text) refers to stm32f10x_gpio.o(.text) for GPIO_EXTILineConfig
    exti.o(.text) refers to stm32f10x_exti.o(.text) for EXTI_Init
    exti.o(.text) refers to misc.o(.text) for NVIC_Init
    exti.o(.text) refers to delay.o(.text) for delay_ms
    function.o(.text) refers to f2d.o(x$fpl$f2d) for __aeabi_f2d
    function.o(.text) refers to fdiv.o(x$fpl$fdiv) for __aeabi_fdiv
    function.o(.text) refers to floor.o(i.floor) for floor
    function.o(.text) refers to dmul.o(x$fpl$dmul) for __aeabi_dmul
    function.o(.text) refers to daddsub_clz.o(x$fpl$dsub) for __aeabi_dsub
    function.o(.text) refers to d2f.o(x$fpl$d2f) for __aeabi_d2f
    function.o(.text) refers to frleqf.o(x$fpl$frleqf) for __aeabi_cfrcmple
    function.o(.text) refers to daddsub_clz.o(x$fpl$dadd) for __aeabi_dadd
    function.o(.text) refers to ceil.o(i.ceil) for ceil
    function.o(.text) refers to dfix.o(x$fpl$dfix) for __aeabi_d2iz
    function.o(.text) refers to fmul.o(x$fpl$fmul) for __aeabi_fmul
    function.o(.text) refers to faddsub_clz.o(x$fpl$fadd) for __aeabi_fadd
    function.o(.text) refers to faddsub_clz.o(x$fpl$fsub) for __aeabi_fsub
    function.o(.text) refers to ddiv.o(x$fpl$ddiv) for __aeabi_ddiv
    function.o(.text) refers to dflt_clz.o(x$fpl$dflt) for __aeabi_i2d
    function.o(.text) refers to fleqf.o(x$fpl$fleqf) for __aeabi_cfcmple
    can.o(.text) refers to stm32f10x_rcc.o(.text) for RCC_APB2PeriphClockCmd
    can.o(.text) refers to stm32f10x_gpio.o(.text) for GPIO_Init
    can.o(.text) refers to stm32f10x_can.o(.text) for CAN_Init
    can.o(.text) refers to misc.o(.text) for NVIC_Init
    can.o(.text) refers to can.o(.data) for eps_can_angle
    timer.o(.text) refers to stm32f10x_rcc.o(.text) for RCC_APB1PeriphClockCmd
    timer.o(.text) refers to stm32f10x_tim.o(.text) for TIM_TimeBaseInit
    timer.o(.text) refers to misc.o(.text) for NVIC_Init
    timer.o(.text) refers to can.o(.text) for Can_Send_Msg
    timer.o(.text) refers to stm32f10x_gpio.o(.text) for GPIO_Init
    timer.o(.text) refers to dflt_clz.o(x$fpl$dflt) for __aeabi_i2d
    timer.o(.text) refers to dflt_clz.o(x$fpl$dfltu) for __aeabi_ui2d
    timer.o(.text) refers to dmul.o(x$fpl$dmul) for __aeabi_dmul
    timer.o(.text) refers to ddiv.o(x$fpl$ddiv) for __aeabi_ddiv
    timer.o(.text) refers to d2f.o(x$fpl$d2f) for __aeabi_d2f
    timer.o(.text) refers to timer.o(.data) for engine_status
    timer.o(.text) refers to timer.o(.bss) for TIM_OCInitStructure
    delay.o(.text) refers to misc.o(.text) for SysTick_CLKSourceConfig
    delay.o(.text) refers to system_stm32f10x.o(.data) for SystemCoreClock
    delay.o(.text) refers to delay.o(.data) for fac_us
    usart.o(.text) refers (Special) to use_no_semi_2.o(.text) for __use_no_semihosting
    usart.o(.text) refers to stm32f10x_rcc.o(.text) for RCC_APB2PeriphClockCmd
    usart.o(.text) refers to stm32f10x_gpio.o(.text) for GPIO_Init
    usart.o(.text) refers to misc.o(.text) for NVIC_Init
    usart.o(.text) refers to stm32f10x_usart.o(.text) for USART_Init
[...]
    defsig_stak_inner.o(.text) refers to defsig_general.o(.text) for __default_signal_display
    defsig_pvfn_inner.o(.text) refers to defsig_general.o(.text) for __default_signal_display
    defsig_cppl_inner.o(.text) refers to defsig_general.o(.text) for __default_signal_display
    defsig_segv_inner.o(.text) refers to defsig_general.o(.text) for __default_signal_display
    defsig_other.o(.text) refers to defsig_general.o(.text) for __default_signal_display


==============================================================================

Removing Unused input sections from the image.

    Removing function.o(.text), (636 bytes).
    Removing sys.o(.emb_text), (6 bytes).
    Removing sys.o(.text), (12 bytes).
    Removing usart.o(.bss), (200 bytes).
    Removing core_cm3.o(.emb_text), (32 bytes).

5 unused section(s) (total 886 bytes) removed from the image.

==============================================================================

Image Symbol Table

    Local Symbols

    Symbol Name                              Value     Ov Type        Size  Object(Section)

    ../clib/angel/boardlib.s                 0x00000000   Number         0  boardshut.o ABSOLUTE
    ../clib/angel/boardlib.s                 0x00000000   Number         0  boardinit1.o ABSOLUTE
    ../clib/angel/boardlib.s                 0x00000000   Number         0  boardinit3.o ABSOLUTE
    ../clib/angel/boardlib.s                 0x00000000   Number         0  boardinit2.o ABSOLUTE
    ../clib/angel/handlers.s                 0x00000000   Number         0  __scatter_zi.o ABSOLUTE
    ../clib/angel/handlers.s                 0x00000000   Number         0  __scatter_copy.o ABSOLUTE
    ../clib/angel/kernel.s                   0x00000000   Number         0  __rtentry2.o ABSOLUTE
    ../clib/angel/kernel.s                   0x00000000   Number         0  __rtentry.o ABSOLUTE
    ../clib/angel/kernel.s                   0x00000000   Number         0  rtexit2.o ABSOLUTE
    ../clib/angel/kernel.s                   0x00000000   Number         0  rtexit.o ABSOLUTE
    ../clib/angel/kernel.s                   0x00000000   Number         0  __rtentry4.o ABSOLUTE
    ../clib/angel/rt.s                       0x00000000   Number         0  rt_locale_intlibspace.o ABSOLUTE
    ../clib/angel/rt.s                       0x00000000   Number         0  rt_locale.o ABSOLUTE
    ../clib/angel/rt.s                       0x00000000   Number         0  rt_raise.o ABSOLUTE
    ../clib/angel/scatter.s                  0x00000000   Number         0  __scatter.o ABSOLUTE
    ../clib/angel/startup.s                  0x00000000   Number         0  __main.o ABSOLUTE
    ../clib/angel/sys.s                      0x00000000   Number         0  sys_stackheap_outer.o ABSOLUTE
    ../clib/angel/sys.s                      0x00000000   Number         0  indicate_semi.o ABSOLUTE
    ../clib/angel/sys.s                      0x00000000   Number         0  use_no_semi_2.o ABSOLUTE
    ../clib/angel/sys.s                      0x00000000   Number         0  libspace.o ABSOLUTE
    ../clib/angel/sys.s                      0x00000000   Number         0  use_no_semi.o ABSOLUTE
    ../clib/angel/sysapp.c                   0x00000000   Number         0  sys_command.o ABSOLUTE
    ../clib/angel/sysapp.c                   0x00000000   Number         0  sys_wrch.o ABSOLUTE
    ../clib/armsys.c                         0x00000000   Number         0  no_argv.o ABSOLUTE
    ../clib/armsys.c                         0x00000000   Number         0  _get_argv_nomalloc.o ABSOLUTE
    ../clib/armsys.c                         0x00000000   Number         0  argv_veneer.o ABSOLUTE
    ../clib/armsys.c                         0x00000000   Number         0  argv_veneer.o ABSOLUTE
    ../clib/bigflt.c                         0x00000000   Number         0  bigflt0.o ABSOLUTE
    ../clib/btod.s                           0x00000000   Number         0  btod.o ABSOLUTE
    ../clib/heapalloc.c                      0x00000000   Number         0  hrguard.o ABSOLUTE
    ../clib/heapaux.c                        0x00000000   Number         0  heapauxi.o ABSOLUTE
    ../clib/libinit.s                        0x00000000   Number         0  libshutdown.o ABSOLUTE
    ../clib/libinit.s                        0x00000000   Number         0  libshutdown2.o ABSOLUTE
    ../clib/libinit.s                        0x00000000   Number         0  libinit2.o ABSOLUTE
    ../clib/libinit.s                        0x00000000   Number         0  libinit.o ABSOLUTE
    ../clib/locale.s                         0x00000000   Number         0  lc_numeric_c.o ABSOLUTE
    ../clib/longlong.s                       0x00000000   Number         0  lludiv10.o ABSOLUTE
    ../clib/memcpset.s                       0x00000000   Number         0  strcmpv7m.o ABSOLUTE
    ../clib/printf.c                         0x00000000   Number         0  __printf_flags_ss.o ABSOLUTE
    ../clib/printf.c                         0x00000000   Number         0  _printf_char_file.o ABSOLUTE
    ../clib/printf.c                         0x00000000   Number         0  __printf_wp.o ABSOLUTE
    ../clib/printf.c                         0x00000000   Number         0  __printf_flags_wp.o ABSOLUTE
    ../clib/printf.c                         0x00000000   Number         0  __printf_ss_wp.o ABSOLUTE
    ../clib/printf.c                         0x00000000   Number         0  __printf_flags_ss_wp.o ABSOLUTE
    ../clib/printf.c                         0x00000000   Number         0  __printf_nopercent.o ABSOLUTE
    ../clib/printf.c                         0x00000000   Number         0  _printf_fp_dec.o ABSOLUTE
    ../clib/printf.c                         0x00000000   Number         0  _printf_fp_infnan.o ABSOLUTE
    ../clib/printf.c                         0x00000000   Number         0  _printf_char_common.o ABSOLUTE
    ../clib/printf.c                         0x00000000   Number         0  __2printf.o ABSOLUTE
    ../clib/printf.c                         0x00000000   Number         0  noretval__2printf.o ABSOLUTE
    ../clib/printf.c                         0x00000000   Number         0  __printf.o ABSOLUTE
    ../clib/printf.c                         0x00000000   Number         0  __printf_flags.o ABSOLUTE
    ../clib/printf.c                         0x00000000   Number         0  __printf_ss.o ABSOLUTE
    ../clib/printf_percent.s                 0x00000000   Number         0  _printf_percent.o ABSOLUTE
    ../clib/printf_percent.s                 0x00000000   Number         0  _printf_percent_end.o ABSOLUTE
    ../clib/printf_percent.s                 0x00000000   Number         0  _printf_f.o ABSOLUTE
    ../clib/signal.c                         0x00000000   Number         0  defsig_rtred_inner.o ABSOLUTE
    ../clib/signal.c                         0x00000000   Number         0  defsig_segv_inner.o ABSOLUTE
    ../clib/signal.c                         0x00000000   Number         0  __raise.o ABSOLUTE
    ../clib/signal.c                         0x00000000   Number         0  defsig_pvfn_inner.o ABSOLUTE
    ../clib/signal.c                         0x00000000   Number         0  defsig_rtmem_outer.o ABSOLUTE
    ../clib/signal.c                         0x00000000   Number         0  defsig_stak_inner.o ABSOLUTE
    ../clib/signal.c                         0x00000000   Number         0  defsig_general.o ABSOLUTE
    ../clib/signal.c                         0x00000000   Number         0  defsig_cppl_inner.o ABSOLUTE
    ../clib/signal.c                         0x00000000   Number         0  defsig_fpe_inner.o ABSOLUTE
    ../clib/signal.c                         0x00000000   Number         0  defsig_rtmem_formal.o ABSOLUTE
    ../clib/signal.c                         0x00000000   Number         0  defsig_abrt_inner.o ABSOLUTE
    ../clib/signal.c                         0x00000000   Number         0  defsig_exit.o ABSOLUTE
    ../clib/signal.c                         0x00000000   Number         0  defsig_rtmem_inner.o ABSOLUTE
    ../clib/signal.c                         0x00000000   Number         0  defsig_other.o ABSOLUTE
    ../clib/signal.s                         0x00000000   Number         0  defsig.o ABSOLUTE
    ../clib/stdio.c                          0x00000000   Number         0  ferror_locked.o ABSOLUTE
    ../clib/stdio.c                          0x00000000   Number         0  ferror.o ABSOLUTE
    ../clib/stdlib.c                         0x00000000   Number         0  exit.o ABSOLUTE
    ../fplib/d2f.s                           0x00000000   Number         0  d2f.o ABSOLUTE
    ../fplib/daddsub.s                       0x00000000   Number         0  daddsub_clz.o ABSOLUTE
    ../fplib/dcmpi.s                         0x00000000   Number         0  dcmpi.o ABSOLUTE
    ../fplib/ddiv.s                          0x00000000   Number         0  ddiv.o ABSOLUTE
    ../fplib/dfix.s                          0x00000000   Number         0  dfix.o ABSOLUTE
    ../fplib/dflt.s                          0x00000000   Number         0  dflt_clz.o ABSOLUTE
    ../fplib/dleqf.s                         0x00000000   Number         0  dleqf.o ABSOLUTE
    ../fplib/dmul.s                          0x00000000   Number         0  dmul.o ABSOLUTE
    ../fplib/dnaninf.s                       0x00000000   Number         0  dnaninf.o ABSOLUTE
    ../fplib/dretinf.s                       0x00000000   Number         0  dretinf.o ABSOLUTE
    ../fplib/drleqf.s                        0x00000000   Number         0  drleqf.o ABSOLUTE
    ../fplib/f2d.s                           0x00000000   Number         0  f2d.o ABSOLUTE
    ../fplib/faddsub.s                       0x00000000   Number         0  faddsub_clz.o ABSOLUTE
    ../fplib/fcmpi.s                         0x00000000   Number         0  fcmpi.o ABSOLUTE
    ../fplib/fdiv.s                          0x00000000   Number         0  fdiv.o ABSOLUTE
    ../fplib/fleqf.s                         0x00000000   Number         0  fleqf.o ABSOLUTE
    ../fplib/fmul.s                          0x00000000   Number         0  fmul.o ABSOLUTE
    ../fplib/fnaninf.s                       0x00000000   Number         0  fnaninf.o ABSOLUTE
    ../fplib/fpinit.s                        0x00000000   Number         0  fpinit.o ABSOLUTE
    ../fplib/fretinf.s                       0x00000000   Number         0  fretinf.o ABSOLUTE
    ../fplib/frleqf.s                        0x00000000   Number         0  frleqf.o ABSOLUTE
    ../fplib/istatus.s                       0x00000000   Number         0  istatus.o ABSOLUTE
    ../fplib/printf1.s                       0x00000000   Number         0  printf1.o ABSOLUTE
    ../fplib/usenofp.s                       0x00000000   Number         0  usenofp.o ABSOLUTE
    ../mathlib/ceil.c                        0x00000000   Number         0  ceil.o ABSOLUTE
    ../mathlib/floor.c                       0x00000000   Number         0  floor.o ABSOLUTE
    ../mathlib/fpclassify.c                  0x00000000   Number         0  fpclassify.o ABSOLUTE
    ..\CORE\core_cm3.c                       0x00000000   Number         0  core_cm3.o ABSOLUTE
    ..\CORE\startup_stm32f10x_hd.s           0x00000000   Number         0  startup_stm32f10x_hd.o ABSOLUTE
    ..\HARDWARE\BEEP\beep.c                  0x00000000   Number         0  beep.o ABSOLUTE
    ..\HARDWARE\CAN\can.c                    0x00000000   Number         0  can.o ABSOLUTE
    ..\HARDWARE\EXTI\exti.c                  0x00000000   Number         0  exti.o ABSOLUTE
    ..\HARDWARE\KEY\key.c                    0x00000000   Number         0  key.o ABSOLUTE
    ..\HARDWARE\LED\led.c                    0x00000000   Number         0  led.o ABSOLUTE
    ..\HARDWARE\TIMER\timer.c                0x00000000   Number         0  timer.o ABSOLUTE
    ..\STM32F10x_FWLib\src\misc.c            0x00000000   Number         0  misc.o ABSOLUTE
    ..\STM32F10x_FWLib\src\stm32f10x_can.c   0x00000000   Number         0  stm32f10x_can.o ABSOLUTE
    ..\STM32F10x_FWLib\src\stm32f10x_exti.c  0x00000000   Number         0  stm32f10x_exti.o ABSOLUTE
    ..\STM32F10x_FWLib\src\stm32f10x_gpio.c  0x00000000   Number         0  stm32f10x_gpio.o ABSOLUTE
    ..\STM32F10x_FWLib\src\stm32f10x_rcc.c   0x00000000   Number         0  stm32f10x_rcc.o ABSOLUTE
    ..\STM32F10x_FWLib\src\stm32f10x_tim.c   0x00000000   Number         0  stm32f10x_tim.o ABSOLUTE
    ..\STM32F10x_FWLib\src\stm32f10x_usart.c 0x00000000   Number         0  stm32f10x_usart.o ABSOLUTE
    ..\SYSTEM\delay\delay.c                  0x00000000   Number         0  delay.o ABSOLUTE
    ..\SYSTEM\sys\sys.c                      0x00000000   Number         0  sys.o ABSOLUTE
    ..\SYSTEM\usart\usart.c                  0x00000000   Number         0  usart.o ABSOLUTE
    ..\\CORE\\core_cm3.c                     0x00000000   Number         0  core_cm3.o ABSOLUTE
    ..\\SYSTEM\\sys\\sys.c                   0x00000000   Number         0  sys.o ABSOLUTE
    dc.s                                     0x00000000   Number         0  dc.o ABSOLUTE
    function.c                               0x00000000   Number         0  function.o ABSOLUTE
    main.c                                   0x00000000   Number         0  main.o ABSOLUTE
    stm32f10x_it.c                           0x00000000   Number         0  stm32f10x_it.o ABSOLUTE
    system_stm32f10x.c                       0x00000000   Number         0  system_stm32f10x.o ABSOLUTE
    RESET                                    0x08000000   Section      304  startup_stm32f10x_hd.o(RESET)
    !!!main                                  0x08000130   Section        8  __main.o(!!!main)
    !!!scatter                               0x08000138   Section       52  __scatter.o(!!!scatter)
    !!handler_copy                           0x0800016c   Section       26  __scatter_copy.o(!!handler_copy)
    !!handler_zi                             0x08000188   Section       28  __scatter_zi.o(!!handler_zi)
    .ARM.Collect$$_printf_percent$$00000000  0x080001a4   Section        0  _printf_percent.o(.ARM.Collect$$_printf_percent$$00000000)
    .ARM.Collect$$_printf_percent$$00000003  0x080001a4   Section        6  _printf_f.o(.ARM.Collect$$_printf_percent$$00000003)
    .ARM.Collect$$_printf_percent$$00000017  0x080001aa   Section        4  _printf_percent_end.o(.ARM.Collect$$_printf_percent$$00000017)
    .ARM.Collect$$libinit$$00000000          0x080001ae   Section        2  libinit.o(.ARM.Collect$$libinit$$00000000)
    .ARM.Collect$$libinit$$00000002          0x080001b0   Section        0  libinit2.o(.ARM.Collect$$libinit$$00000002)
    .ARM.Collect$$libinit$$00000004          0x080001b0   Section        0  libinit2.o(.ARM.Collect$$libinit$$00000004)
    .ARM.Collect$$libinit$$0000000A          0x080001b0   Section        0  libinit2.o(.ARM.Collect$$libinit$$0000000A)
    .ARM.Collect$$libinit$$0000000C          0x080001b0   Section        0  libinit2.o(.ARM.Collect$$libinit$$0000000C)
    .ARM.Collect$$libinit$$0000000E          0x080001b0   Section        0  libinit2.o(.ARM.Collect$$libinit$$0000000E)
    .ARM.Collect$$libinit$$0000000F          0x080001b0   Section        6  libinit2.o(.ARM.Collect$$libinit$$0000000F)
    .ARM.Collect$$libinit$$00000011          0x080001b6   Section        0  libinit2.o(.ARM.Collect$$libinit$$00000011)
    .ARM.Collect$$libinit$$00000013          0x080001b6   Section        0  libinit2.o(.ARM.Collect$$libinit$$00000013)
    .ARM.Collect$$libinit$$00000015          0x080001b6   Section        0  libinit2.o(.ARM.Collect$$libinit$$00000015)
    .ARM.Collect$$libinit$$00000016          0x080001b6   Section       10  libinit2.o(.ARM.Collect$$libinit$$00000016)
    .ARM.Collect$$libinit$$00000017          0x080001c0   Section        0  libinit2.o(.ARM.Collect$$libinit$$00000017)
    .ARM.Collect$$libinit$$00000019          0x080001c0   Section        0  libinit2.o(.ARM.Collect$$libinit$$00000019)
    .ARM.Collect$$libinit$$0000001B          0x080001c0   Section        0  libinit2.o(.ARM.Collect$$libinit$$0000001B)
    .ARM.Collect$$libinit$$0000001D          0x080001c0   Section        0  libinit2.o(.ARM.Collect$$libinit$$0000001D)
    .ARM.Collect$$libinit$$0000001F          0x080001c0   Section        0  libinit2.o(.ARM.Collect$$libinit$$0000001F)
    .ARM.Collect$$libinit$$00000021          0x080001c0   Section        0  libinit2.o(.ARM.Collect$$libinit$$00000021)
    .ARM.Collect$$libinit$$00000023          0x080001c0   Section        0  libinit2.o(.ARM.Collect$$libinit$$00000023)
    .ARM.Collect$$libinit$$00000025          0x080001c0   Section        0  libinit2.o(.ARM.Collect$$libinit$$00000025)
    .ARM.Collect$$libinit$$0000002C          0x080001c0   Section        0  libinit2.o(.ARM.Collect$$libinit$$0000002C)
    .ARM.Collect$$libinit$$0000002E          0x080001c0   Section        0  libinit2.o(.ARM.Collect$$libinit$$0000002E)
    .ARM.Collect$$libinit$$00000030          0x080001c0   Section        0  libinit2.o(.ARM.Collect$$libinit$$00000030)
    .ARM.Collect$$libinit$$00000032          0x080001c0   Section        0  libinit2.o(.ARM.Collect$$libinit$$00000032)
    .ARM.Collect$$libinit$$00000033          0x080001c0   Section        2  libinit2.o(.ARM.Collect$$libinit$$00000033)
    .ARM.Collect$$libshutdown$$00000000      0x080001c2   Section        2  libshutdown.o(.ARM.Collect$$libshutdown$$00000000)
    .ARM.Collect$$libshutdown$$00000003      0x080001c4   Section        0  libshutdown2.o(.ARM.Collect$$libshutdown$$00000003)
    .ARM.Collect$$libshutdown$$00000006      0x080001c4   Section        0  libshutdown2.o(.ARM.Collect$$libshutdown$$00000006)
    .ARM.Collect$$libshutdown$$00000009      0x080001c4   Section        0  libshutdown2.o(.ARM.Collect$$libshutdown$$00000009)
    .ARM.Collect$$libshutdown$$0000000B      0x080001c4   Section        0  libshutdown2.o(.ARM.Collect$$libshutdown$$0000000B)
    .ARM.Collect$$libshutdown$$0000000E      0x080001c4   Section        0  libshutdown2.o(.ARM.Collect$$libshutdown$$0000000E)
    .ARM.Collect$$libshutdown$$0000000F      0x080001c4   Section        2  libshutdown2.o(.ARM.Collect$$libshutdown$$0000000F)
    .ARM.Collect$$rtentry$$00000000          0x080001c6   Section        0  __rtentry.o(.ARM.Collect$$rtentry$$00000000)
    .ARM.Collect$$rtentry$$00000002          0x080001c6   Section        0  __rtentry2.o(.ARM.Collect$$rtentry$$00000002)
    .ARM.Collect$$rtentry$$00000004          0x080001c6   Section        6  __rtentry4.o(.ARM.Collect$$rtentry$$00000004)
    .ARM.Collect$$rtentry$$00000009          0x080001cc   Section        0  __rtentry2.o(.ARM.Collect$$rtentry$$00000009)
    .ARM.Collect$$rtentry$$0000000A          0x080001cc   Section        4  __rtentry2.o(.ARM.Collect$$rtentry$$0000000A)
    .ARM.Collect$$rtentry$$0000000C          0x080001d0   Section        0  __rtentry2.o(.ARM.Collect$$rtentry$$0000000C)
    .ARM.Collect$$rtentry$$0000000D          0x080001d0   Section        8  __rtentry2.o(.ARM.Collect$$rtentry$$0000000D)
    .ARM.Collect$$rtexit$$00000000           0x080001d8   Section        2  rtexit.o(.ARM.Collect$$rtexit$$00000000)
    .ARM.Collect$$rtexit$$00000002           0x080001da   Section        0  rtexit2.o(.ARM.Collect$$rtexit$$00000002)
    .ARM.Collect$$rtexit$$00000003           0x080001da   Section        4  rtexit2.o(.ARM.Collect$$rtexit$$00000003)
    .ARM.Collect$$rtexit$$00000004           0x080001de   Section        6  rtexit2.o(.ARM.Collect$$rtexit$$00000004)
    .text                                    0x080001e4   Section        0  main.o(.text)
    .text                                    0x0800029c   Section        0  stm32f10x_it.o(.text)
    .text                                    0x080002b8   Section        0  system_stm32f10x.o(.text)
    SetSysClockTo72                          0x080002b9   Thumb Code   214  system_stm32f10x.o(.text)
    SetSysClock                              0x0800038f   Thumb Code     8  system_stm32f10x.o(.text)
    .text                                    0x08000498   Section        0  led.o(.text)
    .text                                    0x080004e4   Section        0  key.o(.text)
    .text                                    0x080005bc   Section        0  beep.o(.text)
    .text                                    0x080005f4   Section        0  exti.o(.text)
    .text                                    0x0800077c   Section        0  can.o(.text)
    .text                                    0x08000950   Section        0  timer.o(.text)
    .text                                    0x08000d84   Section        0  delay.o(.text)
    .text                                    0x08000e58   Section        0  usart.o(.text)
    .text                                    0x08000fc4   Section       64  startup_stm32f10x_hd.o(.text)
    .text                                    0x08001004   Section        0  misc.o(.text)
    .text                                    0x080010e0   Section        0  stm32f10x_gpio.o(.text)
    .text                                    0x0800143c   Section        0  stm32f10x_rcc.o(.text)
    .text                                    0x080017e0   Section        0  stm32f10x_usart.o(.text)
    .text                                    0x08001be8   Section        0  stm32f10x_exti.o(.text)
    .text                                    0x08001d04   Section        0  stm32f10x_can.o(.text)
    CheckITStatus                            0x08002507   Thumb Code    18  stm32f10x_can.o(.text)
    .text                                    0x080026f4   Section        0  stm32f10x_tim.o(.text)
    TI4_Config                               0x08002b9b   Thumb Code   130  stm32f10x_tim.o(.text)
    TI3_Config                               0x08002c2f   Thumb Code   122  stm32f10x_tim.o(.text)
    TI2_Config                               0x08002cc3   Thumb Code   130  stm32f10x_tim.o(.text)
    TI1_Config                               0x08002d57   Thumb Code   108  stm32f10x_tim.o(.text)
    .text                                    0x0800350e   Section        2  use_no_semi_2.o(.text)
    .text                                    0x08003510   Section        0  noretval__2printf.o(.text)
    .text                                    0x08003528   Section        0  __printf.o(.text)
    .text                                    0x08003590   Section        0  heapauxi.o(.text)
    .text                                    0x08003596   Section        2  use_no_semi.o(.text)
    .text                                    0x08003598   Section        0  _printf_fp_dec.o(.text)
    _fp_digits                               0x0800359b   Thumb Code   428  _printf_fp_dec.o(.text)
    .text                                    0x080039b4   Section        0  _printf_char_file.o(.text)
    .text                                    0x080039d8   Section        8  rt_locale_intlibspace.o(.text)
    .text                                    0x080039e0   Section      138  lludiv10.o(.text)
    .text                                    0x08003a6c   Section        0  _printf_char_common.o(.text)
    _printf_input_char                       0x08003a6d   Thumb Code    10  _printf_char_common.o(.text)
    .text                                    0x08003a9c   Section        0  _printf_fp_infnan.o(.text)
    .text                                    0x08003b1c   Section        0  bigflt0.o(.text)
    .text                                    0x08003bf8   Section        0  ferror.o(.text)
    .text                                    0x08003c00   Section        8  libspace.o(.text)
    .text                                    0x08003c08   Section       74  sys_stackheap_outer.o(.text)
    .text                                    0x08003c52   Section        0  exit.o(.text)
    .text                                    0x08003c60   Section      128  strcmpv7m.o(.text)
    CL$$btod_d2e                             0x08003ce0   Section       62  btod.o(CL$$btod_d2e)
    CL$$btod_d2e_denorm_low                  0x08003d1e   Section       70  btod.o(CL$$btod_d2e_denorm_low)
    CL$$btod_d2e_norm_op1                    0x08003d64   Section       96  btod.o(CL$$btod_d2e_norm_op1)
    CL$$btod_div_common                      0x08003dc4   Section      824  btod.o(CL$$btod_div_common)
    CL$$btod_e2e                             0x080040fc   Section      198  btod.o(CL$$btod_e2e)
    CL$$btod_ediv                            0x080041c2   Section       40  btod.o(CL$$btod_ediv)
    CL$$btod_emul                            0x080041ea   Section       40  btod.o(CL$$btod_emul)
    CL$$btod_mult_common                     0x08004212   Section      580  btod.o(CL$$btod_mult_common)
    i.__ARM_fpclassify                       0x08004456   Section        0  fpclassify.o(i.__ARM_fpclassify)
    locale$$code                             0x08004480   Section       44  lc_numeric_c.o(locale$$code)
    x$fpl$d2f                                0x080044ac   Section       98  d2f.o(x$fpl$d2f)
    x$fpl$ddiv                               0x08004510   Section      688  ddiv.o(x$fpl$ddiv)
    ddiv_entry                               0x08004517   Thumb Code     0  ddiv.o(x$fpl$ddiv)
    x$fpl$dflt                               0x080047c0   Section       46  dflt_clz.o(x$fpl$dflt)
    x$fpl$dfltu                              0x080047ee   Section       38  dflt_clz.o(x$fpl$dfltu)
    x$fpl$dmul                               0x08004814   Section      340  dmul.o(x$fpl$dmul)
    x$fpl$dnaninf                            0x08004968   Section      156  dnaninf.o(x$fpl$dnaninf)
    x$fpl$dretinf                            0x08004a04   Section       12  dretinf.o(x$fpl$dretinf)
    x$fpl$fretinf                            0x08004a10   Section       10  fretinf.o(x$fpl$fretinf)
    x$fpl$printf1                            0x08004a1a   Section        4  printf1.o(x$fpl$printf1)
    x$fpl$usenofp                            0x08004a1e   Section        0  usenofp.o(x$fpl$usenofp)
    .constdata                               0x08004a20   Section      148  bigflt0.o(.constdata)
    tenpwrs_x                                0x08004a20   Data          60  bigflt0.o(.constdata)
    tenpwrs_i                                0x08004a5c   Data          64  bigflt0.o(.constdata)
    locale$$data                             0x08004ad4   Section       28  lc_numeric_c.o(locale$$data)
    __lcnum_c_name                           0x08004ad8   Data           2  lc_numeric_c.o(locale$$data)
    __lcnum_c_start                          0x08004ae0   Data           0  lc_numeric_c.o(locale$$data)
    __lcnum_c_point                          0x08004aec   Data           0  lc_numeric_c.o(locale$$data)
    __lcnum_c_thousands                      0x08004aee   Data           0  lc_numeric_c.o(locale$$data)
    __lcnum_c_grouping                       0x08004aef   Data           0  lc_numeric_c.o(locale$$data)
    __lcnum_c_end                            0x08004af0   Data           0  lc_numeric_c.o(locale$$data)
    .data                                    0x20000000   Section       20  system_stm32f10x.o(.data)
    .data                                    0x20000014   Section        1  key.o(.data)
    key_up                                   0x20000014   Data           1  key.o(.data)
    .data                                    0x20000016   Section        2  can.o(.data)
    .data                                    0x20000018   Section       52  timer.o(.data)
    cnt                                      0x2000004a   Data           2  timer.o(.data)
    .data                                    0x2000004c   Section        4  delay.o(.data)
    fac_us                                   0x2000004c   Data           1  delay.o(.data)
    fac_ms                                   0x2000004e   Data           2  delay.o(.data)
    .data                                    0x20000050   Section       11  usart.o(.data)
    i                                        0x2000005a   Data           1  usart.o(.data)
    .data                                    0x2000005b   Section       20  stm32f10x_rcc.o(.data)
    APBAHBPrescTable                         0x2000005b   Data          16  stm32f10x_rcc.o(.data)
    ADCPrescTable                            0x2000006b   Data           4  stm32f10x_rcc.o(.data)
    .bss                                     0x20000070   Section       16  timer.o(.bss)
    .bss                                     0x20000080   Section       96  libspace.o(.bss)
    HEAP                                     0x200000e0   Section      512  startup_stm32f10x_hd.o(HEAP)
    Heap_Mem                                 0x200000e0   Data         512  startup_stm32f10x_hd.o(HEAP)
    STACK                                    0x200002e0   Section     1024  startup_stm32f10x_hd.o(STACK)
    Stack_Mem                                0x200002e0   Data        1024  startup_stm32f10x_hd.o(STACK)
    __initial_sp                             0x200006e0   Data           0  startup_stm32f10x_hd.o(STACK)

    Global Symbols

    Symbol Name                              Value     Ov Type        Size  Object(Section)

    BuildAttributes$$THM_ISAv4$P$D$K$B$S$PE$A:L22UL41UL21$X:L11$S22US41US21$IEEE1$IW$USESV6$~STKCKD$USESV7$~SHL$OTIME$ROPI$IEEEJ$EBA8$UX$STANDARDLIB$REQ8$PRES8$EABIv2 0x00000000   Number         0  anon$$obj.o ABSOLUTE
    __ARM_use_no_argv                        0x00000000   Number         0  main.o ABSOLUTE
    __ARM_exceptions_init                     - Undefined Weak Reference
    __alloca_initialize                       - Undefined Weak Reference
    __arm_preinit_                            - Undefined Weak Reference
    __cpp_initialize__aeabi_                  - Undefined Weak Reference
    __cxa_finalize                            - Undefined Weak Reference
    __sigvec_lookup                           - Undefined Weak Reference
    _atexit_init                              - Undefined Weak Reference
    _call_atexit_fns                          - Undefined Weak Reference
    _clock_init                               - Undefined Weak Reference
    _fp_trap_init                             - Undefined Weak Reference
    _fp_trap_shutdown                         - Undefined Weak Reference
    _get_lc_collate                           - Undefined Weak Reference
    _get_lc_ctype                             - Undefined Weak Reference
    _get_lc_monetary                          - Undefined Weak Reference
    _get_lc_time                              - Undefined Weak Reference
    _getenv_init                              - Undefined Weak Reference
    _handle_redirection                       - Undefined Weak Reference
    _init_alloc                               - Undefined Weak Reference
    _init_user_alloc                          - Undefined Weak Reference
    _initio                                   - Undefined Weak Reference
    _mutex_acquire                            - Undefined Weak Reference
    _mutex_release                            - Undefined Weak Reference
    _printf_post_padding                      - Undefined Weak Reference
    _printf_pre_padding                       - Undefined Weak Reference
    _rand_init                                - Undefined Weak Reference
    _signal_finish                            - Undefined Weak Reference
    _signal_init                              - Undefined Weak Reference
    _terminate_alloc                          - Undefined Weak Reference
    _terminate_user_alloc                     - Undefined Weak Reference
    _terminateio                              - Undefined Weak Reference
    __Vectors_Size                           0x00000130   Number         0  startup_stm32f10x_hd.o ABSOLUTE
    __Vectors                                0x08000000   Data           4  startup_stm32f10x_hd.o(RESET)
    __Vectors_End                            0x08000130   Data           0  startup_stm32f10x_hd.o(RESET)
    __main                                   0x08000131   Thumb Code     8  __main.o(!!!main)
    __scatterload                            0x08000139   Thumb Code     0  __scatter.o(!!!scatter)
    __scatterload_rt2                        0x08000139   Thumb Code    44  __scatter.o(!!!scatter)
    __scatterload_rt2_thumb_only             0x08000139   Thumb Code     0  __scatter.o(!!!scatter)
    __scatterload_null                       0x08000147   Thumb Code     0  __scatter.o(!!!scatter)
    __scatterload_copy                       0x0800016d   Thumb Code    26  __scatter_copy.o(!!handler_copy)
    __scatterload_zeroinit                   0x08000189   Thumb Code    28  __scatter_zi.o(!!handler_zi)
    _printf_f                                0x080001a5   Thumb Code     0  _printf_f.o(.ARM.Collect$$_printf_percent$$00000003)
    _printf_percent                          0x080001a5   Thumb Code     0  _printf_percent.o(.ARM.Collect$$_printf_percent$$00000000)
    _printf_percent_end                      0x080001ab   Thumb Code     0  _printf_percent_end.o(.ARM.Collect$$_printf_percent$$00000017)
    __rt_lib_init                            0x080001af   Thumb Code     0  libinit.o(.ARM.Collect$$libinit$$00000000)
    __rt_lib_init_fp_1                       0x080001b1   Thumb Code     0  libinit2.o(.ARM.Collect$$libinit$$00000002)
    __rt_lib_init_heap_1                     0x080001b1   Thumb Code     0  libinit2.o(.ARM.Collect$$libinit$$0000000A)
    __rt_lib_init_lc_common                  0x080001b1   Thumb Code     0  libinit2.o(.ARM.Collect$$libinit$$0000000F)
    __rt_lib_init_preinit_1                  0x080001b1   Thumb Code     0  libinit2.o(.ARM.Collect$$libinit$$00000004)
    __rt_lib_init_rand_1                     0x080001b1   Thumb Code     0  libinit2.o(.ARM.Collect$$libinit$$0000000E)
    __rt_lib_init_user_alloc_1               0x080001b1   Thumb Code     0  libinit2.o(.ARM.Collect$$libinit$$0000000C)
    __rt_lib_init_lc_collate_1               0x080001b7   Thumb Code     0  libinit2.o(.ARM.Collect$$libinit$$00000011)
    __rt_lib_init_lc_ctype_1                 0x080001b7   Thumb Code     0  libinit2.o(.ARM.Collect$$libinit$$00000013)
    __rt_lib_init_lc_monetary_1              0x080001b7   Thumb Code     0  libinit2.o(.ARM.Collect$$libinit$$00000015)
    __rt_lib_init_lc_numeric_2               0x080001b7   Thumb Code     0  libinit2.o(.ARM.Collect$$libinit$$00000016)
    __rt_lib_init_alloca_1                   0x080001c1   Thumb Code     0  libinit2.o(.ARM.Collect$$libinit$$0000002E)
    __rt_lib_init_argv_1                     0x080001c1   Thumb Code     0  libinit2.o(.ARM.Collect$$libinit$$0000002C)
    __rt_lib_init_atexit_1                   0x080001c1   Thumb Code     0  libinit2.o(.ARM.Collect$$libinit$$0000001B)
    __rt_lib_init_clock_1                    0x080001c1   Thumb Code     0  libinit2.o(.ARM.Collect$$libinit$$00000021)
    __rt_lib_init_cpp_1                      0x080001c1   Thumb Code     0  libinit2.o(.ARM.Collect$$libinit$$00000032)
    __rt_lib_init_exceptions_1               0x080001c1   Thumb Code     0  libinit2.o(.ARM.Collect$$libinit$$00000030)
    __rt_lib_init_fp_trap_1                  0x080001c1   Thumb Code     0  libinit2.o(.ARM.Collect$$libinit$$0000001F)
    __rt_lib_init_getenv_1                   0x080001c1   Thumb Code     0  libinit2.o(.ARM.Collect$$libinit$$00000023)
    __rt_lib_init_lc_numeric_1               0x080001c1   Thumb Code     0  libinit2.o(.ARM.Collect$$libinit$$00000017)
    __rt_lib_init_lc_time_1                  0x080001c1   Thumb Code     0  libinit2.o(.ARM.Collect$$libinit$$00000019)
    __rt_lib_init_return                     0x080001c1   Thumb Code     0  libinit2.o(.ARM.Collect$$libinit$$00000033)
    __rt_lib_init_signal_1                   0x080001c1   Thumb Code     0  libinit2.o(.ARM.Collect$$libinit$$0000001D)
    __rt_lib_init_stdio_1                    0x080001c1   Thumb Code     0  libinit2.o(.ARM.Collect$$libinit$$00000025)
    __rt_lib_shutdown                        0x080001c3   Thumb Code     0  libshutdown.o(.ARM.Collect$$libshutdown$$00000000)
    __rt_lib_shutdown_fp_trap_1              0x080001c5   Thumb Code     0  libshutdown2.o(.ARM.Collect$$libshutdown$$00000006)
    __rt_lib_shutdown_heap_1                 0x080001c5   Thumb Code     0  libshutdown2.o(.ARM.Collect$$libshutdown$$0000000E)
    __rt_lib_shutdown_return                 0x080001c5   Thumb Code     0  libshutdown2.o(.ARM.Collect$$libshutdown$$0000000F)
    __rt_lib_shutdown_signal_1               0x080001c5   Thumb Code     0  libshutdown2.o(.ARM.Collect$$libshutdown$$00000009)
    __rt_lib_shutdown_stdio_1                0x080001c5   Thumb Code     0  libshutdown2.o(.ARM.Collect$$libshutdown$$00000003)
    __rt_lib_shutdown_user_alloc_1           0x080001c5   Thumb Code     0  libshutdown2.o(.ARM.Collect$$libshutdown$$0000000B)
    __rt_entry                               0x080001c7   Thumb Code     0  __rtentry.o(.ARM.Collect$$rtentry$$00000000)
    __rt_entry_presh_1                       0x080001c7   Thumb Code     0  __rtentry2.o(.ARM.Collect$$rtentry$$00000002)
    __rt_entry_sh                            0x080001c7   Thumb Code     0  __rtentry4.o(.ARM.Collect$$rtentry$$00000004)
    __rt_entry_li                            0x080001cd   Thumb Code     0  __rtentry2.o(.ARM.Collect$$rtentry$$0000000A)
    __rt_entry_postsh_1                      0x080001cd   Thumb Code     0  __rtentry2.o(.ARM.Collect$$rtentry$$00000009)
    __rt_entry_main                          0x080001d1   Thumb Code     0  __rtentry2.o(.ARM.Collect$$rtentry$$0000000D)
    __rt_entry_postli_1                      0x080001d1   Thumb Code     0  __rtentry2.o(.ARM.Collect$$rtentry$$0000000C)
    __rt_exit                                0x080001d9   Thumb Code     0  rtexit.o(.ARM.Collect$$rtexit$$00000000)
    __rt_exit_ls                             0x080001db   Thumb Code     0  rtexit2.o(.ARM.Collect$$rtexit$$00000003)
    __rt_exit_prels_1                        0x080001db   Thumb Code     0  rtexit2.o(.ARM.Collect$$rtexit$$00000002)
    __rt_exit_exit                           0x080001df   Thumb Code     0  rtexit2.o(.ARM.Collect$$rtexit$$00000004)
    main                                     0x080001e5   Thumb Code   140  main.o(.text)
    NMI_Handler                              0x0800029d   Thumb Code     2  stm32f10x_it.o(.text)
    HardFault_Handler                        0x0800029f   Thumb Code     4  stm32f10x_it.o(.text)
    MemManage_Handler                        0x080002a3   Thumb Code     4  stm32f10x_it.o(.text)
    BusFault_Handler                         0x080002a7   Thumb Code     4  stm32f10x_it.o(.text)
    UsageFault_Handler                       0x080002ab   Thumb Code     4  stm32f10x_it.o(.text)
    SVC_Handler                              0x080002af   Thumb Code     2  stm32f10x_it.o(.text)
    DebugMon_Handler                         0x080002b1   Thumb Code     2  stm32f10x_it.o(.text)
    PendSV_Handler                           0x080002b3   Thumb Code     2  stm32f10x_it.o(.text)
    SysTick_Handler                          0x080002b5   Thumb Code     2  stm32f10x_it.o(.text)
    SystemInit                               0x08000397   Thumb Code    78  system_stm32f10x.o(.text)
    SystemCoreClockUpdate                    0x080003e5   Thumb Code   142  system_stm32f10x.o(.text)
    LED_Init                                 0x08000499   Thumb Code    68  led.o(.text)
    KEY_Init                                 0x080004e5   Thumb Code    52  key.o(.text)
    KEY_Scan                                 0x08000519   Thumb Code   150  key.o(.text)
    BEEP_Init                                0x080005bd   Thumb Code    50  beep.o(.text)
    EXTIX_Init                               0x080005f5   Thumb Code   176  exti.o(.text)
    EXTI0_IRQHandler                         0x080006a5   Thumb Code    24  exti.o(.text)
    EXTI3_IRQHandler                         0x080006bd   Thumb Code    84  exti.o(.text)
    EXTI4_IRQHandler                         0x08000711   Thumb Code    86  exti.o(.text)
    CAN_Mode_Init                            0x0800077d   Thumb Code   240  can.o(.text)
    USB_LP_CAN1_RX0_IRQHandler               0x0800086d   Thumb Code    48  can.o(.text)
    Can_Send_Msg                             0x0800089d   Thumb Code   112  can.o(.text)
    Can_Receive_Msg                          0x0800090d   Thumb Code    56  can.o(.text)
    TIM2_Init                                0x08000951   Thumb Code    88  timer.o(.text)
    TIM2_IRQHandler                          0x080009a9   Thumb Code    84  timer.o(.text)
    TIM3_PWM_Init                            0x080009fd   Thumb Code   138  timer.o(.text)
    TIM5_Cap_Init                            0x08000a87   Thumb Code   168  timer.o(.text)
    TIM5_IRQHandler                          0x08000b2f   Thumb Code   508  timer.o(.text)
    delay_init                               0x08000d85   Thumb Code    50  delay.o(.text)
    delay_us                                 0x08000db7   Thumb Code    72  delay.o(.text)
    delay_ms                                 0x08000dff   Thumb Code    72  delay.o(.text)
    _sys_exit                                0x08000e59   Thumb Code     6  usart.o(.text)
    fputc                                    0x08000e5f   Thumb Code    24  usart.o(.text)
    uart_init                                0x08000e77   Thumb Code   196  usart.o(.text)
    USART1_IRQHandler                        0x08000f3b   Thumb Code    14  usart.o(.text)
    USART2_IRQHandler                        0x08000f49   Thumb Code   102  usart.o(.text)
    Reset_Handler                            0x08000fc5   Thumb Code     8  startup_stm32f10x_hd.o(.text)
    ADC1_2_IRQHandler                        0x08000fdf   Thumb Code     0  startup_stm32f10x_hd.o(.text)
    ADC3_IRQHandler                          0x08000fdf   Thumb Code     0  startup_stm32f10x_hd.o(.text)
    CAN1_RX1_IRQHandler                      0x08000fdf   Thumb Code     0  startup_stm32f10x_hd.o(.text)
    CAN1_SCE_IRQHandler                      0x08000fdf   Thumb Code     0  startup_stm32f10x_hd.o(.text)
    DMA1_Channel1_IRQHandler                 0x08000fdf   Thumb Code     0  startup_stm32f10x_hd.o(.text)
    DMA1_Channel2_IRQHandler                 0x08000fdf   Thumb Code     0  startup_stm32f10x_hd.o(.text)
    DMA1_Channel3_IRQHandler                 0x08000fdf   Thumb Code     0  startup_stm32f10x_hd.o(.text)
    DMA1_Channel4_IRQHandler                 0x08000fdf   Thumb Code     0  startup_stm32f10x_hd.o(.text)
    DMA1_Channel5_IRQHandler                 0x08000fdf   Thumb Code     0  startup_stm32f10x_hd.o(.text)
    DMA1_Channel6_IRQHandler                 0x08000fdf   Thumb Code     0  startup_stm32f10x_hd.o(.text)
    DMA1_Channel7_IRQHandler                 0x08000fdf   Thumb Code     0  startup_stm32f10x_hd.o(.text)
    DMA2_Channel1_IRQHandler                 0x08000fdf   Thumb Code     0  startup_stm32f10x_hd.o(.text)
    DMA2_Channel2_IRQHandler                 0x08000fdf   Thumb Code     0  startup_stm32f10x_hd.o(.text)
    DMA2_Channel3_IRQHandler                 0x08000fdf   Thumb Code     0  startup_stm32f10x_hd.o(.text)
    DMA2_Channel4_5_IRQHandler               0x08000fdf   Thumb Code     0  startup_stm32f10x_hd.o(.text)
    EXTI15_10_IRQHandler                     0x08000fdf   Thumb Code     0  startup_stm32f10x_hd.o(.text)
    EXTI1_IRQHandler                         0x08000fdf   Thumb Code     0  startup_stm32f10x_hd.o(.text)
    EXTI2_IRQHandler                         0x08000fdf   Thumb Code     0  startup_stm32f10x_hd.o(.text)
    EXTI9_5_IRQHandler                       0x08000fdf   Thumb Code     0  startup_stm32f10x_hd.o(.text)
    FLASH_IRQHandler                         0x08000fdf   Thumb Code     0  startup_stm32f10x_hd.o(.text)
    FSMC_IRQHandler                          0x08000fdf   Thumb Code     0  startup_stm32f10x_hd.o(.text)
    I2C1_ER_IRQHandler                       0x08000fdf   Thumb Code     0  startup_stm32f10x_hd.o(.text)
    I2C1_EV_IRQHandler                       0x08000fdf   Thumb Code     0  startup_stm32f10x_hd.o(.text)
    I2C2_ER_IRQHandler                       0x08000fdf   Thumb Code     0  startup_stm32f10x_hd.o(.text)
    I2C2_EV_IRQHandler                       0x08000fdf   Thumb Code     0  startup_stm32f10x_hd.o(.text)
    PVD_IRQHandler                           0x08000fdf   Thumb Code     0  startup_stm32f10x_hd.o(.text)
    RCC_IRQHandler                           0x08000fdf   Thumb Code     0  startup_stm32f10x_hd.o(.text)
    RTCAlarm_IRQHandler                      0x08000fdf   Thumb Code     0  startup_stm32f10x_hd.o(.text)
    RTC_IRQHandler                           0x08000fdf   Thumb Code     0  startup_stm32f10x_hd.o(.text)
    SDIO_IRQHandler                          0x08000fdf   Thumb Code     0  startup_stm32f10x_hd.o(.text)
    SPI1_IRQHandler                          0x08000fdf   Thumb Code     0  startup_stm32f10x_hd.o(.text)
    SPI2_IRQHandler                          0x08000fdf   Thumb Code     0  startup_stm32f10x_hd.o(.text)
    SPI3_IRQHandler                          0x08000fdf   Thumb Code     0  startup_stm32f10x_hd.o(.text)
    TAMPER_IRQHandler                        0x08000fdf   Thumb Code     0  startup_stm32f10x_hd.o(.text)
    TIM1_BRK_IRQHandler                      0x08000fdf   Thumb Code     0  startup_stm32f10x_hd.o(.text)
    TIM1_CC_IRQHandler                       0x08000fdf   Thumb Code     0  startup_stm32f10x_hd.o(.text)
    TIM1_TRG_COM_IRQHandler                  0x08000fdf   Thumb Code     0  startup_stm32f10x_hd.o(.text)
    TIM1_UP_IRQHandler                       0x08000fdf   Thumb Code     0  startup_stm32f10x_hd.o(.text)
    TIM3_IRQHandler                          0x08000fdf   Thumb Code     0  startup_stm32f10x_hd.o(.text)
    TIM4_IRQHandler                          0x08000fdf   Thumb Code     0  startup_stm32f10x_hd.o(.text)
    TIM6_IRQHandler                          0x08000fdf   Thumb Code     0  startup_stm32f10x_hd.o(.text)
    TIM7_IRQHandler                          0x08000fdf   Thumb Code     0  startup_stm32f10x_hd.o(.text)
    TIM8_BRK_IRQHandler                      0x08000fdf   Thumb Code     0  startup_stm32f10x_hd.o(.text)
    TIM8_CC_IRQHandler                       0x08000fdf   Thumb Code     0  startup_stm32f10x_hd.o(.text)
    TIM8_TRG_COM_IRQHandler                  0x08000fdf   Thumb Code     0  startup_stm32f10x_hd.o(.text)
    TIM8_UP_IRQHandler                       0x08000fdf   Thumb Code     0  startup_stm32f10x_hd.o(.text)
    UART4_IRQHandler                         0x08000fdf   Thumb Code     0  startup_stm32f10x_hd.o(.text)
    UART5_IRQHandler                         0x08000fdf   Thumb Code     0  startup_stm32f10x_hd.o(.text)
    USART3_IRQHandler                        0x08000fdf   Thumb Code     0  startup_stm32f10x_hd.o(.text)
    USBWakeUp_IRQHandler                     0x08000fdf   Thumb Code     0  startup_stm32f10x_hd.o(.text)
    USB_HP_CAN1_TX_IRQHandler                0x08000fdf   Thumb Code     0  startup_stm32f10x_hd.o(.text)
    WWDG_IRQHandler                          0x08000fdf   Thumb Code     0  startup_stm32f10x_hd.o(.text)
    __user_initial_stackheap                 0x08000fe1   Thumb Code     0  startup_stm32f10x_hd.o(.text)
    NVIC_PriorityGroupConfig                 0x08001005   Thumb Code    10  misc.o(.text)
    NVIC_Init                                0x0800100f   Thumb Code   100  misc.o(.text)
    NVIC_SetVectorTable                      0x08001073   Thumb Code    14  misc.o(.text)
    NVIC_SystemLPConfig                      0x08001081   Thumb Code    34  misc.o(.text)
    SysTick_CLKSourceConfig                  0x080010a3   Thumb Code    40  misc.o(.text)
    GPIO_DeInit                              0x080010e1   Thumb Code   172  stm32f10x_gpio.o(.text)
    GPIO_AFIODeInit                          0x0800118d   Thumb Code    20  stm32f10x_gpio.o(.text)
    GPIO_Init                                0x080011a1   Thumb Code   278  stm32f10x_gpio.o(.text)
    GPIO_StructInit                          0x080012b7   Thumb Code    16  stm32f10x_gpio.o(.text)
    GPIO_ReadInputDataBit                    0x080012c7   Thumb Code    18  stm32f10x_gpio.o(.text)
    GPIO_ReadInputData                       0x080012d9   Thumb Code     8  stm32f10x_gpio.o(.text)
    GPIO_ReadOutputDataBit                   0x080012e1   Thumb Code    18  stm32f10x_gpio.o(.text)
    GPIO_ReadOutputData                      0x080012f3   Thumb Code     8  stm32f10x_gpio.o(.text)
    GPIO_SetBits                             0x080012fb   Thumb Code     4  stm32f10x_gpio.o(.text)
    GPIO_ResetBits                           0x080012ff   Thumb Code     4  stm32f10x_gpio.o(.text)
    GPIO_WriteBit                            0x08001303   Thumb Code    10  stm32f10x_gpio.o(.text)
    GPIO_Write                               0x0800130d   Thumb Code     4  stm32f10x_gpio.o(.text)
    GPIO_PinLockConfig                       0x08001311   Thumb Code    18  stm32f10x_gpio.o(.text)
    GPIO_EventOutputConfig                   0x08001323   Thumb Code    26  stm32f10x_gpio.o(.text)
    GPIO_EventOutputCmd                      0x0800133d   Thumb Code     6  stm32f10x_gpio.o(.text)
    GPIO_PinRemapConfig                      0x08001343   Thumb Code   138  stm32f10x_gpio.o(.text)
    GPIO_EXTILineConfig                      0x080013cd   Thumb Code    66  stm32f10x_gpio.o(.text)
    GPIO_ETH_MediaInterfaceConfig            0x0800140f   Thumb Code     8  stm32f10x_gpio.o(.text)
    RCC_DeInit                               0x0800143d   Thumb Code    64  stm32f10x_rcc.o(.text)
    RCC_HSEConfig                            0x0800147d   Thumb Code    70  stm32f10x_rcc.o(.text)
    RCC_GetFlagStatus                        0x080014c3   Thumb Code    56  stm32f10x_rcc.o(.text)
    RCC_WaitForHSEStartUp                    0x080014fb   Thumb Code    56  stm32f10x_rcc.o(.text)
    RCC_AdjustHSICalibrationValue            0x08001533   Thumb Code    20  stm32f10x_rcc.o(.text)
    RCC_HSICmd                               0x08001547   Thumb Code     6  stm32f10x_rcc.o(.text)
    RCC_PLLConfig                            0x0800154d   Thumb Code    24  stm32f10x_rcc.o(.text)
    RCC_PLLCmd                               0x08001565   Thumb Code     6  stm32f10x_rcc.o(.text)
    RCC_SYSCLKConfig                         0x0800156b   Thumb Code    18  stm32f10x_rcc.o(.text)
    RCC_GetSYSCLKSource                      0x0800157d   Thumb Code    10  stm32f10x_rcc.o(.text)
    RCC_HCLKConfig                           0x08001587   Thumb Code    18  stm32f10x_rcc.o(.text)
    RCC_PCLK1Config                          0x08001599   Thumb Code    18  stm32f10x_rcc.o(.text)
    RCC_PCLK2Config                          0x080015ab   Thumb Code    20  stm32f10x_rcc.o(.text)
    RCC_ITConfig                             0x080015bf   Thumb Code    26  stm32f10x_rcc.o(.text)
    RCC_USBCLKConfig                         0x080015d9   Thumb Code     8  stm32f10x_rcc.o(.text)
    RCC_ADCCLKConfig                         0x080015e1   Thumb Code    18  stm32f10x_rcc.o(.text)
    RCC_LSEConfig                            0x080015f3   Thumb Code    50  stm32f10x_rcc.o(.text)
    RCC_LSICmd                               0x08001625   Thumb Code     6  stm32f10x_rcc.o(.text)
    RCC_RTCCLKConfig                         0x0800162b   Thumb Code    12  stm32f10x_rcc.o(.text)
    RCC_RTCCLKCmd                            0x08001637   Thumb Code     8  stm32f10x_rcc.o(.text)
    RCC_GetClocksFreq                        0x0800163f   Thumb Code   192  stm32f10x_rcc.o(.text)
    RCC_AHBPeriphClockCmd                    0x080016ff   Thumb Code    26  stm32f10x_rcc.o(.text)
    RCC_APB2PeriphClockCmd                   0x08001719   Thumb Code    26  stm32f10x_rcc.o(.text)
    RCC_APB1PeriphClockCmd                   0x08001733   Thumb Code    26  stm32f10x_rcc.o(.text)
    RCC_APB2PeriphResetCmd                   0x0800174d   Thumb Code    26  stm32f10x_rcc.o(.text)
    RCC_APB1PeriphResetCmd                   0x08001767   Thumb Code    26  stm32f10x_rcc.o(.text)
    RCC_BackupResetCmd                       0x08001781   Thumb Code     8  stm32f10x_rcc.o(.text)
    RCC_ClockSecuritySystemCmd               0x08001789   Thumb Code     6  stm32f10x_rcc.o(.text)
    RCC_MCOConfig                            0x0800178f   Thumb Code     6  stm32f10x_rcc.o(.text)
    RCC_ClearFlag                            0x08001795   Thumb Code    14  stm32f10x_rcc.o(.text)
    RCC_GetITStatus                          0x080017a3   Thumb Code    20  stm32f10x_rcc.o(.text)
    RCC_ClearITPendingBit                    0x080017b7   Thumb Code     6  stm32f10x_rcc.o(.text)
    USART_DeInit                             0x080017e1   Thumb Code   134  stm32f10x_usart.o(.text)
    USART_Init                               0x08001867   Thumb Code   210  stm32f10x_usart.o(.text)
    USART_StructInit                         0x08001939   Thumb Code    24  stm32f10x_usart.o(.text)
    USART_ClockInit                          0x08001951   Thumb Code    34  stm32f10x_usart.o(.text)
    USART_ClockStructInit                    0x08001973   Thumb Code    12  stm32f10x_usart.o(.text)
    USART_Cmd                                0x0800197f   Thumb Code    24  stm32f10x_usart.o(.text)
    USART_ITConfig                           0x08001997   Thumb Code    74  stm32f10x_usart.o(.text)
    USART_DMACmd                             0x080019e1   Thumb Code    18  stm32f10x_usart.o(.text)
    USART_SetAddress                         0x080019f3   Thumb Code    18  stm32f10x_usart.o(.text)
    USART_WakeUpConfig                       0x08001a05   Thumb Code    18  stm32f10x_usart.o(.text)
    USART_ReceiverWakeUpCmd                  0x08001a17   Thumb Code    24  stm32f10x_usart.o(.text)
    USART_LINBreakDetectLengthConfig         0x08001a2f   Thumb Code    18  stm32f10x_usart.o(.text)
    USART_LINCmd                             0x08001a41   Thumb Code    24  stm32f10x_usart.o(.text)
    USART_SendData                           0x08001a59   Thumb Code     8  stm32f10x_usart.o(.text)
    USART_ReceiveData                        0x08001a61   Thumb Code    10  stm32f10x_usart.o(.text)
    USART_SendBreak                          0x08001a6b   Thumb Code    10  stm32f10x_usart.o(.text)
    USART_SetGuardTime                       0x08001a75   Thumb Code    16  stm32f10x_usart.o(.text)
    USART_SetPrescaler                       0x08001a85   Thumb Code    16  stm32f10x_usart.o(.text)
    USART_SmartCardCmd                       0x08001a95   Thumb Code    24  stm32f10x_usart.o(.text)
    USART_SmartCardNACKCmd                   0x08001aad   Thumb Code    24  stm32f10x_usart.o(.text)
    USART_HalfDuplexCmd                      0x08001ac5   Thumb Code    24  stm32f10x_usart.o(.text)
    USART_OverSampling8Cmd                   0x08001add   Thumb Code    22  stm32f10x_usart.o(.text)
    USART_OneBitMethodCmd                    0x08001af3   Thumb Code    24  stm32f10x_usart.o(.text)
    USART_IrDAConfig                         0x08001b0b   Thumb Code    18  stm32f10x_usart.o(.text)
    USART_IrDACmd                            0x08001b1d   Thumb Code    24  stm32f10x_usart.o(.text)
    USART_GetFlagStatus                      0x08001b35   Thumb Code    26  stm32f10x_usart.o(.text)
    USART_ClearFlag                          0x08001b4f   Thumb Code    18  stm32f10x_usart.o(.text)
    USART_GetITStatus                        0x08001b61   Thumb Code    84  stm32f10x_usart.o(.text)
    USART_ClearITPendingBit                  0x08001bb5   Thumb Code    52  stm32f10x_usart.o(.text)
    EXTI_DeInit                              0x08001be9   Thumb Code    28  stm32f10x_exti.o(.text)
    EXTI_Init                                0x08001c05   Thumb Code   142  stm32f10x_exti.o(.text)
    EXTI_StructInit                          0x08001c93   Thumb Code    16  stm32f10x_exti.o(.text)
    EXTI_GenerateSWInterrupt                 0x08001ca3   Thumb Code    16  stm32f10x_exti.o(.text)
    EXTI_GetFlagStatus                       0x08001cb3   Thumb Code    22  stm32f10x_exti.o(.text)
    EXTI_ClearFlag                           0x08001cc9   Thumb Code     8  stm32f10x_exti.o(.text)
    EXTI_GetITStatus                         0x08001cd1   Thumb Code    34  stm32f10x_exti.o(.text)
    EXTI_ClearITPendingBit                   0x08001cf3   Thumb Code     8  stm32f10x_exti.o(.text)
    CAN_DeInit                               0x08001d05   Thumb Code    50  stm32f10x_can.o(.text)
    CAN_Init                                 0x08001d37   Thumb Code   276  stm32f10x_can.o(.text)
    CAN_FilterInit                           0x08001e4b   Thumb Code   258  stm32f10x_can.o(.text)
    CAN_StructInit                           0x08001f4d   Thumb Code    32  stm32f10x_can.o(.text)
    CAN_SlaveStartBank                       0x08001f6d   Thumb Code    48  stm32f10x_can.o(.text)
    CAN_DBGFreeze                            0x08001f9d   Thumb Code    22  stm32f10x_can.o(.text)
    CAN_TTComModeCmd                         0x08001fb3   Thumb Code   118  stm32f10x_can.o(.text)
    CAN_Transmit                             0x08002029   Thumb Code   304  stm32f10x_can.o(.text)
    CAN_TransmitStatus                       0x08002159   Thumb Code   138  stm32f10x_can.o(.text)
    CAN_CancelTransmit                       0x080021e3   Thumb Code    48  stm32f10x_can.o(.text)
    CAN_Receive                              0x08002213   Thumb Code   240  stm32f10x_can.o(.text)
    CAN_FIFORelease                          0x08002303   Thumb Code    22  stm32f10x_can.o(.text)
    CAN_MessagePending                       0x08002319   Thumb Code    30  stm32f10x_can.o(.text)
    CAN_OperatingModeRequest                 0x08002337   Thumb Code   162  stm32f10x_can.o(.text)
    CAN_Sleep                                0x080023d9   Thumb Code    30  stm32f10x_can.o(.text)
    CAN_WakeUp                               0x080023f7   Thumb Code    48  stm32f10x_can.o(.text)
    CAN_GetLastErrorCode                     0x08002427   Thumb Code    12  stm32f10x_can.o(.text)
    CAN_GetReceiveErrorCounter               0x08002433   Thumb Code    10  stm32f10x_can.o(.text)
    CAN_GetLSBTransmitErrorCounter           0x0800243d   Thumb Code    12  stm32f10x_can.o(.text)
    CAN_ITConfig                             0x08002449   Thumb Code    18  stm32f10x_can.o(.text)
    CAN_GetFlagStatus                        0x0800245b   Thumb Code   120  stm32f10x_can.o(.text)
    CAN_ClearFlag                            0x080024d3   Thumb Code    52  stm32f10x_can.o(.text)
    CAN_GetITStatus                          0x08002519   Thumb Code   310  stm32f10x_can.o(.text)
    CAN_ClearITPendingBit                    0x0800264f   Thumb Code   162  stm32f10x_can.o(.text)
    TIM_DeInit                               0x080026f5   Thumb Code   424  stm32f10x_tim.o(.text)
    TIM_TimeBaseInit                         0x0800289d   Thumb Code   122  stm32f10x_tim.o(.text)
    TIM_OC1Init                              0x08002917   Thumb Code   132  stm32f10x_tim.o(.text)
    TIM_OC2Init                              0x0800299b   Thumb Code   154  stm32f10x_tim.o(.text)
    TIM_OC3Init                              0x08002a35   Thumb Code   150  stm32f10x_tim.o(.text)
    TIM_OC4Init                              0x08002acb   Thumb Code   182  stm32f10x_tim.o(.text)
    TIM_SetIC4Prescaler                      0x08002b81   Thumb Code    26  stm32f10x_tim.o(.text)
    TIM_SetIC3Prescaler                      0x08002c1d   Thumb Code    18  stm32f10x_tim.o(.text)
    TIM_SetIC2Prescaler                      0x08002ca9   Thumb Code    26  stm32f10x_tim.o(.text)
    TIM_SetIC1Prescaler                      0x08002d45   Thumb Code    18  stm32f10x_tim.o(.text)
    TIM_ICInit                               0x08002dc3   Thumb Code   150  stm32f10x_tim.o(.text)
    TIM_PWMIConfig                           0x08002e59   Thumb Code   124  stm32f10x_tim.o(.text)
    TIM_BDTRConfig                           0x08002ed5   Thumb Code    32  stm32f10x_tim.o(.text)
    TIM_TimeBaseStructInit                   0x08002ef5   Thumb Code    18  stm32f10x_tim.o(.text)
    TIM_OCStructInit                         0x08002f07   Thumb Code    20  stm32f10x_tim.o(.text)
    TIM_ICStructInit                         0x08002f1b   Thumb Code    18  stm32f10x_tim.o(.text)
    TIM_BDTRStructInit                       0x08002f2d   Thumb Code    40  stm32f10x_tim.o(.text)
    TIM_Cmd                                  0x08002f55   Thumb Code    24  stm32f10x_tim.o(.text)
    TIM_CtrlPWMOutputs                       0x08002f6d   Thumb Code    30  stm32f10x_tim.o(.text)
    TIM_ITConfig                             0x08002f8b   Thumb Code    18  stm32f10x_tim.o(.text)
    TIM_GenerateEvent                        0x08002f9d   Thumb Code     4  stm32f10x_tim.o(.text)
    TIM_DMAConfig                            0x08002fa1   Thumb Code    10  stm32f10x_tim.o(.text)
    TIM_DMACmd                               0x08002fab   Thumb Code    18  stm32f10x_tim.o(.text)
    TIM_InternalClockConfig                  0x08002fbd   Thumb Code    12  stm32f10x_tim.o(.text)
    TIM_SelectInputTrigger                   0x08002fc9   Thumb Code    18  stm32f10x_tim.o(.text)
    TIM_ITRxExternalClockConfig              0x08002fdb   Thumb Code    24  stm32f10x_tim.o(.text)
    TIM_TIxExternalClockConfig               0x08002ff3   Thumb Code    62  stm32f10x_tim.o(.text)
    TIM_ETRConfig                            0x08003031   Thumb Code    28  stm32f10x_tim.o(.text)
    TIM_ETRClockMode1Config                  0x0800304d   Thumb Code    54  stm32f10x_tim.o(.text)
    TIM_ETRClockMode2Config                  0x08003083   Thumb Code    32  stm32f10x_tim.o(.text)
    TIM_PrescalerConfig                      0x080030a3   Thumb Code     6  stm32f10x_tim.o(.text)
    TIM_CounterModeConfig                    0x080030a9   Thumb Code    18  stm32f10x_tim.o(.text)
    TIM_EncoderInterfaceConfig               0x080030bb   Thumb Code    66  stm32f10x_tim.o(.text)
    TIM_ForcedOC1Config                      0x080030fd   Thumb Code    18  stm32f10x_tim.o(.text)
    TIM_ForcedOC2Config                      0x0800310f   Thumb Code    26  stm32f10x_tim.o(.text)
    TIM_ForcedOC3Config                      0x08003129   Thumb Code    18  stm32f10x_tim.o(.text)
    TIM_ForcedOC4Config                      0x0800313b   Thumb Code    26  stm32f10x_tim.o(.text)
    TIM_ARRPreloadConfig                     0x08003155   Thumb Code    24  stm32f10x_tim.o(.text)
    TIM_SelectCOM                            0x0800316d   Thumb Code    24  stm32f10x_tim.o(.text)
    TIM_SelectCCDMA                          0x08003185   Thumb Code    24  stm32f10x_tim.o(.text)
    TIM_CCPreloadControl                     0x0800319d   Thumb Code    24  stm32f10x_tim.o(.text)
    TIM_OC1PreloadConfig                     0x080031b5   Thumb Code    18  stm32f10x_tim.o(.text)
    TIM_OC2PreloadConfig                     0x080031c7   Thumb Code    26  stm32f10x_tim.o(.text)
    TIM_OC3PreloadConfig                     0x080031e1   Thumb Code    18  stm32f10x_tim.o(.text)
    TIM_OC4PreloadConfig                     0x080031f3   Thumb Code    26  stm32f10x_tim.o(.text)
    TIM_OC1FastConfig                        0x0800320d   Thumb Code    18  stm32f10x_tim.o(.text)
    TIM_OC2FastConfig                        0x0800321f   Thumb Code    26  stm32f10x_tim.o(.text)
    TIM_OC3FastConfig                        0x08003239   Thumb Code    18  stm32f10x_tim.o(.text)
    TIM_OC4FastConfig                        0x0800324b   Thumb Code    26  stm32f10x_tim.o(.text)
    TIM_ClearOC1Ref                          0x08003265   Thumb Code    18  stm32f10x_tim.o(.text)
    TIM_ClearOC2Ref                          0x08003277   Thumb Code    24  stm32f10x_tim.o(.text)
    TIM_ClearOC3Ref                          0x0800328f   Thumb Code    18  stm32f10x_tim.o(.text)
    TIM_ClearOC4Ref                          0x080032a1   Thumb Code    24  stm32f10x_tim.o(.text)
    TIM_OC1PolarityConfig                    0x080032b9   Thumb Code    18  stm32f10x_tim.o(.text)
    TIM_OC1NPolarityConfig                   0x080032cb   Thumb Code    18  stm32f10x_tim.o(.text)
    TIM_OC2PolarityConfig                    0x080032dd   Thumb Code    26  stm32f10x_tim.o(.text)
    TIM_OC2NPolarityConfig                   0x080032f7   Thumb Code    26  stm32f10x_tim.o(.text)
    TIM_OC3PolarityConfig                    0x08003311   Thumb Code    26  stm32f10x_tim.o(.text)
    TIM_OC3NPolarityConfig                   0x0800332b   Thumb Code    26  stm32f10x_tim.o(.text)
    TIM_OC4PolarityConfig                    0x08003345   Thumb Code    26  stm32f10x_tim.o(.text)
    TIM_CCxCmd                               0x0800335f   Thumb Code    30  stm32f10x_tim.o(.text)
    TIM_CCxNCmd                              0x0800337d   Thumb Code    30  stm32f10x_tim.o(.text)
    TIM_SelectOCxM                           0x0800339b   Thumb Code    82  stm32f10x_tim.o(.text)
    TIM_UpdateDisableConfig                  0x080033ed   Thumb Code    24  stm32f10x_tim.o(.text)
    TIM_UpdateRequestConfig                  0x08003405   Thumb Code    24  stm32f10x_tim.o(.text)
    TIM_SelectHallSensor                     0x0800341d   Thumb Code    24  stm32f10x_tim.o(.text)
    TIM_SelectOnePulseMode                   0x08003435   Thumb Code    18  stm32f10x_tim.o(.text)
    TIM_SelectOutputTrigger                  0x08003447   Thumb Code    18  stm32f10x_tim.o(.text)
    TIM_SelectSlaveMode                      0x08003459   Thumb Code    18  stm32f10x_tim.o(.text)
    TIM_SelectMasterSlaveMode                0x0800346b   Thumb Code    18  stm32f10x_tim.o(.text)
    TIM_SetCounter                           0x0800347d   Thumb Code     4  stm32f10x_tim.o(.text)
    TIM_SetAutoreload                        0x08003481   Thumb Code     4  stm32f10x_tim.o(.text)
    TIM_SetCompare1                          0x08003485   Thumb Code     4  stm32f10x_tim.o(.text)
    TIM_SetCompare2                          0x08003489   Thumb Code     4  stm32f10x_tim.o(.text)
    TIM_SetCompare3                          0x0800348d   Thumb Code     4  stm32f10x_tim.o(.text)
    TIM_SetCompare4                          0x08003491   Thumb Code     6  stm32f10x_tim.o(.text)
    TIM_SetClockDivision                     0x08003497   Thumb Code    18  stm32f10x_tim.o(.text)
    TIM_GetCapture1                          0x080034a9   Thumb Code     6  stm32f10x_tim.o(.text)
    TIM_GetCapture2                          0x080034af   Thumb Code     6  stm32f10x_tim.o(.text)
    TIM_GetCapture3                          0x080034b5   Thumb Code     6  stm32f10x_tim.o(.text)
    TIM_GetCapture4                          0x080034bb   Thumb Code     8  stm32f10x_tim.o(.text)
    TIM_GetCounter                           0x080034c3   Thumb Code     6  stm32f10x_tim.o(.text)
    TIM_GetPrescaler                         0x080034c9   Thumb Code     6  stm32f10x_tim.o(.text)
    TIM_GetFlagStatus                        0x080034cf   Thumb Code    18  stm32f10x_tim.o(.text)
    TIM_ClearFlag                            0x080034e1   Thumb Code     6  stm32f10x_tim.o(.text)
    TIM_GetITStatus                          0x080034e7   Thumb Code    34  stm32f10x_tim.o(.text)
    TIM_ClearITPendingBit                    0x08003509   Thumb Code     6  stm32f10x_tim.o(.text)
    __use_no_semihosting                     0x0800350f   Thumb Code     2  use_no_semi_2.o(.text)
    __2printf                                0x08003511   Thumb Code    20  noretval__2printf.o(.text)
    __printf                                 0x08003529   Thumb Code   104  __printf.o(.text)
    __use_two_region_memory                  0x08003591   Thumb Code     2  heapauxi.o(.text)
    __rt_heap_escrow$2region                 0x08003593   Thumb Code     2  heapauxi.o(.text)
    __rt_heap_expand$2region                 0x08003595   Thumb Code     2  heapauxi.o(.text)
    __I$use$semihosting                      0x08003597   Thumb Code     0  use_no_semi.o(.text)
    __use_no_semihosting_swi                 0x08003597   Thumb Code     2  use_no_semi.o(.text)
    __lib_sel_fp_printf                      0x08003599   Thumb Code     2  _printf_fp_dec.o(.text)
    _printf_fp_dec_real                      0x08003747   Thumb Code   620  _printf_fp_dec.o(.text)
    _printf_char_file                        0x080039b5   Thumb Code    32  _printf_char_file.o(.text)
    __rt_locale                              0x080039d9   Thumb Code     8  rt_locale_intlibspace.o(.text)
    _ll_udiv10                               0x080039e1   Thumb Code   138  lludiv10.o(.text)
    _printf_char_common                      0x08003a77   Thumb Code    32  _printf_char_common.o(.text)
    _printf_fp_infnan                        0x08003a9d   Thumb Code   112  _printf_fp_infnan.o(.text)
    _btod_etento                             0x08003b1d   Thumb Code   216  bigflt0.o(.text)
    ferror                                   0x08003bf9   Thumb Code     8  ferror.o(.text)
    __user_libspace                          0x08003c01   Thumb Code     8  libspace.o(.text)
    __user_perproc_libspace                  0x08003c01   Thumb Code     0  libspace.o(.text)
    __user_perthread_libspace                0x08003c01   Thumb Code     0  libspace.o(.text)
    __user_setup_stackheap                   0x08003c09   Thumb Code    74  sys_stackheap_outer.o(.text)
    exit                                     0x08003c53   Thumb Code    12  exit.o(.text)
    strcmp                                   0x08003c61   Thumb Code   128  strcmpv7m.o(.text)
    _btod_d2e                                0x08003ce1   Thumb Code    62  btod.o(CL$$btod_d2e)
    _d2e_denorm_low                          0x08003d1f   Thumb Code    70  btod.o(CL$$btod_d2e_denorm_low)
    _d2e_norm_op1                            0x08003d65   Thumb Code    96  btod.o(CL$$btod_d2e_norm_op1)
    __btod_div_common                        0x08003dc5   Thumb Code   696  btod.o(CL$$btod_div_common)
    _e2e                                     0x080040fd   Thumb Code   198  btod.o(CL$$btod_e2e)
    _btod_ediv                               0x080041c3   Thumb Code    40  btod.o(CL$$btod_ediv)
    _btod_emul                               0x080041eb   Thumb Code    40  btod.o(CL$$btod_emul)
    __btod_mult_common                       0x08004213   Thumb Code   580  btod.o(CL$$btod_mult_common)
    __ARM_fpclassify                         0x08004457   Thumb Code    40  fpclassify.o(i.__ARM_fpclassify)
    _get_lc_numeric                          0x08004481   Thumb Code    44  lc_numeric_c.o(locale$$code)
    __aeabi_d2f                              0x080044ad   Thumb Code     0  d2f.o(x$fpl$d2f)
    _d2f                                     0x080044ad   Thumb Code    98  d2f.o(x$fpl$d2f)
    __aeabi_ddiv                             0x08004511   Thumb Code     0  ddiv.o(x$fpl$ddiv)
    _ddiv                                    0x08004511   Thumb Code   552  ddiv.o(x$fpl$ddiv)
    __aeabi_i2d                              0x080047c1   Thumb Code     0  dflt_clz.o(x$fpl$dflt)
    _dflt                                    0x080047c1   Thumb Code    46  dflt_clz.o(x$fpl$dflt)
    __aeabi_ui2d                             0x080047ef   Thumb Code     0  dflt_clz.o(x$fpl$dfltu)
    _dfltu                                   0x080047ef   Thumb Code    38  dflt_clz.o(x$fpl$dfltu)
    __aeabi_dmul                             0x08004815   Thumb Code     0  dmul.o(x$fpl$dmul)
    _dmul                                    0x08004815   Thumb Code   332  dmul.o(x$fpl$dmul)
    __fpl_dnaninf                            0x08004969   Thumb Code   156  dnaninf.o(x$fpl$dnaninf)
    __fpl_dretinf                            0x08004a05   Thumb Code    12  dretinf.o(x$fpl$dretinf)
    __fpl_fretinf                            0x08004a11   Thumb Code    10  fretinf.o(x$fpl$fretinf)
    _printf_fp_dec                           0x08004a1b   Thumb Code     4  printf1.o(x$fpl$printf1)
    __I$use$fp                               0x08004a1e   Number         0  usenofp.o(x$fpl$usenofp)
    Region$$Table$$Base                      0x08004ab4   Number         0  anon$$obj.o(Region$$Table)
    Region$$Table$$Limit                     0x08004ad4   Number         0  anon$$obj.o(Region$$Table)
    SystemCoreClock                          0x20000000   Data           4  system_stm32f10x.o(.data)
    AHBPrescTable                            0x20000004   Data          16  system_stm32f10x.o(.data)
    eps_can_angle                            0x20000016   Data           2  can.o(.data)
    engine_status                            0x20000018   Data           8  timer.o(.data)
    engine_speed                             0x20000020   Data           8  timer.o(.data)
    car_speed                                0x20000028   Data           8  timer.o(.data)
    ch1_duty_cycle                           0x20000030   Data           4  timer.o(.data)
    ch2_duty_cycle                           0x20000034   Data           4  timer.o(.data)
    ch1_rising_cnt                           0x20000038   Data           2  timer.o(.data)
    ch2_rising_cnt                           0x2000003a   Data           2  timer.o(.data)
    ch1_falling_cnt                          0x2000003c   Data           2  timer.o(.data)
    ch2_falling_cnt                          0x2000003e   Data           2  timer.o(.data)
    ch1_capture_mode                         0x20000040   Data           1  timer.o(.data)
    ch2_capture_mode                         0x20000041   Data           1  timer.o(.data)
    ch1_high_level_time                      0x20000042   Data           2  timer.o(.data)
    ch2_high_level_time                      0x20000044   Data           2  timer.o(.data)
    ch1_low_level_time                       0x20000046   Data           2  timer.o(.data)
    ch2_low_level_time                       0x20000048   Data           2  timer.o(.data)
    __stdout                                 0x20000050   Data           4  usart.o(.data)
    USART_RX_STA                             0x20000054   Data           2  usart.o(.data)
    usart2_angle_buf                         0x20000056   Data           4  usart.o(.data)
    TIM_OCInitStructure                      0x20000070   Data          16  timer.o(.bss)
    __libspace_start                         0x20000080   Data          96  libspace.o(.bss)
    __temporary_stack_top$libspace           0x200000e0   Data           0  libspace.o(.bss)



==============================================================================

Memory Map of the image

  Image Entry point : 0x08000131

  Load Region LR_IROM1 (Base: 0x08000000, Size: 0x00004b60, Max: 0x00080000, ABSOLUTE)

    Execution Region ER_IROM1 (Base: 0x08000000, Size: 0x00004af0, Max: 0x00080000, ABSOLUTE)

    Base Addr    Size         Type   Attr      Idx    E Section Name        Object

    0x08000000   0x00000130   Data   RO          361    RESET               startup_stm32f10x_hd.o
    0x08000130   0x00000008   Code   RO          486  * !!!main             c_w.l(__main.o)
    0x08000138   0x00000034   Code   RO          765    !!!scatter          c_w.l(__scatter.o)
    0x0800016c   0x0000001a   Code   RO          767    !!handler_copy      c_w.l(__scatter_copy.o)
    0x08000186   0x00000002   PAD
    0x08000188   0x0000001c   Code   RO          769    !!handler_zi        c_w.l(__scatter_zi.o)
    0x080001a4   0x00000000   Code   RO          483    .ARM.Collect$$_printf_percent$$00000000  c_w.l(_printf_percent.o)
    0x080001a4   0x00000006   Code   RO          482    .ARM.Collect$$_printf_percent$$00000003  c_w.l(_printf_f.o)
    0x080001aa   0x00000004   Code   RO          547    .ARM.Collect$$_printf_percent$$00000017  c_w.l(_printf_percent_end.o)
    0x080001ae   0x00000002   Code   RO          641    .ARM.Collect$$libinit$$00000000  c_w.l(libinit.o)
    0x080001b0   0x00000000   Code   RO          643    .ARM.Collect$$libinit$$00000002  c_w.l(libinit2.o)
    0x080001b0   0x00000000   Code   RO          645    .ARM.Collect$$libinit$$00000004  c_w.l(libinit2.o)
    0x080001b0   0x00000000   Code   RO          648    .ARM.Collect$$libinit$$0000000A  c_w.l(libinit2.o)
    0x080001b0   0x00000000   Code   RO          650    .ARM.Collect$$libinit$$0000000C  c_w.l(libinit2.o)
    0x080001b0   0x00000000   Code   RO          652    .ARM.Collect$$libinit$$0000000E  c_w.l(libinit2.o)
    0x080001b0   0x00000006   Code   RO          653    .ARM.Collect$$libinit$$0000000F  c_w.l(libinit2.o)
    0x080001b6   0x00000000   Code   RO          655    .ARM.Collect$$libinit$$00000011  c_w.l(libinit2.o)
    0x080001b6   0x00000000   Code   RO          657    .ARM.Collect$$libinit$$00000013  c_w.l(libinit2.o)
    0x080001b6   0x00000000   Code   RO          659    .ARM.Collect$$libinit$$00000015  c_w.l(libinit2.o)
    0x080001b6   0x0000000a   Code   RO          660    .ARM.Collect$$libinit$$00000016  c_w.l(libinit2.o)
    0x080001c0   0x00000000   Code   RO          661    .ARM.Collect$$libinit$$00000017  c_w.l(libinit2.o)
    0x080001c0   0x00000000   Code   RO          663    .ARM.Collect$$libinit$$00000019  c_w.l(libinit2.o)
    0x080001c0   0x00000000   Code   RO          665    .ARM.Collect$$libinit$$0000001B  c_w.l(libinit2.o)
    0x080001c0   0x00000000   Code   RO          667    .ARM.Collect$$libinit$$0000001D  c_w.l(libinit2.o)
    0x080001c0   0x00000000   Code   RO          669    .ARM.Collect$$libinit$$0000001F  c_w.l(libinit2.o)
    0x080001c0   0x00000000   Code   RO          671    .ARM.Collect$$libinit$$00000021  c_w.l(libinit2.o)
    0x080001c0   0x00000000   Code   RO          673    .ARM.Collect$$libinit$$00000023  c_w.l(libinit2.o)
    0x080001c0   0x00000000   Code   RO          675    .ARM.Collect$$libinit$$00000025  c_w.l(libinit2.o)
    0x080001c0   0x00000000   Code   RO          679    .ARM.Collect$$libinit$$0000002C  c_w.l(libinit2.o)
    0x080001c0   0x00000000   Code   RO          681    .ARM.Collect$$libinit$$0000002E  c_w.l(libinit2.o)
    0x080001c0   0x00000000   Code   RO          683    .ARM.Collect$$libinit$$00000030  c_w.l(libinit2.o)
    0x080001c0   0x00000000   Code   RO          685    .ARM.Collect$$libinit$$00000032  c_w.l(libinit2.o)
    0x080001c0   0x00000002   Code   RO          686    .ARM.Collect$$libinit$$00000033  c_w.l(libinit2.o)
    0x080001c2   0x00000002   Code   RO          716    .ARM.Collect$$libshutdown$$00000000  c_w.l(libshutdown.o)
    0x080001c4   0x00000000   Code   RO          726    .ARM.Collect$$libshutdown$$00000003  c_w.l(libshutdown2.o)
    0x080001c4   0x00000000   Code   RO          729    .ARM.Collect$$libshutdown$$00000006  c_w.l(libshutdown2.o)
    0x080001c4   0x00000000   Code   RO          732    .ARM.Collect$$libshutdown$$00000009  c_w.l(libshutdown2.o)
    0x080001c4   0x00000000   Code   RO          734    .ARM.Collect$$libshutdown$$0000000B  c_w.l(libshutdown2.o)
    0x080001c4   0x00000000   Code   RO          737    .ARM.Collect$$libshutdown$$0000000E  c_w.l(libshutdown2.o)
    0x080001c4   0x00000002   Code   RO          738    .ARM.Collect$$libshutdown$$0000000F  c_w.l(libshutdown2.o)
    0x080001c6   0x00000000   Code   RO          542    .ARM.Collect$$rtentry$$00000000  c_w.l(__rtentry.o)
    0x080001c6   0x00000000   Code   RO          562    .ARM.Collect$$rtentry$$00000002  c_w.l(__rtentry2.o)
    0x080001c6   0x00000006   Code   RO          574    .ARM.Collect$$rtentry$$00000004  c_w.l(__rtentry4.o)
    0x080001cc   0x00000000   Code   RO          564    .ARM.Collect$$rtentry$$00000009  c_w.l(__rtentry2.o)
    0x080001cc   0x00000004   Code   RO          565    .ARM.Collect$$rtentry$$0000000A  c_w.l(__rtentry2.o)
    0x080001d0   0x00000000   Code   RO          567    .ARM.Collect$$rtentry$$0000000C  c_w.l(__rtentry2.o)
    0x080001d0   0x00000008   Code   RO          568    .ARM.Collect$$rtentry$$0000000D  c_w.l(__rtentry2.o)
    0x080001d8   0x00000002   Code   RO          689    .ARM.Collect$$rtexit$$00000000  c_w.l(rtexit.o)
    0x080001da   0x00000000   Code   RO          696    .ARM.Collect$$rtexit$$00000002  c_w.l(rtexit2.o)
    0x080001da   0x00000004   Code   RO          697    .ARM.Collect$$rtexit$$00000003  c_w.l(rtexit2.o)
    0x080001de   0x00000006   Code   RO          698    .ARM.Collect$$rtexit$$00000004  c_w.l(rtexit2.o)
    0x080001e4   0x000000b8   Code   RO            1    .text               main.o
    0x0800029c   0x0000001a   Code   RO          134    .text               stm32f10x_it.o
    0x080002b6   0x00000002   PAD
    0x080002b8   0x000001e0   Code   RO          175    .text               system_stm32f10x.o
    0x08000498   0x0000004c   Code   RO          193    .text               led.o
    0x080004e4   0x000000d8   Code   RO          205    .text               key.o
    0x080005bc   0x00000038   Code   RO          218    .text               beep.o
    0x080005f4   0x00000188   Code   RO          230    .text               exti.o
    0x0800077c   0x000001d4   Code   RO          264    .text               can.o
    0x08000950   0x00000434   Code   RO          279    .text               timer.o
    0x08000d84   0x000000d4   Code   RO          295    .text               delay.o
    0x08000e58   0x0000016c   Code   RO          326    .text               usart.o
    0x08000fc4   0x00000040   Code   RO          362    .text               startup_stm32f10x_hd.o
    0x08001004   0x000000dc   Code   RO          366    .text               misc.o
    0x080010e0   0x0000035c   Code   RO          378    .text               stm32f10x_gpio.o
    0x0800143c   0x000003a4   Code   RO          390    .text               stm32f10x_rcc.o
    0x080017e0   0x00000408   Code   RO          404    .text               stm32f10x_usart.o
    0x08001be8   0x0000011c   Code   RO          416    .text               stm32f10x_exti.o
    0x08001d04   0x000009f0   Code   RO          428    .text               stm32f10x_can.o
    0x080026f4   0x00000e1a   Code   RO          440    .text               stm32f10x_tim.o
    0x0800350e   0x00000002   Code   RO          454    .text               c_w.l(use_no_semi_2.o)
    0x08003510   0x00000018   Code   RO          458    .text               c_w.l(noretval__2printf.o)
    0x08003528   0x00000068   Code   RO          460    .text               c_w.l(__printf.o)
    0x08003590   0x00000006   Code   RO          484    .text               c_w.l(heapauxi.o)
    0x08003596   0x00000002   Code   RO          540    .text               c_w.l(use_no_semi.o)
    0x08003598   0x0000041a   Code   RO          543    .text               c_w.l(_printf_fp_dec.o)
    0x080039b2   0x00000002   PAD
    0x080039b4   0x00000024   Code   RO          545    .text               c_w.l(_printf_char_file.o)
    0x080039d8   0x00000008   Code   RO          579    .text               c_w.l(rt_locale_intlibspace.o)
    0x080039e0   0x0000008a   Code   RO          581    .text               c_w.l(lludiv10.o)
    0x08003a6a   0x00000002   PAD
    0x08003a6c   0x00000030   Code   RO          583    .text               c_w.l(_printf_char_common.o)
    0x08003a9c   0x00000080   Code   RO          585    .text               c_w.l(_printf_fp_infnan.o)
    0x08003b1c   0x000000dc   Code   RO          587    .text               c_w.l(bigflt0.o)
    0x08003bf8   0x00000008   Code   RO          612    .text               c_w.l(ferror.o)
    0x08003c00   0x00000008   Code   RO          625    .text               c_w.l(libspace.o)
    0x08003c08   0x0000004a   Code   RO          628    .text               c_w.l(sys_stackheap_outer.o)
    0x08003c52   0x0000000c   Code   RO          632    .text               c_w.l(exit.o)
    0x08003c5e   0x00000002   PAD
    0x08003c60   0x00000080   Code   RO          634    .text               c_w.l(strcmpv7m.o)
    0x08003ce0   0x0000003e   Code   RO          590    CL$$btod_d2e        c_w.l(btod.o)
    0x08003d1e   0x00000046   Code   RO          592    CL$$btod_d2e_denorm_low  c_w.l(btod.o)
    0x08003d64   0x00000060   Code   RO          591    CL$$btod_d2e_norm_op1  c_w.l(btod.o)
    0x08003dc4   0x00000338   Code   RO          600    CL$$btod_div_common  c_w.l(btod.o)
    0x080040fc   0x000000c6   Code   RO          597    CL$$btod_e2e        c_w.l(btod.o)
    0x080041c2   0x00000028   Code   RO          594    CL$$btod_ediv       c_w.l(btod.o)
    0x080041ea   0x00000028   Code   RO          593    CL$$btod_emul       c_w.l(btod.o)
    0x08004212   0x00000244   Code   RO          599    CL$$btod_mult_common  c_w.l(btod.o)
    0x08004456   0x00000028   Code   RO          623    i.__ARM_fpclassify  m_ws.l(fpclassify.o)
    0x0800447e   0x00000002   PAD
    0x08004480   0x0000002c   Code   RO          617    locale$$code        c_w.l(lc_numeric_c.o)
    0x080044ac   0x00000062   Code   RO          488    x$fpl$d2f           fz_ws.l(d2f.o)
    0x0800450e   0x00000002   PAD
    0x08004510   0x000002b0   Code   RO          497    x$fpl$ddiv          fz_ws.l(ddiv.o)
    0x080047c0   0x0000002e   Code   RO          505    x$fpl$dflt          fz_ws.l(dflt_clz.o)
    0x080047ee   0x00000026   Code   RO          504    x$fpl$dfltu         fz_ws.l(dflt_clz.o)
    0x08004814   0x00000154   Code   RO          510    x$fpl$dmul          fz_ws.l(dmul.o)
    0x08004968   0x0000009c   Code   RO          548    x$fpl$dnaninf       fz_ws.l(dnaninf.o)
    0x08004a04   0x0000000c   Code   RO          550    x$fpl$dretinf       fz_ws.l(dretinf.o)
    0x08004a10   0x0000000a   Code   RO          558    x$fpl$fretinf       fz_ws.l(fretinf.o)
    0x08004a1a   0x00000004   Code   RO          530    x$fpl$printf1       fz_ws.l(printf1.o)
    0x08004a1e   0x00000000   Code   RO          560    x$fpl$usenofp       fz_ws.l(usenofp.o)
    0x08004a1e   0x00000002   PAD
    0x08004a20   0x00000094   Data   RO          588    .constdata          c_w.l(bigflt0.o)
    0x08004ab4   0x00000020   Data   RO          763    Region$$Table       anon$$obj.o
    0x08004ad4   0x0000001c   Data   RO          616    locale$$data        c_w.l(lc_numeric_c.o)


    Execution Region RW_IRAM1 (Base: 0x20000000, Size: 0x000006e0, Max: 0x00010000, ABSOLUTE)

    Base Addr    Size         Type   Attr      Idx    E Section Name        Object

    0x20000000   0x00000014   Data   RW          176    .data               system_stm32f10x.o
    0x20000014   0x00000001   Data   RW          206    .data               key.o
    0x20000015   0x00000001   PAD
    0x20000016   0x00000002   Data   RW          265    .data               can.o
    0x20000018   0x00000034   Data   RW          281    .data               timer.o
    0x2000004c   0x00000004   Data   RW          296    .data               delay.o
    0x20000050   0x0000000b   Data   RW          328    .data               usart.o
    0x2000005b   0x00000014   Data   RW          391    .data               stm32f10x_rcc.o
    0x2000006f   0x00000001   PAD
    0x20000070   0x00000010   Zero   RW          280    .bss                timer.o
    0x20000080   0x00000060   Zero   RW          626    .bss                c_w.l(libspace.o)
    0x200000e0   0x00000200   Zero   RW          360    HEAP                startup_stm32f10x_hd.o
    0x200002e0   0x00000400   Zero   RW          359    STACK               startup_stm32f10x_hd.o


==============================================================================

Image component sizes


      Code (inc. data)   RO Data    RW Data    ZI Data      Debug   Object Name

        56          6          0          0          0        452   beep.o
       468         12          0          2          0       2484   can.o
       212         18          0          4          0        951   delay.o
       392         22          0          0          0       1044   exti.o
       216         14          0          1          0        772   key.o
        76          8          0          0          0        463   led.o
       184         44          0          0          0     263419   main.o
       220         22          0          0          0       1729   misc.o
        64         26        304          0       1536        768   startup_stm32f10x_hd.o
      2544         38          0          0          0       7780   stm32f10x_can.o
       284         10          0          0          0       2159   stm32f10x_exti.o
       860         38          0          0          0       5573   stm32f10x_gpio.o
        26          0          0          0          0       1146   stm32f10x_it.o
       932         36          0         20          0       8708   stm32f10x_rcc.o
      3610         88          0          0          0      22056   stm32f10x_tim.o
      1032         22          0          0          0       8300   stm32f10x_usart.o
         0          0          0          0          0         32   sys.o
       480         38          0         20          0       1635   system_stm32f10x.o
      1076         90          0         52         16       3199   timer.o
       364         22          0         11          0       3217   usart.o

    ----------------------------------------------------------------------
     13098        554        336        112       1552     335887   Object Totals
         0          0         32          0          0          0   (incl. Generated)
         2          0          0          2          0          0   (incl. Padding)

    ----------------------------------------------------------------------

      Code (inc. data)   RO Data    RW Data    ZI Data      Debug   Library Member Name

         8          0          0          0          0         68   __main.o
       104          0          0          0          0         84   __printf.o
         0          0          0          0          0          0   __rtentry.o
        12          0          0          0          0          0   __rtentry2.o
         6          0          0          0          0          0   __rtentry4.o
        52          8          0          0          0          0   __scatter.o
        26          0          0          0          0          0   __scatter_copy.o
        28          0          0          0          0          0   __scatter_zi.o
        48          6          0          0          0         96   _printf_char_common.o
        36          4          0          0          0         80   _printf_char_file.o
         6          0          0          0          0          0   _printf_f.o
      1050          0          0          0          0        216   _printf_fp_dec.o
       128         16          0          0          0         84   _printf_fp_infnan.o
         0          0          0          0          0          0   _printf_percent.o
         4          0          0          0          0          0   _printf_percent_end.o
       220          4        148          0          0         96   bigflt0.o
      1910        128          0          0          0        672   btod.o
        12          0          0          0          0         72   exit.o
         8          0          0          0          0         68   ferror.o
         6          0          0          0          0        152   heapauxi.o
        44         10         28          0          0         76   lc_numeric_c.o
         2          0          0          0          0          0   libinit.o
        18          0          0          0          0          0   libinit2.o
         2          0          0          0          0          0   libshutdown.o
         2          0          0          0          0          0   libshutdown2.o
         8          4          0          0         96         68   libspace.o
       138          0          0          0          0         80   lludiv10.o
        24          4          0          0          0         84   noretval__2printf.o
         8          4          0          0          0         68   rt_locale_intlibspace.o
         2          0          0          0          0          0   rtexit.o
        10          0          0          0          0          0   rtexit2.o
       128          0          0          0          0         68   strcmpv7m.o
        74          0          0          0          0         80   sys_stackheap_outer.o
         2          0          0          0          0         68   use_no_semi.o
         2          0          0          0          0         68   use_no_semi_2.o
        98          4          0          0          0         92   d2f.o
       688        140          0          0          0        208   ddiv.o
        84          0          0          0          0        136   dflt_clz.o
       340         12          0          0          0        104   dmul.o
       156          4          0          0          0         92   dnaninf.o
        12          0          0          0          0         68   dretinf.o
        10          0          0          0          0         68   fretinf.o
         4          0          0          0          0         68   printf1.o
         0          0          0          0          0          0   usenofp.o
        40          0          0          0          0         68   fpclassify.o

    ----------------------------------------------------------------------
      5574        348        176          0         96       3252   Library Totals
        14          0          0          0          0          0   (incl. Padding)

    ----------------------------------------------------------------------

      Code (inc. data)   RO Data    RW Data    ZI Data      Debug   Library Name

      4128        188        176          0         96       2348   c_w.l
      1392        160          0          0          0        836   fz_ws.l
        40          0          0          0          0         68   m_ws.l

    ----------------------------------------------------------------------
      5574        348        176          0         96       3252   Library Totals

    ----------------------------------------------------------------------

==============================================================================


      Code (inc. data)   RO Data    RW Data    ZI Data      Debug   

     18672        902        512        112       1648     335911   Grand Totals
     18672        902        512        112       1648     335911   ELF Image Totals
     18672        902        512        112          0          0   ROM Totals

==============================================================================

    Total RO  Size (Code + RO Data)                19184 (  18.73kB)
    Total RW  Size (RW Data + ZI Data)              1760 (   1.72kB)
    Total ROM Size (Code + RO Data + RW Data)      19296 (  18.84kB)

==============================================================================

